08-02 00:48:56.396  1135  1183 E FileLog : java.io.FileNotFoundException: /data/user/0/com.google.android.apps.nexuslauncher/files/log-2: open failed: ENOENT (No such file or directory)
08-02 00:48:56.396  1135  1183 E FileLog : 	at libcore.io.IoBridge.open(IoBridge.java:574)
08-02 00:48:56.396  1135  1183 E FileLog : 	at java.io.FileOutputStream.<init>(FileOutputStream.java:259)
08-02 00:48:56.396  1135  1183 E FileLog : 	at java.io.FileWriter.<init>(FileWriter.java:113)
08-02 00:48:56.396  1135  1183 E FileLog : 	at com.android.launcher3.logging.FileLog$LogWriterCallback.handleMessage(go/retraceme ee19ec8c009da7af1d458e7d1683a6f5bf3b93b44f6674aa108e1a3e78584fe0:168)
08-02 00:48:56.396  1135  1183 E FileLog : 	at android.os.Handler.dispatchMessage(Handler.java:106)
08-02 00:48:56.396  1135  1183 E FileLog : 	at android.os.Looper.loopOnce(Looper.java:248)
08-02 00:48:56.396  1135  1183 E FileLog : 	at android.os.Looper.loop(Looper.java:338)
08-02 00:48:56.396  1135  1183 E FileLog : 	at android.os.HandlerThread.run(HandlerThread.java:85)
08-02 00:48:56.396  1135  1183 E FileLog : Caused by: android.system.ErrnoException: open failed: ENOENT (No such file or directory)
08-02 00:48:56.396  1135  1183 E FileLog : 	at libcore.io.Linux.open(Native Method)
08-02 00:48:56.396  1135  1183 E FileLog : 	at libcore.io.ForwardingOs.open(ForwardingOs.java:568)
08-02 00:48:56.396  1135  1183 E FileLog : 	at libcore.io.BlockGuardOs.open(BlockGuardOs.java:274)
08-02 00:48:56.396  1135  1183 E FileLog : 	at libcore.io.ForwardingOs.open(ForwardingOs.java:568)
08-02 00:48:56.396  1135  1183 E FileLog : 	at android.app.ActivityThread$AndroidOs.open(ActivityThread.java:8953)
08-02 00:48:56.396  1135  1183 E FileLog : 	at libcore.io.IoBridge.open(IoBridge.java:560)
08-02 00:48:56.396  1135  1183 E FileLog : 	... 7 more
08-02 00:48:56.510  1135  1190 E ViewRootImpl: SensitiveContentProtectionService shouldn't be null
08-02 00:48:56.683   680   680 E AppOps  : package com.android.server.telecom.callsequencing.voip not found, can't check for attributionTag null
08-02 00:48:56.683   680   680 E AppOps  : Bad call made by uid 1000. Package "com.android.server.telecom.callsequencing.voip" does not belong to uid 1000.
08-02 00:48:56.683   680   680 E AppOps  : Cannot noteOperation: non-application UID 1000
08-02 00:48:56.700   680   680 E ContentCapturePerUserService: Bad service name: com.google.android.as/com.google.android.apps.miphone.aiai.app.AiAiContentCaptureService
08-02 00:48:56.700   680   680 E ContentCapturePerUserService: Bad service name: com.google.android.as/com.google.android.apps.miphone.aiai.app.AiAiContentCaptureService
08-02 00:48:56.700   680   680 E ContentCapturePerUserService: Bad service name: com.google.android.as/com.google.android.apps.miphone.aiai.app.AiAiContentCaptureService
08-02 00:48:56.701   680   680 E ContentSuggestionsPerUserService: Bad service name: com.google.android.as/com.google.android.apps.miphone.aiai.app.AiAiContentSuggestionsService
08-02 00:48:56.701   680   680 E AutofillManagerServiceImpl: Bad service name: com.google.android.gms/.autofill.service.AutofillService
08-02 00:48:56.701   680   680 E RemoteAugmentedAutofillService: Bad service name for flags 1048704: com.google.android.as/com.google.android.apps.miphone.aiai.app.AiAiAugmentedAutofillService
08-02 00:48:56.729  1068  1068 E SystemServiceRegistry: No service published for: ethernet
08-02 00:48:56.729  1068  1068 E SystemServiceRegistry: android.os.ServiceManager$ServiceNotFoundException: No service published for: ethernet
08-02 00:48:56.729  1068  1068 E SystemServiceRegistry: 	at android.os.ServiceManager.getServiceOrThrow(ServiceManager.java:203)
08-02 00:48:56.729  1068  1068 E SystemServiceRegistry: 	at android.app.SystemServiceRegistry$149.createService(SystemServiceRegistry.java:2232)
08-02 00:48:56.729  1068  1068 E SystemServiceRegistry: 	at android.app.SystemServiceRegistry$CachedServiceFetcher.getService(SystemServiceRegistry.java:2343)
08-02 00:48:56.729  1068  1068 E SystemServiceRegistry: 	at android.app.SystemServiceRegistry.getSystemService(SystemServiceRegistry.java:1918)
08-02 00:48:56.729  1068  1068 E SystemServiceRegistry: 	at android.app.ContextImpl.getSystemService(ContextImpl.java:2315)
08-02 00:48:56.729  1068  1068 E SystemServiceRegistry: 	at android.content.ContextWrapper.getSystemService(ContextWrapper.java:964)
08-02 00:48:56.729  1068  1068 E SystemServiceRegistry: 	at com.android.networkstack.tethering.Tethering.isEthernetSupported(Tethering.java:1862)
08-02 00:48:56.729  1068  1068 E SystemServiceRegistry: 	at com.android.networkstack.tethering.Tethering.makeSupportedDownstreams(Tethering.java:2843)
08-02 00:48:56.729  1068  1068 E SystemServiceRegistry: 	at com.android.networkstack.tethering.Tethering.updateSupportedDownstreams(Tethering.java:2817)
08-02 00:48:56.729  1068  1068 E SystemServiceRegistry: 	at com.android.networkstack.tethering.Tethering.updateConfiguration(Tethering.java:564)
08-02 00:48:56.729  1068  1068 E SystemServiceRegistry: 	at com.android.networkstack.tethering.Tethering.<init>(Tethering.java:374)
08-02 00:48:56.729  1068  1068 E SystemServiceRegistry: 	at com.android.networkstack.tethering.TetheringService.makeTethering(TetheringService.java:95)
08-02 00:48:56.729  1068  1068 E SystemServiceRegistry: 	at com.android.networkstack.tethering.TetheringService.onCreate(TetheringService.java:84)
08-02 00:48:56.729  1068  1068 E SystemServiceRegistry: 	at android.app.ActivityThread.handleCreateService(ActivityThread.java:5282)
08-02 00:48:56.729  1068  1068 E SystemServiceRegistry: 	at android.app.ActivityThread.-$$Nest$mhandleCreateService(Unknown Source:0)
08-02 00:48:56.729  1068  1068 E SystemServiceRegistry: 	at android.app.ActivityThread$H.handleMessage(ActivityThread.java:2597)
08-02 00:48:56.729  1068  1068 E SystemServiceRegistry: 	at android.os.Handler.dispatchMessage(Handler.java:110)
08-02 00:48:56.729  1068  1068 E SystemServiceRegistry: 	at android.os.Looper.loopOnce(Looper.java:248)
08-02 00:48:56.729  1068  1068 E SystemServiceRegistry: 	at android.os.Looper.loop(Looper.java:338)
08-02 00:48:56.729  1068  1068 E SystemServiceRegistry: 	at android.app.ActivityThread.main(ActivityThread.java:9067)
08-02 00:48:56.729  1068  1068 E SystemServiceRegistry: 	at java.lang.reflect.Method.invoke(Native Method)
08-02 00:48:56.729  1068  1068 E SystemServiceRegistry: 	at com.android.internal.os.RuntimeInit$MethodAndArgsCaller.run(RuntimeInit.java:593)
08-02 00:48:56.729  1068  1068 E SystemServiceRegistry: 	at com.android.internal.os.ZygoteInit.main(ZygoteInit.java:932)
08-02 00:48:56.756  1121  1121 E ashmem  : Pinning is deprecated since Android Q. Please use trim or other methods.
08-02 00:48:56.793  1212  1212 E ndroid.settings: Not starting debugger since process cannot load the jdwp agent.
08-02 00:48:56.877   955   955 E EdgeBackGestureHandler: No resource found for gesture-blocking activities
08-02 00:48:56.946  1121  1121 E CarrierIdProvider: read carrier list from ota pb failure: java.io.FileNotFoundException: /data/misc/carrierid/carrier_list.pb: open failed: ENOENT (No such file or directory)
08-02 00:48:57.019  1082  1082 E ashmem  : Pinning is deprecated since Android Q. Please use trim or other methods.
08-02 00:48:57.363  1212  1212 E ashmem  : Pinning is deprecated since Android Q. Please use trim or other methods.
08-02 00:48:57.464  1250  1250 E .gms.persistent: Not starting debugger since process cannot load the jdwp agent.
08-02 00:48:57.532   955   955 E DSRotLockSettingsMngr: No matching device state for posture: 0
08-02 00:48:57.533   955   955 E DSRotLockSettingsMngr: No matching device state for posture: 2
08-02 00:48:57.534   955   955 E DSRotLockSettingsMngr: No matching device state for posture: 1
08-02 00:48:57.594  1082  1270 E bluetooth: system/gd/hal/socket_hal_android.cc:93 Start: The service android.hardware.bluetooth.socket.IBluetoothSocket/default is not declared
08-02 00:48:57.604   453   453 E android.hardware.bluetooth.service.default: unable to open /dev/rfkill: Permission denied
08-02 00:48:57.604   453   453 E android.hardware.bluetooth.service.default: rfkill unavailable
08-02 00:48:57.632  1121  1121 E SatelliteController: SatelliteController was not yet initialized.
08-02 00:48:58.195   955  1280 E MediaCodec: Media Quality Service not found.
08-02 00:48:58.221   955  1284 E ndroid.systemui: Failed to query component interface for required system resources: 6
08-02 00:48:58.237   590   643 E Codec2-ComponentInterface: We have a failed config
08-02 00:48:58.392   955  1280 E MediaCodec: Media Quality Service not found.
08-02 00:48:58.399   955  1307 E ndroid.systemui: Failed to query component interface for required system resources: 6
08-02 00:48:58.404  1082  1082 E AvrcpTargetService: Please use AVRCP version 1.6 to enable cover art
08-02 00:48:58.414   590   664 E Codec2-ComponentInterface: We have a failed config
08-02 00:48:58.480   955   955 E LauncherProxyService: Failed to get launcher proxy for disable flags.
08-02 00:48:58.484  1082  1082 E BluetoothHeadsetServiceJni: android/app/jni/com_android_bluetooth_hfp.cpp:973 enableSwbNative: Failed to disable
08-02 00:48:58.533   955  1280 E MediaCodec: Media Quality Service not found.
08-02 00:48:58.534   955  1323 E ndroid.systemui: Failed to query component interface for required system resources: 6
08-02 00:48:58.536   590   646 E Codec2-ComponentInterface: We have a failed config
08-02 00:48:58.565   955   955 E ViewRootImpl: SensitiveContentProtectionService shouldn't be null
08-02 00:48:58.667  1121  1121 E SmsApplication: com.google.android.apps.messaging lost android:read_cell_broadcasts:  (fixing)
08-02 00:48:58.713   955   955 E LauncherProxyService: Failed to get launcher proxy for disable flags.
08-02 00:48:58.843   955   955 E ViewRootImpl: SensitiveContentProtectionService shouldn't be null
08-02 00:48:58.862   955   955 E ViewRootImpl: SensitiveContentProtectionService shouldn't be null
08-02 00:48:58.879   680   933 E WindowManager: Display reconfigured outside of a transition: Display{#0 state=ON size=1080x2400 ROTATION_0}
08-02 00:48:58.975   680   799 E BluetoothAdapter: Failed to retrieve a binder for A2DP_SINK
08-02 00:48:58.978   680   799 E BluetoothAdapter: Failed to retrieve a binder for LE_AUDIO_BROADCAST
08-02 00:48:58.980   680   799 E BluetoothAdapter: Failed to retrieve a binder for LE_AUDIO
08-02 00:48:58.981   680   799 E BluetoothAdapter: Failed to retrieve a binder for LE_AUDIO
08-02 00:48:58.981   680   799 E BluetoothAdapter: Failed to retrieve a binder for LE_AUDIO
08-02 00:48:59.050  1121  1121 E SatelliteModemInterface: Unable to bind to the satellite service because the package is undefined.
08-02 00:48:59.064  1121  1121 E SessionMetricsStats: create new SessionMetricsStats.
08-02 00:48:59.066  1082  1082 E BrowsedPlayerWrapper: BrowserSubscriptionCallback: Could not get folder items
08-02 00:48:59.071  1121  1121 E SatelliteController: registerForSatelliteCommunicationAccessStateChanged: SatelliteManager is null
08-02 00:48:59.129  1121  1121 E AccessControllerMetricsStats: create new AccessControllerMetricsStats.
08-02 00:48:59.134  1121  1121 E SatelliteAccessController: loadConfigUpdaterConfigs: satelliteConfigVersion is invalid: 0
08-02 00:48:59.185  1121  1345 E SatelliteModemInterface: requestIsSatelliteEnabledForCarrier: Satellite service is unavailable.
08-02 00:48:59.185  1121  1345 E SatelliteController: EVENT_GET_SATELLITE_ENABLED_FOR_CARRIER_DONE: result is null
08-02 00:48:59.194   955   955 E LauncherProxyService: Failed to get launcher proxy for disable flags.
08-02 00:48:59.300   955   955 E BatteryInfoBroadcast: failed to register observer for remaining time
08-02 00:48:59.300   955   955 E BatteryInfoBroadcast: java.lang.SecurityException: Failed to find provider com.google.android.apps.turbo.estimated_time_remaining for user 0; expected to find a valid ContentProvider for this authority
08-02 00:48:59.300   955   955 E BatteryInfoBroadcast: 	at android.os.Parcel.createExceptionOrNull(Parcel.java:3340)
08-02 00:48:59.300   955   955 E BatteryInfoBroadcast: 	at android.os.Parcel.createException(Parcel.java:3324)
08-02 00:48:59.300   955   955 E BatteryInfoBroadcast: 	at android.os.Parcel.readException(Parcel.java:3307)
08-02 00:48:59.300   955   955 E BatteryInfoBroadcast: 	at android.os.Parcel.readException(Parcel.java:3249)
08-02 00:48:59.300   955   955 E BatteryInfoBroadcast: 	at android.content.IContentService$Stub$Proxy.registerContentObserver(IContentService.java:1044)
08-02 00:48:59.300   955   955 E BatteryInfoBroadcast: 	at android.content.ContentResolver.registerContentObserver(ContentResolver.java:2730)
08-02 00:48:59.300   955   955 E BatteryInfoBroadcast: 	at com.google.android.systemui.power.BatteryInfoBroadcast.registerObserver(go/retraceme 316c53c62461507ee9b40f0e6e2156db24503126c549859fa5c1f90453cee85b:9)
08-02 00:48:59.300   955   955 E BatteryInfoBroadcast: 	at com.google.android.systemui.power.BatteryInfoBroadcast.<init>(go/retraceme 316c53c62461507ee9b40f0e6e2156db24503126c549859fa5c1f90453cee85b:160)
08-02 00:48:59.300   955   955 E BatteryInfoBroadcast: 	at com.google.android.systemui.power.PowerNotificationWarningsGoogleImpl$$ExternalSyntheticLambda0.run(go/retraceme 316c53c62461507ee9b40f0e6e2156db24503126c549859fa5c1f90453cee85b:19)
08-02 00:48:59.300   955   955 E BatteryInfoBroadcast: 	at android.os.Handler.handleCallback(Handler.java:995)
08-02 00:48:59.300   955   955 E BatteryInfoBroadcast: 	at android.os.Handler.dispatchMessage(Handler.java:103)
08-02 00:48:59.300   955   955 E BatteryInfoBroadcast: 	at android.os.Looper.loopOnce(Looper.java:248)
08-02 00:48:59.300   955   955 E BatteryInfoBroadcast: 	at android.os.Looper.loop(Looper.java:338)
08-02 00:48:59.300   955   955 E BatteryInfoBroadcast: 	at android.app.ActivityThread.main(ActivityThread.java:9067)
08-02 00:48:59.300   955   955 E BatteryInfoBroadcast: 	at java.lang.reflect.Method.invoke(Native Method)
08-02 00:48:59.300   955   955 E BatteryInfoBroadcast: 	at com.android.internal.os.RuntimeInit$MethodAndArgsCaller.run(RuntimeInit.java:593)
08-02 00:48:59.300   955   955 E BatteryInfoBroadcast: 	at com.android.internal.os.ZygoteInit.main(ZygoteInit.java:932)
08-02 00:48:59.300   955   955 E BatteryInfoBroadcast: Caused by: android.os.RemoteException: Remote stack trace:
08-02 00:48:59.300   955   955 E BatteryInfoBroadcast: 	at com.android.server.content.ContentService.registerContentObserver(ContentService.java:382)
08-02 00:48:59.300   955   955 E BatteryInfoBroadcast: 	at android.content.IContentService$Stub.onTransact(IContentService.java:498)
08-02 00:48:59.300   955   955 E BatteryInfoBroadcast: 	at android.os.Binder.execTransactInternal(Binder.java:1426)
08-02 00:48:59.300   955   955 E BatteryInfoBroadcast: 	at android.os.Binder.execTransact(Binder.java:1365)
08-02 00:48:59.300   955   955 E BatteryInfoBroadcast: 
08-02 00:48:59.396  1250  1366 E ashmem  : Pinning is deprecated since Android Q. Please use trim or other methods.
08-02 00:48:59.407   680   717 E TestHarnessModeService: Failed to start Test Harness Mode; no implementation of PersistentDataBlockManagerInternal was bound!
08-02 00:48:59.495   680   850 E AppOps  : attributionTag VCN not declared in manifest of android
08-02 00:48:59.543   680   850 E AppOps  : attributionTag VCN not declared in manifest of android
08-02 00:48:59.550  1379  1379 E ssioncontroller: Not starting debugger since process cannot load the jdwp agent.
08-02 00:48:59.655   680   717 E AppOps  : attributionTag UwbCountryCode not declared in manifest of android
08-02 00:48:59.701   680   838 E WifiScoringParams: Invalid frequency(-1), using 5G as default rssi array
08-02 00:48:59.748   680   838 E AppOps  : attributionTag UwbCountryCode not declared in manifest of android
08-02 00:48:59.795  1121  1121 E SatelliteController: registerForSatelliteModemStateChanged: mSatelliteSessionController is not initialized yet
08-02 00:48:59.825  1415  1415 E .apps.wellbeing: Not starting debugger since process cannot load the jdwp agent.
08-02 00:48:59.853   680   717 E WindowManager: Display reconfigured outside of a transition: Display{#0 state=ON size=1080x2400 ROTATION_0}
08-02 00:48:59.879   200   200 E lmkd    : memevent failed to attach bpf program to android_vendor_lmk/android_trigger_vendor_lmk_kill tracepoint: No such file or directory
08-02 00:48:59.879   200   200 E lmkd    : memevent failed to attach bpf program to kmem/mm_calculate_totalreserve_pages tracepoint: No such file or directory
08-02 00:48:59.918   680  1238 E JavaBinder: *** Uncaught remote exception! Exceptions are not yet supported across processes. Client PID 1121 UID 1001.
08-02 00:48:59.918   680  1238 E JavaBinder: java.lang.ArrayIndexOutOfBoundsException: length=1; index=-1
08-02 00:48:59.918   680  1238 E JavaBinder: 	at com.android.server.TelephonyRegistry.notifyCarrierRoamingNtnSignalStrengthChanged(TelephonyRegistry.java:3888)
08-02 00:48:59.918   680  1238 E JavaBinder: 	at com.android.internal.telephony.ITelephonyRegistry$Stub.onTransact(ITelephonyRegistry.java:1244)
08-02 00:48:59.918   680  1238 E JavaBinder: 	at android.os.Binder.execTransactInternal(Binder.java:1421)
08-02 00:48:59.918   680  1238 E JavaBinder: 	at android.os.Binder.execTransact(Binder.java:1365)
08-02 00:48:59.930   680  1414 E UwbServiceCore: Error device status received. Restarting...
08-02 00:49:00.292  1462  1462 E dmesgd  : /data/misc/dmesgd/sent_reports.txt is empty: No such file or directory
08-02 00:49:00.504   680   723 E MusicRecognitionManagerPerUserService: Bad service name: com.google.android.googlequicksearchbox/com.google.android.apps.search.soundsearch.service.SoundSearchService
08-02 00:49:00.666  1487  1487 E rs.media.module: Not starting debugger since process cannot load the jdwp agent.
08-02 00:49:00.684  1490  1490 E ogle.android.as: Not starting debugger since process cannot load the jdwp agent.
08-02 00:49:00.768   680   867 E BackupPasswordManager: Unable to read backup pw version
08-02 00:49:00.768   680   867 E BackupPasswordManager: Unable to read saved backup pw hash
08-02 00:49:00.922  1511  1511 E hbox:interactor: Not starting debugger since process cannot load the jdwp agent.
08-02 00:49:01.232  1544  1544 E id.printspooler: Not starting debugger since process cannot load the jdwp agent.
08-02 00:49:01.353   955  1012 E SingleInstanceRemoteListener: Failed remote call on null listener
08-02 00:49:01.425  1567  1567 E or.multidisplay: Not starting debugger since process cannot load the jdwp agent.
08-02 00:49:01.762   680  1526 E AppSearchIcing: document-store.cc:518: Invalid vector contents for /data/system_ce/0/appsearch/icing/document_dir/uri_mapper/persistent_hash_map.kFailed to initialize KeyMapper
08-02 00:49:01.765   680  1573 E TaskPersister: File error accessing recents directory (directory doesn't exist?).
08-02 00:49:01.828  1605  1605 E earchbox:search: Not starting debugger since process cannot load the jdwp agent.
08-02 00:49:01.932   680   926 E uwb     : uwb_uci_jni_rust::helper: Java_com_android_server_uwb_jni_NativeUwbManager_nativeDoInitialize failed with Timeout
08-02 00:49:01.932   680   926 E UwbServiceCore: Error enabling UWB
08-02 00:49:01.944   680  1414 E UwbServiceCore: Error device status received. Restarting...
08-02 00:49:01.974  1490  1490 E ashmem  : Pinning is deprecated since Android Q. Please use trim or other methods.
08-02 00:49:01.982  1487  1487 E ashmem  : Pinning is deprecated since Android Q. Please use trim or other methods.
08-02 00:49:02.055   680  1526 E AppSearchManagerService: Unable to schedule fully persist job for 0
08-02 00:49:02.055   680  1526 E AppSearchManagerService: java.lang.IllegalArgumentException: Tried to schedule job for non-existent component: ComponentInfo{android/com.android.server.appsearch.AppSearchMaintenanceService}
08-02 00:49:02.055   680  1526 E AppSearchManagerService: 	at com.android.server.job.JobSchedulerService$JobSchedulerStub.enforceValidJobRequest(JobSchedulerService.java:4829)
08-02 00:49:02.055   680  1526 E AppSearchManagerService: 	at com.android.server.job.JobSchedulerService$JobSchedulerStub.schedule(JobSchedulerService.java:5042)
08-02 00:49:02.055   680  1526 E AppSearchManagerService: 	at android.app.JobSchedulerImpl.schedule(JobSchedulerImpl.java:89)
08-02 00:49:02.055   680  1526 E AppSearchManagerService: 	at com.android.server.appsearch.AppSearchMaintenanceService.scheduleFullyPersistJob(AppSearchMaintenanceService.java:91)
08-02 00:49:02.055   680  1526 E AppSearchManagerService: 	at com.android.server.appsearch.AppSearchManagerService.lambda$onUserUnlocking$1(AppSearchManagerService.java:379)
08-02 00:49:02.055   680  1526 E AppSearchManagerService: 	at com.android.server.appsearch.AppSearchManagerService.$r8$lambda$7li-QUZvrsDk5ZvsFzpgCXuGV7s(AppSearchManagerService.java:0)
08-02 00:49:02.055   680  1526 E AppSearchManagerService: 	at com.android.server.appsearch.AppSearchManagerService$$ExternalSyntheticLambda3.run(R8$$SyntheticClass:0)
08-02 00:49:02.055   680  1526 E AppSearchManagerService: 	at java.util.concurrent.ThreadPoolExecutor.runWorker(ThreadPoolExecutor.java:1156)
08-02 00:49:02.055   680  1526 E AppSearchManagerService: 	at java.util.concurrent.ThreadPoolExecutor$Worker.run(ThreadPoolExecutor.java:651)
08-02 00:49:02.055   680  1526 E AppSearchManagerService: 	at java.lang.Thread.run(Thread.java:1119)
08-02 00:49:02.072  1628  1628 E android.youtube: Not starting debugger since process cannot load the jdwp agent.
08-02 00:49:02.087  1631  1631 E ndroid.keychain: Not starting debugger since process cannot load the jdwp agent.
08-02 00:49:02.161  1654  1654 E gle.android.gms: Not starting debugger since process cannot load the jdwp agent.
08-02 00:49:02.214   680   850 E AppOps  : attributionTag VCN not declared in manifest of android
08-02 00:49:02.264   586   608 E OmxInfoBuilder: Cannot find an IOmxStore service.
08-02 00:49:02.328  1679  1679 E d.process.acore: Not starting debugger since process cannot load the jdwp agent.
08-02 00:49:02.467  1082  1082 E BrowsedPlayerWrapper: BrowserSubscriptionCallback: Could not get folder items
08-02 00:49:02.693  1415  1630 E PhenotypeCombinedFlags: Config package com.google.android.client_error_logging#com.google.android.apps.wellbeing cannot use PROCESS_STABLE backing without declarative registration. See go/phenotype-android-integration#phenotype for more information. This will lead to stale flags.
08-02 00:49:03.139  1135  1570 E NexusCSStateManager: Failed to fetch from AppSearch
08-02 00:49:03.139  1135  1570 E NexusCSStateManager: java.util.NoSuchElementException: No value present
08-02 00:49:03.139  1135  1570 E NexusCSStateManager: 	at java.util.Optional.get(Optional.java:143)
08-02 00:49:03.139  1135  1570 E NexusCSStateManager: 	at C2.m.onResult(go/retraceme ee19ec8c009da7af1d458e7d1683a6f5bf3b93b44f6674aa108e1a3e78584fe0:42)
08-02 00:49:03.139  1135  1570 E NexusCSStateManager: 	at android.app.appsearch.SearchSessionUtil$1.lambda$onResult$0(go/retraceme 9d1b0eb8afe1d0bca7ff6f98d5e450578c137217f678797f24205462b21ce4f6:144)
08-02 00:49:03.139  1135  1570 E NexusCSStateManager: 	at android.app.appsearch.SearchSessionUtil$1.$r8$lambda$CEk3q8sDAQVhU3rQwVueB8FAj_M(go/retraceme 9d1b0eb8afe1d0bca7ff6f98d5e450578c137217f678797f24205462b21ce4f6:1)
08-02 00:49:03.139  1135  1570 E NexusCSStateManager: 	at android.app.appsearch.SearchSessionUtil$1$$ExternalSyntheticLambda0.run(go/retraceme 9d1b0eb8afe1d0bca7ff6f98d5e450578c137217f678797f24205462b21ce4f6:22)
08-02 00:49:03.139  1135  1570 E NexusCSStateManager: 	at j0.e.execute(go/retraceme ee19ec8c009da7af1d458e7d1683a6f5bf3b93b44f6674aa108e1a3e78584fe0:1)
08-02 00:49:03.139  1135  1570 E NexusCSStateManager: 	at android.app.appsearch.SearchSessionUtil.safeExecute(go/retraceme 9d1b0eb8afe1d0bca7ff6f98d5e450578c137217f678797f24205462b21ce4f6:4)
08-02 00:49:03.139  1135  1570 E NexusCSStateManager: 	at android.app.appsearch.SearchSessionUtil$1.onResult(go/retraceme 9d1b0eb8afe1d0bca7ff6f98d5e450578c137217f678797f24205462b21ce4f6:11)
08-02 00:49:03.139  1135  1570 E NexusCSStateManager: 	at android.app.appsearch.aidl.IAppSearchBatchResultCallback$Stub.onTransact(go/retraceme 9d1b0eb8afe1d0bca7ff6f98d5e450578c137217f678797f24205462b21ce4f6:59)
08-02 00:49:03.139  1135  1570 E NexusCSStateManager: 	at android.os.Binder.execTransactInternal(Binder.java:1426)
08-02 00:49:03.139  1135  1570 E NexusCSStateManager: 	at android.os.Binder.execTransact(Binder.java:1365)
08-02 00:49:03.214   680   932 E AppOps  : attributionTag VCN not declared in manifest of android
08-02 00:49:03.486  1379  1379 E FeatureFlagsImplExport: android.os.flagging.AconfigStorageReadException: ERROR_PACKAGE_NOT_FOUND: package android.xr cannot be found on the device
08-02 00:49:03.523   680   680 E SystemServiceRegistry: No service published for: face
08-02 00:49:03.523   680   680 E SystemServiceRegistry: android.os.ServiceManager$ServiceNotFoundException: No service published for: face
08-02 00:49:03.523   680   680 E SystemServiceRegistry: 	at android.os.ServiceManager.getServiceOrThrow(ServiceManager.java:203)
08-02 00:49:03.523   680   680 E SystemServiceRegistry: 	at android.app.SystemServiceRegistry$72.createService(SystemServiceRegistry.java:993)
08-02 00:49:03.523   680   680 E SystemServiceRegistry: 	at android.app.SystemServiceRegistry$72.createService(SystemServiceRegistry.java:987)
08-02 00:49:03.523   680   680 E SystemServiceRegistry: 	at android.app.SystemServiceRegistry$CachedServiceFetcher.getService(SystemServiceRegistry.java:2343)
08-02 00:49:03.523   680   680 E SystemServiceRegistry: 	at android.app.SystemServiceRegistry.getSystemService(SystemServiceRegistry.java:1918)
08-02 00:49:03.523   680   680 E SystemServiceRegistry: 	at android.app.ContextImpl.getSystemService(ContextImpl.java:2315)
08-02 00:49:03.523   680   680 E SystemServiceRegistry: 	at android.content.Context.getSystemService(Context.java:4630)
08-02 00:49:03.523   680   680 E SystemServiceRegistry: 	at com.android.server.biometrics.AuthenticationStatsCollector.<init>(AuthenticationStatsCollector.java:119)
08-02 00:49:03.523   680   680 E SystemServiceRegistry: 	at com.android.server.biometrics.AuthenticationStatsBroadcastReceiver.onReceive(AuthenticationStatsBroadcastReceiver.java:66)
08-02 00:49:03.523   680   680 E SystemServiceRegistry: 	at android.app.LoadedApk$ReceiverDispatcher$Args.lambda$getRunnable$0(LoadedApk.java:1839)
08-02 00:49:03.523   680   680 E SystemServiceRegistry: 	at android.app.LoadedApk$ReceiverDispatcher$Args.$r8$lambda$mcNAAl1SQ4MyJPyDg8TJ2x2h0Rk(Unknown Source:0)
08-02 00:49:03.523   680   680 E SystemServiceRegistry: 	at android.app.LoadedApk$ReceiverDispatcher$Args$$ExternalSyntheticLambda0.run(D8$$SyntheticClass:0)
08-02 00:49:03.523   680   680 E SystemServiceRegistry: 	at android.os.Handler.handleCallback(Handler.java:995)
08-02 00:49:03.523   680   680 E SystemServiceRegistry: 	at android.os.Handler.dispatchMessage(Handler.java:103)
08-02 00:49:03.523   680   680 E SystemServiceRegistry: 	at android.os.Looper.loopOnce(Looper.java:248)
08-02 00:49:03.523   680   680 E SystemServiceRegistry: 	at android.os.Looper.loop(Looper.java:338)
08-02 00:49:03.523   680   680 E SystemServiceRegistry: 	at com.android.server.SystemServer.run(SystemServer.java:1036)
08-02 00:49:03.523   680   680 E SystemServiceRegistry: 	at com.android.server.SystemServer.main(SystemServer.java:689)
08-02 00:49:03.523   680   680 E SystemServiceRegistry: 	at java.lang.reflect.Method.invoke(Native Method)
08-02 00:49:03.523   680   680 E SystemServiceRegistry: 	at com.android.internal.os.RuntimeInit$MethodAndArgsCaller.run(RuntimeInit.java:593)
08-02 00:49:03.523   680   680 E SystemServiceRegistry: 	at com.android.internal.os.ZygoteInit.main(ZygoteInit.java:910)
08-02 00:49:03.523   680   680 E SystemServiceRegistry: Manager wrapper not available: face
08-02 00:49:03.630  1375  1375 E ashmem  : Pinning is deprecated since Android Q. Please use trim or other methods.
08-02 00:49:03.760   680   714 E Parcel  : Reading a NULL string not supported here.
08-02 00:49:03.761   680   714 E ARProxy : Unknown descriptor: 
08-02 00:49:03.764  1379  1733 E ashmem  : Pinning is deprecated since Android Q. Please use trim or other methods.
08-02 00:49:03.948  1735  1735 E oid.apps.photos: Not starting debugger since process cannot load the jdwp agent.
08-02 00:49:03.956   680   850 E AppOps  : attributionTag VCN not declared in manifest of android
08-02 00:49:03.957   680   926 E uwb     : uwb_uci_jni_rust::helper: Java_com_android_server_uwb_jni_NativeUwbManager_nativeSetCountryCode failed with Timeout
08-02 00:49:03.973  1135  1135 E RecyclerView: Cannot scroll to position a LayoutManager set. Call setLayoutManager with a non-null argument.
08-02 00:49:03.979  1135  1135 E RecyclerView: Cannot scroll to position a LayoutManager set. Call setLayoutManager with a non-null argument.
08-02 00:49:03.988   680   926 E uwb     : uwb_uci_jni_rust::dispatcher: UCI JNI: Dispatcher already exists when trying to create.
08-02 00:49:03.988   680   926 E uwb     : uwb_uci_jni_rust::helper: Java_com_android_server_uwb_jni_NativeUwbManager_nativeDispatcherNew failed with BadParameters
08-02 00:49:03.993   680   926 E uwb     : uwb_uci_jni_rust::helper: Java_com_android_server_uwb_jni_NativeUwbManager_nativeDoInitialize failed with BadParameters
08-02 00:49:03.993   680   926 E UwbServiceCore: Error enabling UWB
08-02 00:49:04.027  1487  1668 E MediaCodec: Media Quality Service not found.
08-02 00:49:04.036  1487  1743 E rs.media.module: Failed to query component interface for required system resources: 6
08-02 00:49:04.088   680   926 E uwb     : uwb_uci_jni_rust::dispatcher: UCI JNI: Dispatcher already exists when trying to create.
08-02 00:49:04.088   680   926 E uwb     : uwb_uci_jni_rust::helper: Java_com_android_server_uwb_jni_NativeUwbManager_nativeDispatcherNew failed with BadParameters
08-02 00:49:04.130   680   926 E uwb     : uwb_uci_jni_rust::helper: Java_com_android_server_uwb_jni_NativeUwbManager_nativeDoInitialize failed with BadParameters
08-02 00:49:04.130   680   926 E UwbServiceCore: Error enabling UWB
08-02 00:49:05.107  1834  1834 E .localtransport: Not starting debugger since process cannot load the jdwp agent.
08-02 00:49:05.462  1679  1875 E ashmem  : Pinning is deprecated since Android Q. Please use trim or other methods.
08-02 00:49:05.512  1375  1375 E GoogleInputMethodService: GoogleInputMethodService.getAppEditorInfo():1807 App EditorInfo should never be null.
08-02 00:49:05.530  1487  1761 E FuseDaemon: Leveldb setup is missing for: internal
08-02 00:49:05.960  1896  1896 E android.vending: Not starting debugger since process cannot load the jdwp agent.
08-02 00:49:05.989  1487  1761 E FuseDaemon: Leveldb setup is missing for: external_primary
08-02 00:49:05.997  1487  1761 E FuseDaemon: Leveldb setup is missing for: ownership
08-02 00:49:06.367  1375  1859 E HandwritingSuperpacksUtil: HandwritingSuperpacksUtil.getPackMappingPackName():40 No pack mapping pack found in []
08-02 00:49:06.367  1375  1859 E HandwritingSuperpacksUtil: HandwritingSuperpacksUtil.getPackMappingPackName():40 No pack mapping pack found in []
08-02 00:49:06.367  1375  1859 E HandwritingSuperpacksUtil: HandwritingSuperpacksUtil.getPackMappingPackName():40 No pack mapping pack found in []
08-02 00:49:06.501  1834  1834 E ashmem  : Pinning is deprecated since Android Q. Please use trim or other methods.
08-02 00:49:06.617  1082  1082 E MediaBrowser: onConnectFailed for ComponentInfo{com.google.android.googlequicksearchbox/com.google.android.libraries.assistant.auto.tng.media.mediabrowser.NewsMediaBrowserService}
08-02 00:49:06.833  1375  1375 E AbstractOpenableExtension: AbstractOpenableExtension$1.onFailure():144 failed to parse keyboard group def : 2132214031 -> 0_resource_name_obfuscated. 
08-02 00:49:06.833  1375  1375 E AbstractOpenableExtension: java.util.concurrent.CancellationException: Task was cancelled.
08-02 00:49:06.833  1375  1375 E AbstractOpenableExtension: 	at qcq.r(PG:33)
08-02 00:49:06.833  1375  1375 E AbstractOpenableExtension: 	at qcq.get(PG:3)
08-02 00:49:06.833  1375  1375 E AbstractOpenableExtension: 	at a.k(PG:2)
08-02 00:49:06.833  1375  1375 E AbstractOpenableExtension: 	at pqu.E(PG:10)
08-02 00:49:06.833  1375  1375 E AbstractOpenableExtension: 	at qek.run(PG:88)
08-02 00:49:06.833  1375  1375 E AbstractOpenableExtension: 	at qds.execute(PG:1)
08-02 00:49:06.833  1375  1375 E AbstractOpenableExtension: 	at qcq.h(PG:1)
08-02 00:49:06.833  1375  1375 E AbstractOpenableExtension: 	at qcq.k(PG:101)
08-02 00:49:06.833  1375  1375 E AbstractOpenableExtension: 	at qcq.cancel(PG:53)
08-02 00:49:06.833  1375  1375 E AbstractOpenableExtension: 	at qcq.m(PG:17)
08-02 00:49:06.833  1375  1375 E AbstractOpenableExtension: 	at qcu.c(PG:3)
08-02 00:49:06.833  1375  1375 E AbstractOpenableExtension: 	at qcq.k(PG:30)
08-02 00:49:06.833  1375  1375 E AbstractOpenableExtension: 	at qcq.cancel(PG:53)
08-02 00:49:06.833  1375  1375 E AbstractOpenableExtension: 	at enq.j(PG:60)
08-02 00:49:06.833  1375  1375 E AbstractOpenableExtension: 	at enq.I(PG:1)
08-02 00:49:06.833  1375  1375 E AbstractOpenableExtension: 	at enq.J(PG:1)
08-02 00:49:06.833  1375  1375 E AbstractOpenableExtension: 	at jpv.h(PG:33)
08-02 00:49:06.833  1375  1375 E AbstractOpenableExtension: 	at kgn.ab(PG:20)
08-02 00:49:06.833  1375  1375 E AbstractOpenableExtension: 	at dbj.p(PG:206)
08-02 00:49:06.833  1375  1375 E AbstractOpenableExtension: 	at kgi.e(PG:3)
08-02 00:49:06.833  1375  1375 E AbstractOpenableExtension: 	at kdr.cz(PG:9)
08-02 00:49:06.833  1375  1375 E AbstractOpenableExtension: 	at lhl.run(PG:1025)
08-02 00:49:06.833  1375  1375 E AbstractOpenableExtension: 	at qds.execute(PG:1)
08-02 00:49:06.833  1375  1375 E AbstractOpenableExtension: 	at nco.v(PG:13)
08-02 00:49:06.833  1375  1375 E AbstractOpenableExtension: 	at lhn.m(PG:96)
08-02 00:49:06.833  1375  1375 E AbstractOpenableExtension: 	at lhn.k(PG:25)
08-02 00:49:06.833  1375  1375 E AbstractOpenableExtension: 	at kds.g(PG:10)
08-02 00:49:06.833  1375  1375 E AbstractOpenableExtension: 	at kew.b(PG:553)
08-02 00:49:06.833  1375  1375 E AbstractOpenableExtension: 	at qek.run(PG:94)
08-02 00:49:06.833  1375  1375 E AbstractOpenableExtension: 	at jaf.execute(PG:12)
08-02 00:49:06.833  1375  1375 E AbstractOpenableExtension: 	at qcq.h(PG:1)
08-02 00:49:06.833  1375  1375 E AbstractOpenableExtension: 	at qcq.b(PG:40)
08-02 00:49:06.833  1375  1375 E AbstractOpenableExtension: 	at pqu.G(PG:10)
08-02 00:49:06.833  1375  1375 E AbstractOpenableExtension: 	at kfb.T(PG:319)
08-02 00:49:06.833  1375  1375 E AbstractOpenableExtension: 	at kfb.S(PG:8)
08-02 00:49:06.833  1375  1375 E AbstractOpenableExtension: 	at kev.b(PG:154)
08-02 00:49:06.833  1375  1375 E AbstractOpenableExtension: 	at qek.run(PG:94)
08-02 00:49:06.833  1375  1375 E AbstractOpenableExtension: 	at android.os.Handler.handleCallback(Handler.java:995)
08-02 00:49:06.833  1375  1375 E AbstractOpenableExtension: 	at android.os.Handler.dispatchMessage(Handler.java:103)
08-02 00:49:06.833  1375  1375 E AbstractOpenableExtension: 	at android.os.Looper.loopOnce(Looper.java:248)
08-02 00:49:06.833  1375  1375 E AbstractOpenableExtension: 	at android.os.Looper.loop(Looper.java:338)
08-02 00:49:06.833  1375  1375 E AbstractOpenableExtension: 	at android.app.ActivityThread.main(ActivityThread.java:9067)
08-02 00:49:06.833  1375  1375 E AbstractOpenableExtension: 	at java.lang.reflect.Method.invoke(Native Method)
08-02 00:49:06.833  1375  1375 E AbstractOpenableExtension: 	at com.android.internal.os.RuntimeInit$MethodAndArgsCaller.run(RuntimeInit.java:593)
08-02 00:49:06.833  1375  1375 E AbstractOpenableExtension: 	at com.android.internal.os.ZygoteInit.main(ZygoteInit.java:932)
08-02 00:49:06.869  1375  1375 E GoogleInputMethodService: GoogleInputMethodService.getAppEditorInfo():1807 App EditorInfo should never be null.
08-02 00:49:06.880  1135  1135 E CannedAnimCoordinator: Trying to play two animations together, H2.w@a4a0013 and null
08-02 00:49:07.359  1511  1838 E BrdcstRcvrMsgr: SvcConn: binder null, could not send broadcast of action
08-02 00:49:07.397  1567  2001 E MultiDisplayService: invalid parameters for add/modify display
08-02 00:49:07.443  1982  1982 E .apps.wallpaper: Not starting debugger since process cannot load the jdwp agent.
08-02 00:49:07.445  1999  1999 E oadcastreceiver: Not starting debugger since process cannot load the jdwp agent.
08-02 00:49:07.634  1415  1440 E ashmem  : Pinning is deprecated since Android Q. Please use trim or other methods.
08-02 00:49:08.044  1654  1970 E ashmem  : Pinning is deprecated since Android Q. Please use trim or other methods.
08-02 00:49:08.103  1375  1841 E HandwritingSuperpacksUtil: HandwritingSuperpacksUtil.getPackMappingPackName():40 No pack mapping pack found in []
08-02 00:49:08.167  1487  1761 E FuseDaemon: Leveldb setup is missing for: 0000-0000
08-02 00:49:08.327  1375  1856 E MDDSuperpacks: MDDSuperpacks.parseManifest():476 cannot find metadata for delight_overrides
08-02 00:49:08.329   680   850 E AppOps  : attributionTag VCN not declared in manifest of android
08-02 00:49:08.359  1121  1121 E SatelliteController: registerForSatelliteModemStateChanged: mSatelliteSessionController is not initialized yet
08-02 00:49:08.360  1121  1121 E SatelliteController: registerForSatelliteModemStateChanged: mSatelliteSessionController is not initialized yet
08-02 00:49:08.863  2058  2058 E d.process.media: Not starting debugger since process cannot load the jdwp agent.
08-02 00:49:08.906   680   722 E PackageManager: Optimistic bind failed.
08-02 00:49:08.906   680   722 E PackageManager: java.util.concurrent.TimeoutException: [Optimistic Bind] Didn't bind to resolver in time!
08-02 00:49:08.906   680   722 E PackageManager: 	at com.android.server.pm.InstantAppResolverConnection.waitForBindLocked(InstantAppResolverConnection.java:160)
08-02 00:49:08.906   680   722 E PackageManager: 	at com.android.server.pm.InstantAppResolverConnection.bind(InstantAppResolverConnection.java:230)
08-02 00:49:08.906   680   722 E PackageManager: 	at com.android.server.pm.InstantAppResolverConnection.lambda$optimisticBind$0(InstantAppResolverConnection.java:260)
08-02 00:49:08.906   680   722 E PackageManager: 	at com.android.server.pm.InstantAppResolverConnection.$r8$lambda$66W2s2mMKe4pk_xXCScH9RCqav8(InstantAppResolverConnection.java:0)
08-02 00:49:08.906   680   722 E PackageManager: 	at com.android.server.pm.InstantAppResolverConnection$$ExternalSyntheticLambda0.run(R8$$SyntheticClass:0)
08-02 00:49:08.906   680   722 E PackageManager: 	at android.os.Handler.handleCallback(Handler.java:995)
08-02 00:49:08.906   680   722 E PackageManager: 	at android.os.Handler.dispatchMessage(Handler.java:103)
08-02 00:49:08.906   680   722 E PackageManager: 	at android.os.Looper.loopOnce(Looper.java:248)
08-02 00:49:08.906   680   722 E PackageManager: 	at android.os.Looper.loop(Looper.java:338)
08-02 00:49:08.906   680   722 E PackageManager: 	at android.os.HandlerThread.run(HandlerThread.java:85)
08-02 00:49:09.035  1121  1345 E SatelliteModemInterface: requestIsSatelliteSupported: Satellite service is unavailable.
08-02 00:49:09.035  1121  1345 E SatelliteServiceUtils: isSatelliteSupported SatelliteException: android.telephony.satellite.SatelliteManager$SatelliteException
08-02 00:49:10.794  1121  1345 E SatelliteController: registerForSatelliteCommunicationAccessStateChanged: SatelliteManager is null
08-02 00:49:10.873  1654  2116 E gle.android.gms: hiddenapi: Accessing hidden method Landroid/net/ConnectivityManager;->isNetworkTypeMobile(I)Z (runtime_flags=0, domain=platform, api=max-target-p) from Lbqns; (domain=app) using reflection: denied
08-02 00:49:10.905  1999  2112 E ashmem  : Pinning is deprecated since Android Q. Please use trim or other methods.
08-02 00:49:10.913   680  1414 E UwbServiceCore: Error device status received. Restarting...
08-02 00:49:10.923  1605  1783 E ashmem  : Pinning is deprecated since Android Q. Please use trim or other methods.
08-02 00:49:10.923  1654  2116 E gle.android.gms: hiddenapi: Accessing hidden method Landroid/os/PowerManager;->isLightDeviceIdleMode()Z (runtime_flags=0, domain=platform, api=max-target-s) from Lbqns; (domain=app) using reflection: denied
08-02 00:49:11.061  2123  2123 E droid.deskclock: Not starting debugger since process cannot load the jdwp agent.
08-02 00:49:11.302  1511  1838 E ashmem  : Pinning is deprecated since Android Q. Please use trim or other methods.
08-02 00:49:11.548  1654  2117 E gle.android.gms: hiddenapi: Accessing hidden method Landroid/os/PowerManager;->isLightDeviceIdleMode()Z (runtime_flags=0, domain=platform, api=max-target-s) from Legpu; (domain=app) using reflection: denied
08-02 00:49:11.860   432   519 E netd    : Error adding route ::/0 -> fe80::2 wlan0 to table 1016: File exists
08-02 00:49:11.866   680   838 E WifiStaIfaceAidlImpl: setDtimMultiplier failed with service-specific exception: android.os.ServiceSpecificException:  (code 4)
08-02 00:49:11.940  1212  1212 E SmsApplication: com.google.android.apps.messaging lost android:read_cell_broadcasts:  (fixing)
08-02 00:49:12.538  2058  2058 E ashmem  : Pinning is deprecated since Android Q. Please use trim or other methods.
08-02 00:49:12.551  1212  1212 E SmsApplication: com.google.android.apps.messaging lost android:read_cell_broadcasts:  (fixing)
08-02 00:49:12.886  2222  2222 E .android.as.oss: Not starting debugger since process cannot load the jdwp agent.
08-02 00:49:12.947  1735  2199 E ashmem  : Pinning is deprecated since Android Q. Please use trim or other methods.
08-02 00:49:12.958   680   926 E uwb     : uwb_uci_jni_rust::helper: Java_com_android_server_uwb_jni_NativeUwbManager_nativeSetCountryCode failed with Timeout
08-02 00:49:13.003   680   926 E uwb     : uwb_uci_jni_rust::dispatcher: UCI JNI: Dispatcher already exists when trying to create.
08-02 00:49:13.003   680   926 E uwb     : uwb_uci_jni_rust::helper: Java_com_android_server_uwb_jni_NativeUwbManager_nativeDispatcherNew failed with BadParameters
08-02 00:49:13.023  1628  2003 E ashmem  : Pinning is deprecated since Android Q. Please use trim or other methods.
08-02 00:49:13.041   680   926 E uwb     : uwb_uci_jni_rust::helper: Java_com_android_server_uwb_jni_NativeUwbManager_nativeDoInitialize failed with BadParameters
08-02 00:49:13.041   680   926 E UwbServiceCore: Error enabling UWB
08-02 00:49:13.361   680  2104 E RoleControllerServiceImpl: Default/fallback role holder package doesn't qualify for the role, package: com.google.android.gms.supervision, role: android.app.role.SYSTEM_SUPERVISION
08-02 00:49:13.401   680   926 E uwb     : uwb_uci_jni_rust::dispatcher: UCI JNI: Dispatcher already exists when trying to create.
08-02 00:49:13.401   680   926 E uwb     : uwb_uci_jni_rust::helper: Java_com_android_server_uwb_jni_NativeUwbManager_nativeDispatcherNew failed with BadParameters
08-02 00:49:13.413   680   926 E uwb     : uwb_uci_jni_rust::helper: Java_com_android_server_uwb_jni_NativeUwbManager_nativeDoInitialize failed with BadParameters
08-02 00:49:13.413   680   926 E UwbServiceCore: Error enabling UWB
08-02 00:49:13.541  1654  2115 E PhenotypeFlagCommitter: Retrieving snapshot for com.google.android.gms.playlog.uploader failed
08-02 00:49:13.541  1654  2115 E PhenotypeFlagCommitter: java.util.concurrent.TimeoutException: Timed out waiting for Task
08-02 00:49:13.541  1654  2115 E PhenotypeFlagCommitter: 	at erir.o(:com.google.android.gms@252834038@25.28.34 (260800-787197649):53)
08-02 00:49:13.541  1654  2115 E PhenotypeFlagCommitter: 	at eeps.f(:com.google.android.gms@252834038@25.28.34 (260800-787197649):11)
08-02 00:49:13.541  1654  2115 E PhenotypeFlagCommitter: 	at eeps.j(:com.google.android.gms@252834038@25.28.34 (260800-787197649):42)
08-02 00:49:13.541  1654  2115 E PhenotypeFlagCommitter: 	at eeps.h(:com.google.android.gms@252834038@25.28.34 (260800-787197649):4)
08-02 00:49:13.541  1654  2115 E PhenotypeFlagCommitter: 	at com.google.android.gms.clearcut.init.ClearcutInitChimeraIntentService.b(:com.google.android.gms@252834038@25.28.34 (260800-787197649):60)
08-02 00:49:13.541  1654  2115 E PhenotypeFlagCommitter: 	at augf.onHandleIntent(:com.google.android.gms@252834038@25.28.34 (260800-787197649):108)
08-02 00:49:13.541  1654  2115 E PhenotypeFlagCommitter: 	at com.google.android.chimera.IntentOperation.onHandleIntent(:com.google.android.gms@252834038@25.28.34 (260800-787197649):2)
08-02 00:49:13.541  1654  2115 E PhenotypeFlagCommitter: 	at aumb.onHandleIntent(:com.google.android.gms@252834038@25.28.34 (260800-787197649):8)
08-02 00:49:13.541  1654  2115 E PhenotypeFlagCommitter: 	at vxi.run(:com.google.android.gms@252834038@25.28.34 (260800-787197649):64)
08-02 00:49:13.541  1654  2115 E PhenotypeFlagCommitter: 	at vxh.run(:com.google.android.gms@252834038@25.28.34 (260800-787197649):132)
08-02 00:49:13.541  1654  2115 E PhenotypeFlagCommitter: 	at fyrx.run(:com.google.android.gms@252834038@25.28.34 (260800-787197649):21)
08-02 00:49:13.541  1654  2115 E PhenotypeFlagCommitter: 	at java.util.concurrent.ThreadPoolExecutor.runWorker(ThreadPoolExecutor.java:1156)
08-02 00:49:13.541  1654  2115 E PhenotypeFlagCommitter: 	at java.util.concurrent.ThreadPoolExecutor$Worker.run(ThreadPoolExecutor.java:651)
08-02 00:49:13.541  1654  2115 E PhenotypeFlagCommitter: 	at java.lang.Thread.run(Thread.java:1119)
08-02 00:49:13.615  2123  2249 E droid.deskclock: hiddenapi: Accessing hidden field Ljava/util/Collections$SynchronizedCollection;->mutex:Ljava/lang/Object; (runtime_flags=0, domain=core-platform, api=max-target-o) from Lj$/util/DesugarCollections; (domain=app) using reflection: denied
08-02 00:49:13.615  2123  2249 E droid.deskclock: hiddenapi: Accessing hidden method Ljava/util/Collections$SynchronizedSet;-><init>(Ljava/util/Set;Ljava/lang/Object;)V (runtime_flags=0, domain=core-platform, api=max-target-o) from Lj$/util/DesugarCollections; (domain=app) using reflection: denied
08-02 00:49:13.615  2123  2249 E droid.deskclock: hiddenapi: Accessing hidden method Ljava/util/Collections$SynchronizedCollection;-><init>(Ljava/util/Collection;Ljava/lang/Object;)V (runtime_flags=0, domain=core-platform, api=max-target-o) from Lj$/util/DesugarCollections; (domain=app) using reflection: denied
08-02 00:49:13.686  2123  2123 E ashmem  : Pinning is deprecated since Android Q. Please use trim or other methods.
08-02 00:49:13.876   680   850 E AppOps  : attributionTag VCN not declared in manifest of android
08-02 00:49:14.557   680  2104 E RoleControllerServiceImpl: Default/fallback role holder package doesn't qualify for the role, package: com.google.android.gms, role: android.app.role.WALLET
08-02 00:49:14.653   432   507 E NetlinkEvent: NetlinkEvent::FindParam(): Parameter 'INTERFACE' not found
08-02 00:49:14.653   432   507 E NetlinkEvent: NetlinkEvent::FindParam(): Parameter 'STATE' not found
08-02 00:49:14.653   432   507 E NetlinkEvent: NetlinkEvent::FindParam(): Parameter 'TIME_NS' not found
08-02 00:49:14.653   432   507 E NetlinkEvent: NetlinkEvent::FindParam(): Parameter 'UID' not found
08-02 00:49:14.659  1068  1204 E SystemServiceRegistry: No service published for: ethernet
08-02 00:49:14.659  1068  1204 E SystemServiceRegistry: android.os.ServiceManager$ServiceNotFoundException: No service published for: ethernet
08-02 00:49:14.659  1068  1204 E SystemServiceRegistry: 	at android.os.ServiceManager.getServiceOrThrow(ServiceManager.java:203)
08-02 00:49:14.659  1068  1204 E SystemServiceRegistry: 	at android.app.SystemServiceRegistry$149.createService(SystemServiceRegistry.java:2232)
08-02 00:49:14.659  1068  1204 E SystemServiceRegistry: 	at android.app.SystemServiceRegistry$CachedServiceFetcher.getService(SystemServiceRegistry.java:2343)
08-02 00:49:14.659  1068  1204 E SystemServiceRegistry: 	at android.app.SystemServiceRegistry.getSystemService(SystemServiceRegistry.java:1918)
08-02 00:49:14.659  1068  1204 E SystemServiceRegistry: 	at android.app.ContextImpl.getSystemService(ContextImpl.java:2315)
08-02 00:49:14.659  1068  1204 E SystemServiceRegistry: 	at android.content.ContextWrapper.getSystemService(ContextWrapper.java:964)
08-02 00:49:14.659  1068  1204 E SystemServiceRegistry: 	at com.android.networkstack.tethering.Tethering.isEthernetSupported(Tethering.java:1862)
08-02 00:49:14.659  1068  1204 E SystemServiceRegistry: 	at com.android.networkstack.tethering.Tethering.makeSupportedDownstreams(Tethering.java:2843)
08-02 00:49:14.659  1068  1204 E SystemServiceRegistry: 	at com.android.networkstack.tethering.Tethering.updateSupportedDownstreams(Tethering.java:2817)
08-02 00:49:14.659  1068  1204 E SystemServiceRegistry: 	at com.android.networkstack.tethering.Tethering.updateConfiguration(Tethering.java:564)
08-02 00:49:14.659  1068  1204 E SystemServiceRegistry: 	at com.android.networkstack.tethering.Tethering.-$$Nest$mupdateConfiguration(Tethering.java:0)
08-02 00:49:14.659  1068  1204 E SystemServiceRegistry: 	at com.android.networkstack.tethering.Tethering$ActiveDataSubIdListener.onActiveDataSubscriptionIdChanged(Tethering.java:540)
08-02 00:49:14.659  1068  1204 E SystemServiceRegistry: 	at android.telephony.PhoneStateListener$IPhoneStateListenerStub.lambda$onActiveDataSubIdChanged$56(PhoneStateListener.java:1622)
08-02 00:49:14.659  1068  1204 E SystemServiceRegistry: 	at android.telephony.PhoneStateListener$IPhoneStateListenerStub$$ExternalSyntheticLambda15.run(D8$$SyntheticClass:0)
08-02 00:49:14.659  1068  1204 E SystemServiceRegistry: 	at android.os.Handler.handleCallback(Handler.java:995)
08-02 00:49:14.659  1068  1204 E SystemServiceRegistry: 	at android.os.Handler.dispatchMessage(Handler.java:103)
