08-02 00:49:45.849  1605  1605 E rdv     : 	at java.util.concurrent.FutureTask.run(FutureTask.java:317)
08-02 00:49:45.849  1605  1605 E rdv     : 	at aggv.run(PG:20)
08-02 00:49:45.849  1605  1605 E rdv     : 	at aght.run(PG:3)
08-02 00:49:45.849  1605  1605 E rdv     : 	at aght.run(PG:3)
08-02 00:49:45.849  1605  1605 E rdv     : 	at java.util.concurrent.ThreadPoolExecutor.runWorker(ThreadPoolExecutor.java:1156)
08-02 00:49:45.849  1605  1605 E rdv     : 	at java.util.concurrent.ThreadPoolExecutor$Worker.run(ThreadPoolExecutor.java:651)
08-02 00:49:45.849  1605  1605 E rdv     : 	at java.lang.Thread.run(Thread.java:1119)
08-02 00:49:45.849  1605  1605 E rdv     : 	at aggj.run(PG:42)
08-02 00:49:45.849  1605  1605 E rdv     : Caused by: afvx: errorCode: 65586, engine: 2
08-02 00:49:45.849  1605  1605 E rdv     : 	at abhl.hv(PG:6)
08-02 00:49:45.849  1605  1605 E rdv     : 	... 14 more
08-02 00:49:45.849  1605  1605 E rdv     : Caused by: afvt: errorCode: 401, engine: 2
08-02 00:49:45.849  1605  1605 E rdv     : 	at rds.b(PG:30)
08-02 00:49:45.849  1605  1605 E rdv     : 	at abii.hJ(PG:11)
08-02 00:49:45.849  1605  1605 E rdv     : 	at ahbi.d(PG:129)
08-02 00:49:45.849  1605  1605 E rdv     : 	... 12 more
08-02 00:49:46.333  1490  1829 E SP.Service.AiAi: captions_i18n_v0_mandatory is opened by other clients. It will stay open until all clients close it.
08-02 00:49:46.368  1121  1121 E SmsApplication: com.google.android.apps.messaging lost android:read_cell_broadcasts:  (fixing)
08-02 00:49:46.697   680   885 E system_server: No package ID 7f found for resource ID 0x7f0803b2.
08-02 00:49:46.697   680   885 E system_server: No package ID 7f found for resource ID 0x7f150798.
08-02 00:49:46.698   680   885 E system_server: No package ID 7f found for resource ID 0x7f150798.
08-02 00:49:46.698   680   885 E system_server: No package ID 7f found for resource ID 0x7f0803ae.
08-02 00:49:46.698   680   885 E system_server: No package ID 7f found for resource ID 0x7f150796.
08-02 00:49:46.698   680   885 E system_server: No package ID 7f found for resource ID 0x7f150796.
08-02 00:49:46.698   680   885 E system_server: No package ID 7f found for resource ID 0x7f0803b0.
08-02 00:49:46.698   680   885 E system_server: No package ID 7f found for resource ID 0x7f150797.
08-02 00:49:46.698   680   885 E system_server: No package ID 7f found for resource ID 0x7f150797.
08-02 00:49:46.698   680   885 E ShortcutService: Ignoring excessive intent tag.
08-02 00:49:47.272  1490  1829 E SP.Service.AiAi: captions_i18n_v0_en-US is opened by other clients. It will stay open until all clients close it.
08-02 00:49:47.522  1121  1121 E SmsApplication: com.google.android.apps.messaging lost android:read_cell_broadcasts:  (fixing)
08-02 00:49:48.018   200   212 E lowmemorykiller: process_mrelease 1834 failed: No such process
08-02 00:49:48.019   200   211 E lowmemorykiller: process_mrelease 2344 failed: No such process
08-02 00:49:48.295  1654  3273 E PhenotypeFlagCommitter: Retrieving snapshot for com.google.lighter.android#com.google.android.gms failed
08-02 00:49:48.295  1654  3273 E PhenotypeFlagCommitter: java.util.concurrent.TimeoutException: Timed out waiting for Task
08-02 00:49:48.295  1654  3273 E PhenotypeFlagCommitter: 	at erir.o(:com.google.android.gms@252834038@25.28.34 (260800-787197649):53)
08-02 00:49:48.295  1654  3273 E PhenotypeFlagCommitter: 	at eeps.f(:com.google.android.gms@252834038@25.28.34 (260800-787197649):11)
08-02 00:49:48.295  1654  3273 E PhenotypeFlagCommitter: 	at eeps.j(:com.google.android.gms@252834038@25.28.34 (260800-787197649):42)
08-02 00:49:48.295  1654  3273 E PhenotypeFlagCommitter: 	at eeps.h(:com.google.android.gms@252834038@25.28.34 (260800-787197649):4)
08-02 00:49:48.295  1654  3273 E PhenotypeFlagCommitter: 	at fgmm.apply(:com.google.android.gms@252834038@25.28.34 (260800-787197649):125)
08-02 00:49:48.295  1654  3273 E PhenotypeFlagCommitter: 	at ggti.d(:com.google.android.gms@252834038@25.28.34 (260800-787197649):3)
08-02 00:49:48.295  1654  3273 E PhenotypeFlagCommitter: 	at ggtj.run(:com.google.android.gms@252834038@25.28.34 (260800-787197649):38)
08-02 00:49:48.295  1654  3273 E PhenotypeFlagCommitter: 	at gguv.execute(:com.google.android.gms@252834038@25.28.34 (260800-787197649):1)
08-02 00:49:48.295  1654  3273 E PhenotypeFlagCommitter: 	at ggsw.f(:com.google.android.gms@252834038@25.28.34 (260800-787197649):1)
08-02 00:49:48.295  1654  3273 E PhenotypeFlagCommitter: 	at ggsw.m(:com.google.android.gms@252834038@25.28.34 (260800-787197649):99)
08-02 00:49:48.295  1654  3273 E PhenotypeFlagCommitter: 	at ggsw.q(:com.google.android.gms@252834038@25.28.34 (260800-787197649):13)
08-02 00:49:48.295  1654  3273 E PhenotypeFlagCommitter: 	at ggxh.e(:com.google.android.gms@252834038@25.28.34 (260800-787197649):3)
08-02 00:49:48.295  1654  3273 E PhenotypeFlagCommitter: 	at ggwh.run(:com.google.android.gms@252834038@25.28.34 (260800-787197649):73)
08-02 00:49:48.295  1654  3273 E PhenotypeFlagCommitter: 	at ggxi.run(:com.google.android.gms@252834038@25.28.34 (260800-787197649):5)
08-02 00:49:48.295  1654  3273 E PhenotypeFlagCommitter: 	at fgmr.run(:com.google.android.gms@252834038@25.28.34 (260800-787197649):3)
08-02 00:49:48.295  1654  3273 E PhenotypeFlagCommitter: 	at java.util.concurrent.ThreadPoolExecutor.runWorker(ThreadPoolExecutor.java:1156)
08-02 00:49:48.295  1654  3273 E PhenotypeFlagCommitter: 	at java.util.concurrent.ThreadPoolExecutor$Worker.run(ThreadPoolExecutor.java:651)
08-02 00:49:48.295  1654  3273 E PhenotypeFlagCommitter: 	at fgnl.run(:com.google.android.gms@252834038@25.28.34 (260800-787197649):10)
08-02 00:49:48.295  1654  3273 E PhenotypeFlagCommitter: 	at java.lang.Thread.run(Thread.java:1119)
08-02 00:49:48.330  2874  2974 E DialerRestVvmCarrierService: com.android.dialer.voicemail.service.impl.vvmclients.rest.RestVvmCarrierService.getMsisdn:420 Retrieved phone number in an unexpected format: +15551234567 [CONTEXT disable_client_error_logging=true ]
08-02 00:49:48.330  2874  2974 E DialerRestVvmCarrierService: zxo: MEDIUM
08-02 00:49:48.330  2874  2974 E DialerRestVvmCarrierService: 	at a.cN(PG:15)
08-02 00:49:48.330  2874  2974 E DialerRestVvmCarrierService: 	at pxq.apply(PG:489)
08-02 00:49:48.330  2874  2974 E DialerRestVvmCarrierService: 	at zcp.apply(PG:13)
08-02 00:49:48.330  2874  2974 E DialerRestVvmCarrierService: 	at aaka.d(PG:3)
08-02 00:49:48.330  2874  2974 E DialerRestVvmCarrierService: 	at aakb.run(PG:38)
08-02 00:49:48.330  2874  2974 E DialerRestVvmCarrierService: 	at umz.run(PG:7)
08-02 00:49:48.330  2874  2974 E DialerRestVvmCarrierService: 	at aadu.run(PG:44)
08-02 00:49:48.330  2874  2974 E DialerRestVvmCarrierService: 	at tdt.run(PG:78)
08-02 00:49:48.330  2874  2974 E DialerRestVvmCarrierService: 	at cp.run(PG:143)
08-02 00:49:48.330  2874  2974 E DialerRestVvmCarrierService: 	at java.lang.Thread.run(Thread.java:1119)
08-02 00:49:48.330  2874  2974 E DialerRestVvmCarrierService: 	at uoe.run(PG:61)
08-02 00:49:49.089  1121  1121 E SmsApplication: com.google.android.apps.messaging lost android:read_cell_broadcasts:  (fixing)
08-02 00:49:49.229  1121  1121 E SmsApplication: com.google.android.apps.messaging lost android:read_cell_broadcasts:  (fixing)
08-02 00:49:49.702  2874  2974 E DialerRestVvmCarrierService: com.android.dialer.voicemail.service.impl.vvmclients.rest.RestVvmCarrierService.getMsisdn:420 Retrieved phone number in an unexpected format: +15551234567 [CONTEXT disable_client_error_logging=true ]
08-02 00:49:49.702  2874  2974 E DialerRestVvmCarrierService: zxo: MEDIUM
08-02 00:49:49.702  2874  2974 E DialerRestVvmCarrierService: 	at a.cN(PG:15)
08-02 00:49:49.702  2874  2974 E DialerRestVvmCarrierService: 	at pxq.apply(PG:489)
08-02 00:49:49.702  2874  2974 E DialerRestVvmCarrierService: 	at zcp.apply(PG:13)
08-02 00:49:49.702  2874  2974 E DialerRestVvmCarrierService: 	at aaka.d(PG:3)
08-02 00:49:49.702  2874  2974 E DialerRestVvmCarrierService: 	at aakb.run(PG:38)
08-02 00:49:49.702  2874  2974 E DialerRestVvmCarrierService: 	at umz.run(PG:7)
08-02 00:49:49.702  2874  2974 E DialerRestVvmCarrierService: 	at aadu.run(PG:44)
08-02 00:49:49.702  2874  2974 E DialerRestVvmCarrierService: 	at tdt.run(PG:78)
08-02 00:49:49.702  2874  2974 E DialerRestVvmCarrierService: 	at cp.run(PG:143)
08-02 00:49:49.702  2874  2974 E DialerRestVvmCarrierService: 	at java.lang.Thread.run(Thread.java:1119)
08-02 00:49:49.702  2874  2974 E DialerRestVvmCarrierService: 	at uoe.run(PG:61)
08-02 00:49:49.772  1605  1852 E fbby    : (REDACTED) Failed to recover geofences for LBT Routines using Geller data
08-02 00:49:49.772  1605  1852 E fbby    : com.google.android.libraries.geller.portable.GellerException: Code: INVALID_ARGUMENT, Message: Account name is null.
08-02 00:49:49.772  1605  1852 E fbby    : 	at emtm.a(PG:21)
08-02 00:49:49.772  1605  1852 E fbby    : 	at emtv.a(PG:9)
08-02 00:49:49.772  1605  1852 E fbby    : 	at fcqs.a(PG:13)
08-02 00:49:49.772  1605  1852 E fbby    : 	at fmpm.a(PG:3)
08-02 00:49:49.772  1605  1852 E fbby    : 	at fmrb.run(PG:19)
08-02 00:49:49.772  1605  1852 E fbby    : 	at djui.run(PG:5)
08-02 00:49:49.772  1605  1852 E fbby    : 	at fler.run(PG:44)
08-02 00:49:49.772  1605  1852 E fbby    : 	at djtz.run(PG:42)
08-02 00:49:49.772  1605  1852 E fbby    : 	at java.lang.Thread.run(Thread.java:1119)
08-02 00:49:49.772  1605  1852 E fbby    : 	at djvl.run(PG:62)
08-02 00:49:50.059  3142  3334 E GoogleApiManager: Failed to get service from broker. 
08-02 00:49:50.059  3142  3334 E GoogleApiManager: java.lang.SecurityException: Unknown calling package name 'com.google.android.gms'.
08-02 00:49:50.059  3142  3334 E GoogleApiManager: 	at android.os.Parcel.createExceptionOrNull(Parcel.java:3340)
08-02 00:49:50.059  3142  3334 E GoogleApiManager: 	at android.os.Parcel.createException(Parcel.java:3324)
08-02 00:49:50.059  3142  3334 E GoogleApiManager: 	at android.os.Parcel.readException(Parcel.java:3307)
08-02 00:49:50.059  3142  3334 E GoogleApiManager: 	at android.os.Parcel.readException(Parcel.java:3249)
08-02 00:49:50.059  3142  3334 E GoogleApiManager: 	at ayxn.a(:com.google.android.gms@252834038@25.28.34 (260800-787197649):36)
08-02 00:49:50.059  3142  3334 E GoogleApiManager: 	at ayvu.z(:com.google.android.gms@252834038@25.28.34 (260800-787197649):143)
08-02 00:49:50.059  3142  3334 E GoogleApiManager: 	at ayct.run(:com.google.android.gms@252834038@25.28.34 (260800-787197649):42)
08-02 00:49:50.059  3142  3334 E GoogleApiManager: 	at android.os.Handler.handleCallback(Handler.java:995)
08-02 00:49:50.059  3142  3334 E GoogleApiManager: 	at android.os.Handler.dispatchMessage(Handler.java:103)
08-02 00:49:50.059  3142  3334 E GoogleApiManager: 	at civx.mt(:com.google.android.gms@252834038@25.28.34 (260800-787197649):1)
08-02 00:49:50.059  3142  3334 E GoogleApiManager: 	at civx.dispatchMessage(:com.google.android.gms@252834038@25.28.34 (260800-787197649):5)
08-02 00:49:50.059  3142  3334 E GoogleApiManager: 	at android.os.Looper.loopOnce(Looper.java:248)
08-02 00:49:50.059  3142  3334 E GoogleApiManager: 	at android.os.Looper.loop(Looper.java:338)
08-02 00:49:50.059  3142  3334 E GoogleApiManager: 	at android.os.HandlerThread.run(HandlerThread.java:85)
08-02 00:49:50.393  2874  2974 E DialerRestVvmCarrierService: com.android.dialer.voicemail.service.impl.vvmclients.rest.RestVvmCarrierService.getMsisdn:420 Retrieved phone number in an unexpected format: +15551234567 [CONTEXT disable_client_error_logging=true ]
08-02 00:49:50.393  2874  2974 E DialerRestVvmCarrierService: zxo: MEDIUM
08-02 00:49:50.393  2874  2974 E DialerRestVvmCarrierService: 	at a.cN(PG:15)
08-02 00:49:50.393  2874  2974 E DialerRestVvmCarrierService: 	at pxq.apply(PG:489)
08-02 00:49:50.393  2874  2974 E DialerRestVvmCarrierService: 	at zcp.apply(PG:13)
08-02 00:49:50.393  2874  2974 E DialerRestVvmCarrierService: 	at aaka.d(PG:3)
08-02 00:49:50.393  2874  2974 E DialerRestVvmCarrierService: 	at aakb.run(PG:38)
08-02 00:49:50.393  2874  2974 E DialerRestVvmCarrierService: 	at umz.run(PG:7)
08-02 00:49:50.393  2874  2974 E DialerRestVvmCarrierService: 	at aadu.run(PG:44)
08-02 00:49:50.393  2874  2974 E DialerRestVvmCarrierService: 	at tdt.run(PG:78)
08-02 00:49:50.393  2874  2974 E DialerRestVvmCarrierService: 	at cp.run(PG:143)
08-02 00:49:50.393  2874  2974 E DialerRestVvmCarrierService: 	at java.lang.Thread.run(Thread.java:1119)
08-02 00:49:50.393  2874  2974 E DialerRestVvmCarrierService: 	at uoe.run(PG:61)
08-02 00:49:50.538  3359  3359 E ndroid.calendar: Not starting debugger since process cannot load the jdwp agent.
08-02 00:49:50.765  3261  3337 E ashmem  : Pinning is deprecated since Android Q. Please use trim or other methods.
08-02 00:49:51.931  3359  3407 E ashmem  : Pinning is deprecated since Android Q. Please use trim or other methods.
08-02 00:49:52.518  1654  2922 E GoogleSettingsUtils: Cannot write token, exception in Context lookup [CONTEXT service_id=130 ]
08-02 00:49:52.518  1654  2922 E GoogleSettingsUtils: java.io.FileNotFoundException: /data/user/0/com.google.android.gsf/files/security_token: open failed: ENOENT (No such file or directory)
08-02 00:49:52.518  1654  2922 E GoogleSettingsUtils: 	at libcore.io.IoBridge.open(IoBridge.java:574)
08-02 00:49:52.518  1654  2922 E GoogleSettingsUtils: 	at java.io.FileOutputStream.<init>(FileOutputStream.java:259)
08-02 00:49:52.518  1654  2922 E GoogleSettingsUtils: 	at android.app.ContextImpl.openFileOutput(ContextImpl.java:794)
08-02 00:49:52.518  1654  2922 E GoogleSettingsUtils: 	at atxz.a(:com.google.android.gms@252834038@25.28.34 (260800-787197649):1738)
08-02 00:49:52.518  1654  2922 E GoogleSettingsUtils: 	at atzj.a(:com.google.android.gms@252834038@25.28.34 (260800-787197649):834)
08-02 00:49:52.518  1654  2922 E GoogleSettingsUtils: 	at com.google.android.gms.checkin.CheckinIntentOperation.onHandleIntent(:com.google.android.gms@252834038@25.28.34 (260800-787197649):30)
08-02 00:49:52.518  1654  2922 E GoogleSettingsUtils: 	at com.google.android.chimera.IntentOperation.onHandleIntent(:com.google.android.gms@252834038@25.28.34 (260800-787197649):2)
08-02 00:49:52.518  1654  2922 E GoogleSettingsUtils: 	at aumb.onHandleIntent(:com.google.android.gms@252834038@25.28.34 (260800-787197649):8)
08-02 00:49:52.518  1654  2922 E GoogleSettingsUtils: 	at vxi.run(:com.google.android.gms@252834038@25.28.34 (260800-787197649):64)
08-02 00:49:52.518  1654  2922 E GoogleSettingsUtils: 	at vxh.run(:com.google.android.gms@252834038@25.28.34 (260800-787197649):132)
08-02 00:49:52.518  1654  2922 E GoogleSettingsUtils: 	at fyrx.run(:com.google.android.gms@252834038@25.28.34 (260800-787197649):21)
08-02 00:49:52.518  1654  2922 E GoogleSettingsUtils: 	at java.util.concurrent.ThreadPoolExecutor.runWorker(ThreadPoolExecutor.java:1156)
08-02 00:49:52.518  1654  2922 E GoogleSettingsUtils: 	at java.util.concurrent.ThreadPoolExecutor$Worker.run(ThreadPoolExecutor.java:651)
08-02 00:49:52.518  1654  2922 E GoogleSettingsUtils: 	at java.lang.Thread.run(Thread.java:1119)
08-02 00:49:52.518  1654  2922 E GoogleSettingsUtils: Caused by: android.system.ErrnoException: open failed: ENOENT (No such file or directory)
08-02 00:49:52.518  1654  2922 E GoogleSettingsUtils: 	at libcore.io.Linux.open(Native Method)
08-02 00:49:52.518  1654  2922 E GoogleSettingsUtils: 	at libcore.io.ForwardingOs.open(ForwardingOs.java:568)
08-02 00:49:52.518  1654  2922 E GoogleSettingsUtils: 	at libcore.io.BlockGuardOs.open(BlockGuardOs.java:274)
08-02 00:49:52.518  1654  2922 E GoogleSettingsUtils: 	at libcore.io.ForwardingOs.open(ForwardingOs.java:568)
08-02 00:49:52.518  1654  2922 E GoogleSettingsUtils: 	at android.app.ActivityThread$AndroidOs.open(ActivityThread.java:8953)
08-02 00:49:52.518  1654  2922 E GoogleSettingsUtils: 	at libcore.io.IoBridge.open(IoBridge.java:560)
08-02 00:49:52.518  1654  2922 E GoogleSettingsUtils: 	... 13 more
08-02 00:49:52.521  1654  2345 E SharedPreferencesImpl: Couldn't create directory for SharedPreferences file /data/user/0/com.google.android.gsf/shared_prefs/CheckinService.xml
08-02 00:49:53.133  1250  3421 E .gms.persistent: hiddenapi: Accessing hidden method Landroid/net/ConnectivityManager;->isNetworkSupported(I)Z (runtime_flags=0, domain=platform, api=max-target-p) from Lazuq; (domain=app) using reflection: denied
08-02 00:49:53.294  1654  2853 E hvhx    : *~*~*~ Previous channel {0} was garbage collected without being shut down! ~*~*~*
08-02 00:49:53.294  1654  2853 E hvhx    :     Make sure to call shutdown()/shutdownNow()
08-02 00:49:53.294  1654  2853 E hvhx    : java.lang.RuntimeException: ManagedChannel allocation site
08-02 00:49:53.294  1654  2853 E hvhx    : 	at hvhw.<init>(:com.google.android.gms@252834038@25.28.34 (260800-787197649):21)
08-02 00:49:53.294  1654  2853 E hvhx    : 	at hvhx.<init>(:com.google.android.gms@252834038@25.28.34 (260800-787197649):10)
08-02 00:49:53.294  1654  2853 E hvhx    : 	at hvhv.a(:com.google.android.gms@252834038@25.28.34 (260800-787197649):250)
08-02 00:49:53.294  1654  2853 E hvhx    : 	at husw.a(:com.google.android.gms@252834038@25.28.34 (260800-787197649):5)
08-02 00:49:53.294  1654  2853 E hvhx    : 	at azkn.a(:com.google.android.gms@252834038@25.28.34 (260800-787197649):70)
08-02 00:49:53.294  1654  2853 E hvhx    : 	at azke.u(:com.google.android.gms@252834038@25.28.34 (260800-787197649):119)
08-02 00:49:53.294  1654  2853 E hvhx    : 	at azke.e(:com.google.android.gms@252834038@25.28.34 (260800-787197649):5)
08-02 00:49:53.294  1654  2853 E hvhx    : 	at ensq.a(:com.google.android.gms@252834038@25.28.34 (260800-787197649):45)
08-02 00:49:53.294  1654  2853 E hvhx    : 	at enrv.c(:com.google.android.gms@252834038@25.28.34 (260800-787197649):20)
08-02 00:49:53.294  1654  2853 E hvhx    : 	at enrv.a(:com.google.android.gms@252834038@25.28.34 (260800-787197649):3)
08-02 00:49:53.294  1654  2853 E hvhx    : 	at aufp.run(:com.google.android.gms@252834038@25.28.34 (260800-787197649):5)
08-02 00:49:53.294  1654  2853 E hvhx    : 	at azqo.c(:com.google.android.gms@252834038@25.28.34 (260800-787197649):50)
08-02 00:49:53.294  1654  2853 E hvhx    : 	at azqo.run(:com.google.android.gms@252834038@25.28.34 (260800-787197649):70)
08-02 00:49:53.294  1654  2853 E hvhx    : 	at java.util.concurrent.ThreadPoolExecutor.runWorker(ThreadPoolExecutor.java:1156)
08-02 00:49:53.294  1654  2853 E hvhx    : 	at java.util.concurrent.ThreadPoolExecutor$Worker.run(ThreadPoolExecutor.java:651)
08-02 00:49:53.294  1654  2853 E hvhx    : 	at azwg.run(:com.google.android.gms@252834038@25.28.34 (260800-787197649):8)
08-02 00:49:53.294  1654  2853 E hvhx    : 	at java.lang.Thread.run(Thread.java:1119)
08-02 00:49:53.301  3458  3458 E d.configupdater: Not starting debugger since process cannot load the jdwp agent.
08-02 00:49:53.326  3359  3392 E PhenotypeCombinedFlags: Config package com.google.android.client_error_logging#com.google.android.calendar cannot use PROCESS_STABLE backing without declarative registration. See go/phenotype-android-integration#phenotype for more information. This will lead to stale flags.
08-02 00:49:53.525  3458  3458 E ConfigUpdater: ignoring update request
08-02 00:49:53.534  3458  3458 E ConfigUpdater: ignoring update request
08-02 00:49:53.539  3458  3458 E ConfigUpdater: ignoring update request
08-02 00:49:53.545  3458  3458 E ConfigUpdater: ignoring update request
08-02 00:49:53.548  3458  3458 E ConfigUpdater: ignoring update request
08-02 00:49:53.549  3458  3458 E ConfigUpdater: ignoring update request
08-02 00:49:53.555  3458  3458 E ConfigUpdater: ignoring update request
08-02 00:49:53.561  3458  3458 E ConfigUpdater: ignoring update request
08-02 00:49:53.566  3458  3458 E ConfigUpdater: ignoring update request
08-02 00:49:53.571  3458  3458 E ConfigUpdater: ignoring update request
08-02 00:49:53.584  3458  3458 E ConfigUpdater: ignoring update request
08-02 00:49:53.593  3458  3458 E ConfigUpdater: ignoring update request
08-02 00:49:53.610  3487  3487 E ederatedcompute: Not starting debugger since process cannot load the jdwp agent.
08-02 00:49:54.940  3502  3502 E nect.controller: Not starting debugger since process cannot load the jdwp agent.
08-02 00:49:55.849   680  1194 E SystemServiceRegistry: No service published for: persistent_data_block
08-02 00:49:55.849   680  1194 E SystemServiceRegistry: android.os.ServiceManager$ServiceNotFoundException: No service published for: persistent_data_block
08-02 00:49:55.849   680  1194 E SystemServiceRegistry: 	at android.os.ServiceManager.getServiceOrThrow(ServiceManager.java:203)
08-02 00:49:55.849   680  1194 E SystemServiceRegistry: 	at android.app.SystemServiceRegistry$82.createService(SystemServiceRegistry.java:1110)
08-02 00:49:55.849   680  1194 E SystemServiceRegistry: 	at android.app.SystemServiceRegistry$82.createService(SystemServiceRegistry.java:1107)
08-02 00:49:55.849   680  1194 E SystemServiceRegistry: 	at android.app.SystemServiceRegistry$StaticServiceFetcher.getService(SystemServiceRegistry.java:2405)
08-02 00:49:55.849   680  1194 E SystemServiceRegistry: 	at android.app.SystemServiceRegistry.getSystemService(SystemServiceRegistry.java:1918)
08-02 00:49:55.849   680  1194 E SystemServiceRegistry: 	at android.app.ContextImpl.getSystemService(ContextImpl.java:2315)
08-02 00:49:55.849   680  1194 E SystemServiceRegistry: 	at android.content.Context.getSystemService(Context.java:4630)
08-02 00:49:55.849   680  1194 E SystemServiceRegistry: 	at com.android.server.pm.PackageInstallerSession.markAsSealed(PackageInstallerSession.java:2449)
08-02 00:49:55.849   680  1194 E SystemServiceRegistry: 	at com.android.server.pm.PackageInstallerSession.commit(PackageInstallerSession.java:2198)
08-02 00:49:55.849   680  1194 E SystemServiceRegistry: 	at android.content.pm.PackageInstaller$Session.commit(PackageInstaller.java:1988)
08-02 00:49:55.849   680  1194 E SystemServiceRegistry: 	at com.android.server.pm.PackageManagerShellCommand.doCommitSession(PackageManagerShellCommand.java:4316)
08-02 00:49:55.849   680  1194 E SystemServiceRegistry: 	at com.android.server.pm.PackageManagerShellCommand.doRunInstall(PackageManagerShellCommand.java:1641)
08-02 00:49:55.849   680  1194 E SystemServiceRegistry: 	at com.android.server.pm.PackageManagerShellCommand.runInstall(PackageManagerShellCommand.java:1562)
08-02 00:49:55.849   680  1194 E SystemServiceRegistry: 	at com.android.server.pm.PackageManagerShellCommand.onCommand(PackageManagerShellCommand.java:246)
08-02 00:49:55.849   680  1194 E SystemServiceRegistry: 	at com.android.modules.utils.BasicShellCommandHandler.exec(BasicShellCommandHandler.java:97)
08-02 00:49:55.849   680  1194 E SystemServiceRegistry: 	at android.os.ShellCommand.exec(ShellCommand.java:38)
08-02 00:49:55.849   680  1194 E SystemServiceRegistry: 	at com.android.server.pm.PackageManagerService$IPackageManagerImpl.onShellCommand(PackageManagerService.java:6684)
08-02 00:49:55.849   680  1194 E SystemServiceRegistry: 	at android.os.Binder.shellCommand(Binder.java:1151)
08-02 00:49:55.849   680  1194 E SystemServiceRegistry: 	at android.os.Binder.onTransact(Binder.java:953)
08-02 00:49:55.849   680  1194 E SystemServiceRegistry: 	at android.content.pm.IPackageManager$Stub.onTransact(IPackageManager.java:4729)
08-02 00:49:55.849   680  1194 E SystemServiceRegistry: 	at com.android.server.pm.PackageManagerService$IPackageManagerImpl.onTransact(PackageManagerService.java:6668)
08-02 00:49:55.849   680  1194 E SystemServiceRegistry: 	at android.os.Binder.execTransactInternal(Binder.java:1426)
08-02 00:49:55.849   680  1194 E SystemServiceRegistry: 	at android.os.Binder.execTransact(Binder.java:1365)
08-02 00:49:55.859   680  1194 E SystemServiceRegistry: Manager wrapper not available: persistent_data_block
08-02 00:49:55.910  3532  3532 E zation.services: Not starting debugger since process cannot load the jdwp agent.
08-02 00:49:56.136  3545  3545 E ackageinstaller: Not starting debugger since process cannot load the jdwp agent.
08-02 00:49:56.261  3558  3558 E id.partnersetup: Not starting debugger since process cannot load the jdwp agent.
08-02 00:49:56.570  3558  3558 E ashmem  : Pinning is deprecated since Android Q. Please use trim or other methods.
08-02 00:49:56.786  3593  3593 E oid.photopicker: Not starting debugger since process cannot load the jdwp agent.
08-02 00:49:57.032  3608  3608 E externalstorage: Not starting debugger since process cannot load the jdwp agent.
08-02 00:49:57.166  3608  3608 E ashmem  : Pinning is deprecated since Android Q. Please use trim or other methods.
08-02 00:49:57.227  3620  3620 E gs.intelligence: Not starting debugger since process cannot load the jdwp agent.
08-02 00:49:57.397  3620  3633 E ashmem  : Pinning is deprecated since Android Q. Please use trim or other methods.
08-02 00:49:57.655   955  1022 E ServiceManager: error in isDeclared
08-02 00:49:57.655   955  1022 E ServiceManager: java.lang.SecurityException: SELinux denied for service.
08-02 00:49:57.655   955  1022 E ServiceManager: 	at android.os.Parcel.createExceptionOrNull(Parcel.java:3340)
08-02 00:49:57.655   955  1022 E ServiceManager: 	at android.os.Parcel.createException(Parcel.java:3324)
08-02 00:49:57.655   955  1022 E ServiceManager: 	at android.os.Parcel.readException(Parcel.java:3307)
08-02 00:49:57.655   955  1022 E ServiceManager: 	at android.os.Parcel.readException(Parcel.java:3249)
08-02 00:49:57.655   955  1022 E ServiceManager: 	at android.os.IServiceManager$Stub$Proxy.isDeclared(IServiceManager.java:656)
08-02 00:49:57.655   955  1022 E ServiceManager: 	at android.os.ServiceManagerProxy.isDeclared(ServiceManagerNative.java:104)
08-02 00:49:57.655   955  1022 E ServiceManager: 	at android.os.ServiceManager.isDeclared(ServiceManager.java:297)
08-02 00:49:57.655   955  1022 E ServiceManager: 	at android.os.ServiceManager.waitForDeclaredService(ServiceManager.java:353)
08-02 00:49:57.655   955  1022 E ServiceManager: 	at com.google.android.systemui.googlebattery.GoogleBatteryManager.initHalInterface(go/retraceme 316c53c62461507ee9b40f0e6e2156db24503126c549859fa5c1f90453cee85b:16)
08-02 00:49:57.655   955  1022 E ServiceManager: 	at com.google.android.systemui.power.batteryhealth.HealthManager$initHalInterface$2.invokeSuspend(go/retraceme 316c53c62461507ee9b40f0e6e2156db24503126c549859fa5c1f90453cee85b:21)
08-02 00:49:57.655   955  1022 E ServiceManager: 	at com.google.android.systemui.power.batteryhealth.HealthManager$initHalInterface$2.invoke(go/retraceme 316c53c62461507ee9b40f0e6e2156db24503126c549859fa5c1f90453cee85b:13)
08-02 00:49:57.655   955  1022 E ServiceManager: 	at com.google.android.systemui.power.batteryhealth.HealthManager$runOnBackground$2.invokeSuspend(go/retraceme 316c53c62461507ee9b40f0e6e2156db24503126c549859fa5c1f90453cee85b:33)
08-02 00:49:57.655   955  1022 E ServiceManager: 	at kotlin.coroutines.jvm.internal.BaseContinuationImpl.resumeWith(go/retraceme 316c53c62461507ee9b40f0e6e2156db24503126c549859fa5c1f90453cee85b:8)
08-02 00:49:57.655   955  1022 E ServiceManager: 	at kotlinx.coroutines.DispatchedTask.run(go/retraceme 316c53c62461507ee9b40f0e6e2156db24503126c549859fa5c1f90453cee85b:112)
08-02 00:49:57.655   955  1022 E ServiceManager: 	at java.util.concurrent.Executors$RunnableAdapter.call(Executors.java:524)
08-02 00:49:57.655   955  1022 E ServiceManager: 	at java.util.concurrent.FutureTask.run(FutureTask.java:317)
08-02 00:49:57.655   955  1022 E ServiceManager: 	at java.util.concurrent.ScheduledThreadPoolExecutor$ScheduledFutureTask.run(ScheduledThreadPoolExecutor.java:348)
08-02 00:49:57.655   955  1022 E ServiceManager: 	at java.util.concurrent.ThreadPoolExecutor.runWorker(ThreadPoolExecutor.java:1156)
08-02 00:49:57.655   955  1022 E ServiceManager: 	at java.util.concurrent.ThreadPoolExecutor$Worker.run(ThreadPoolExecutor.java:651)
08-02 00:49:57.655   955  1022 E ServiceManager: 	at java.lang.Thread.run(Thread.java:1119)
08-02 00:49:58.565  1212  3650 E HardwareInfoFeatureProviderImpl: Could not parse manufactured year from serial.
08-02 00:49:58.565  1212  3650 E HardwareInfoFeatureProviderImpl: java.lang.NumberFormatException: For input string: "E"
08-02 00:49:58.565  1212  3650 E HardwareInfoFeatureProviderImpl: 	at java.lang.Integer.parseInt(Integer.java:781)
08-02 00:49:58.565  1212  3650 E HardwareInfoFeatureProviderImpl: 	at java.lang.Integer.valueOf(Integer.java:1108)
08-02 00:49:58.565  1212  3650 E HardwareInfoFeatureProviderImpl: 	at com.google.android.settings.hardwareinfo.HardwareInfoFeatureProviderGoogleImpl.getManufacturedYear(HardwareInfoFeatureProviderGoogleImpl.kt:24)
08-02 00:49:58.565  1212  3650 E HardwareInfoFeatureProviderImpl: 	at com.android.settings.deviceinfo.hardwareinfo.ManufacturedYearPreferenceController.<init>(ManufacturedYearPreferenceController.kt:26)
08-02 00:49:58.565  1212  3650 E HardwareInfoFeatureProviderImpl: 	at java.lang.reflect.Constructor.newInstance0(Native Method)
08-02 00:49:58.565  1212  3650 E HardwareInfoFeatureProviderImpl: 	at java.lang.reflect.Constructor.newInstance(Constructor.java:343)
08-02 00:49:58.565  1212  3650 E HardwareInfoFeatureProviderImpl: 	at com.android.settings.core.BasePreferenceController.createInstance(BasePreferenceController.java:190)
08-02 00:49:58.565  1212  3650 E HardwareInfoFeatureProviderImpl: 	at com.android.settings.core.PreferenceControllerListHelper.getPreferenceControllersFromXml(PreferenceControllerListHelper.java:86)
08-02 00:49:58.565  1212  3650 E HardwareInfoFeatureProviderImpl: 	at com.android.settings.search.BaseSearchIndexProvider.getPreferenceControllers(BaseSearchIndexProvider.java:195)
08-02 00:49:58.565  1212  3650 E HardwareInfoFeatureProviderImpl: 	at com.android.settings.search.BaseSearchIndexProvider.getDynamicRawDataToIndex(BaseSearchIndexProvider.java:102)
08-02 00:49:58.565  1212  3650 E HardwareInfoFeatureProviderImpl: 	at com.android.settings.search.SettingsSearchIndexablesProvider.getDynamicSearchIndexableRawData(SettingsSearchIndexablesProvider.java:379)
08-02 00:49:58.565  1212  3650 E HardwareInfoFeatureProviderImpl: 	at com.android.settings.search.SettingsSearchIndexablesProvider.queryDynamicRawData(SettingsSearchIndexablesProvider.java:181)
08-02 00:49:58.565  1212  3650 E HardwareInfoFeatureProviderImpl: 	at android.provider.SearchIndexablesProvider.query(SearchIndexablesProvider.java:133)
08-02 00:49:58.565  1212  3650 E HardwareInfoFeatureProviderImpl: 	at android.content.ContentProvider.query(ContentProvider.java:1625)
08-02 00:49:58.565  1212  3650 E HardwareInfoFeatureProviderImpl: 	at android.content.ContentProvider.query(ContentProvider.java:1721)
08-02 00:49:58.565  1212  3650 E HardwareInfoFeatureProviderImpl: 	at android.content.ContentProvider$Transport.query(ContentProvider.java:296)
08-02 00:49:58.565  1212  3650 E HardwareInfoFeatureProviderImpl: 	at android.content.ContentProviderNative.onTransact(ContentProviderNative.java:107)
08-02 00:49:58.565  1212  3650 E HardwareInfoFeatureProviderImpl: 	at android.os.Binder.execTransactInternal(Binder.java:1421)
08-02 00:49:58.565  1212  3650 E HardwareInfoFeatureProviderImpl: 	at android.os.Binder.execTransact(Binder.java:1365)
08-02 00:49:59.066  1212  3650 E ScreenResolutionController: No support
08-02 00:49:59.112  1212  1222 E HardwareInfoFeatureProviderImpl: Could not parse manufactured year from serial.
08-02 00:49:59.112  1212  1222 E HardwareInfoFeatureProviderImpl: java.lang.NumberFormatException: For input string: "E"
08-02 00:49:59.112  1212  1222 E HardwareInfoFeatureProviderImpl: 	at java.lang.Integer.parseInt(Integer.java:781)
08-02 00:49:59.112  1212  1222 E HardwareInfoFeatureProviderImpl: 	at java.lang.Integer.valueOf(Integer.java:1108)
08-02 00:49:59.112  1212  1222 E HardwareInfoFeatureProviderImpl: 	at com.google.android.settings.hardwareinfo.HardwareInfoFeatureProviderGoogleImpl.getManufacturedYear(HardwareInfoFeatureProviderGoogleImpl.kt:24)
08-02 00:49:59.112  1212  1222 E HardwareInfoFeatureProviderImpl: 	at com.android.settings.deviceinfo.hardwareinfo.ManufacturedYearPreferenceController.<init>(ManufacturedYearPreferenceController.kt:26)
08-02 00:49:59.112  1212  1222 E HardwareInfoFeatureProviderImpl: 	at java.lang.reflect.Constructor.newInstance0(Native Method)
08-02 00:49:59.112  1212  1222 E HardwareInfoFeatureProviderImpl: 	at java.lang.reflect.Constructor.newInstance(Constructor.java:343)
08-02 00:49:59.112  1212  1222 E HardwareInfoFeatureProviderImpl: 	at com.android.settings.core.BasePreferenceController.createInstance(BasePreferenceController.java:190)
08-02 00:49:59.112  1212  1222 E HardwareInfoFeatureProviderImpl: 	at com.android.settings.core.PreferenceControllerListHelper.getPreferenceControllersFromXml(PreferenceControllerListHelper.java:86)
08-02 00:49:59.112  1212  1222 E HardwareInfoFeatureProviderImpl: 	at com.android.settings.search.BaseSearchIndexProvider.getPreferenceControllers(BaseSearchIndexProvider.java:195)
08-02 00:49:59.112  1212  1222 E HardwareInfoFeatureProviderImpl: 	at com.android.settings.search.BaseSearchIndexProvider.updateNonIndexableKeysFromControllers(BaseSearchIndexProvider.java:142)
08-02 00:49:59.112  1212  1222 E HardwareInfoFeatureProviderImpl: 	at com.android.settings.search.BaseSearchIndexProvider.getNonIndexableKeys(BaseSearchIndexProvider.java:136)
08-02 00:49:59.112  1212  1222 E HardwareInfoFeatureProviderImpl: 	at com.android.settings.search.SettingsSearchIndexablesProvider.getNonIndexableKeysFromProvider(SettingsSearchIndexablesProvider.java:285)
08-02 00:49:59.112  1212  1222 E HardwareInfoFeatureProviderImpl: 	at com.android.settings.search.SettingsSearchIndexablesProvider.queryNonIndexableKeys(SettingsSearchIndexablesProvider.java:158)
08-02 00:49:59.112  1212  1222 E HardwareInfoFeatureProviderImpl: 	at android.provider.SearchIndexablesProvider.query(SearchIndexablesProvider.java:127)
08-02 00:49:59.112  1212  1222 E HardwareInfoFeatureProviderImpl: 	at android.content.ContentProvider.query(ContentProvider.java:1625)
08-02 00:49:59.112  1212  1222 E HardwareInfoFeatureProviderImpl: 	at android.content.ContentProvider.query(ContentProvider.java:1721)
08-02 00:49:59.112  1212  1222 E HardwareInfoFeatureProviderImpl: 	at android.content.ContentProvider$Transport.query(ContentProvider.java:296)
08-02 00:49:59.112  1212  1222 E HardwareInfoFeatureProviderImpl: 	at android.content.ContentProviderNative.onTransact(ContentProviderNative.java:107)
08-02 00:49:59.112  1212  1222 E HardwareInfoFeatureProviderImpl: 	at android.os.Binder.execTransactInternal(Binder.java:1421)
08-02 00:49:59.112  1212  1222 E HardwareInfoFeatureProviderImpl: 	at android.os.Binder.execTransact(Binder.java:1365)
08-02 00:49:59.327  1212  1222 E FeatureFlagsImplExport: android.os.flagging.AconfigStorageReadException: ERROR_PACKAGE_NOT_FOUND: package com.android.settingslib.widget.theme.flags cannot be found on the device
08-02 00:49:59.902  3142  3334 E GoogleApiManager: Failed to get service from broker. 
08-02 00:49:59.902  3142  3334 E GoogleApiManager: java.lang.SecurityException: Unknown calling package name 'com.google.android.gms'.
08-02 00:49:59.902  3142  3334 E GoogleApiManager: 	at android.os.Parcel.createExceptionOrNull(Parcel.java:3340)
08-02 00:49:59.902  3142  3334 E GoogleApiManager: 	at android.os.Parcel.createException(Parcel.java:3324)
08-02 00:49:59.902  3142  3334 E GoogleApiManager: 	at android.os.Parcel.readException(Parcel.java:3307)
08-02 00:49:59.902  3142  3334 E GoogleApiManager: 	at android.os.Parcel.readException(Parcel.java:3249)
08-02 00:49:59.902  3142  3334 E GoogleApiManager: 	at ayxn.a(:com.google.android.gms@252834038@25.28.34 (260800-787197649):36)
08-02 00:49:59.902  3142  3334 E GoogleApiManager: 	at ayvu.z(:com.google.android.gms@252834038@25.28.34 (260800-787197649):143)
08-02 00:49:59.902  3142  3334 E GoogleApiManager: 	at ayct.run(:com.google.android.gms@252834038@25.28.34 (260800-787197649):42)
08-02 00:49:59.902  3142  3334 E GoogleApiManager: 	at android.os.Handler.handleCallback(Handler.java:995)
08-02 00:49:59.902  3142  3334 E GoogleApiManager: 	at android.os.Handler.dispatchMessage(Handler.java:103)
08-02 00:49:59.902  3142  3334 E GoogleApiManager: 	at civx.mt(:com.google.android.gms@252834038@25.28.34 (260800-787197649):1)
08-02 00:49:59.902  3142  3334 E GoogleApiManager: 	at civx.dispatchMessage(:com.google.android.gms@252834038@25.28.34 (260800-787197649):5)
08-02 00:49:59.902  3142  3334 E GoogleApiManager: 	at android.os.Looper.loopOnce(Looper.java:248)
08-02 00:49:59.902  3142  3334 E GoogleApiManager: 	at android.os.Looper.loop(Looper.java:338)
08-02 00:49:59.902  3142  3334 E GoogleApiManager: 	at android.os.HandlerThread.run(HandlerThread.java:85)
08-02 00:50:00.039  1212  1222 E ScreenResolutionController: No support
08-02 00:50:00.090  1212  3650 E DSRotLockSettingsMngr: No matching device state for posture: 0
08-02 00:50:00.102  1212  3650 E DSRotLockSettingsMngr: No matching device state for posture: 2
08-02 00:50:00.103  1212  3650 E DSRotLockSettingsMngr: No matching device state for posture: 1
08-02 00:50:00.167  1212  1222 E SystemServiceRegistry: No service published for: ethernet
08-02 00:50:00.167  1212  1222 E SystemServiceRegistry: android.os.ServiceManager$ServiceNotFoundException: No service published for: ethernet
08-02 00:50:00.167  1212  1222 E SystemServiceRegistry: 	at android.os.ServiceManager.getServiceOrThrow(ServiceManager.java:203)
08-02 00:50:00.167  1212  1222 E SystemServiceRegistry: 	at android.app.SystemServiceRegistry$149.createService(SystemServiceRegistry.java:2232)
08-02 00:50:00.167  1212  1222 E SystemServiceRegistry: 	at android.app.SystemServiceRegistry$CachedServiceFetcher.getService(SystemServiceRegistry.java:2343)
08-02 00:50:00.167  1212  1222 E SystemServiceRegistry: 	at android.app.SystemServiceRegistry.getSystemService(SystemServiceRegistry.java:1918)
08-02 00:50:00.167  1212  1222 E SystemServiceRegistry: 	at android.app.ContextImpl.getSystemService(ContextImpl.java:2315)
08-02 00:50:00.167  1212  1222 E SystemServiceRegistry: 	at android.content.ContextWrapper.getSystemService(ContextWrapper.java:964)
08-02 00:50:00.167  1212  1222 E SystemServiceRegistry: 	at android.content.Context.getSystemService(Context.java:4630)
08-02 00:50:00.167  1212  1222 E SystemServiceRegistry: 	at com.android.settings.network.tether.TetherSettings$2.getNonIndexableKeys(TetherSettings.java:673)
08-02 00:50:00.167  1212  1222 E SystemServiceRegistry: 	at com.android.settings.search.SettingsSearchIndexablesProvider.getNonIndexableKeysFromProvider(SettingsSearchIndexablesProvider.java:285)
08-02 00:50:00.167  1212  1222 E SystemServiceRegistry: 	at com.android.settings.search.SettingsSearchIndexablesProvider.queryNonIndexableKeys(SettingsSearchIndexablesProvider.java:158)
08-02 00:50:00.167  1212  1222 E SystemServiceRegistry: 	at android.provider.SearchIndexablesProvider.query(SearchIndexablesProvider.java:127)
08-02 00:50:00.167  1212  1222 E SystemServiceRegistry: 	at android.content.ContentProvider.query(ContentProvider.java:1625)
08-02 00:50:00.167  1212  1222 E SystemServiceRegistry: 	at android.content.ContentProvider.query(ContentProvider.java:1721)
08-02 00:50:00.167  1212  1222 E SystemServiceRegistry: 	at android.content.ContentProvider$Transport.query(ContentProvider.java:296)
08-02 00:50:00.167  1212  1222 E SystemServiceRegistry: 	at android.content.ContentProviderNative.onTransact(ContentProviderNative.java:107)
08-02 00:50:00.167  1212  1222 E SystemServiceRegistry: 	at android.os.Binder.execTransactInternal(Binder.java:1421)
08-02 00:50:00.167  1212  1222 E SystemServiceRegistry: 	at android.os.Binder.execTransact(Binder.java:1365)
08-02 00:50:00.555  1212  3650 E ScreenResolutionController: No support
08-02 00:50:00.908  1212  1222 E BaseSearchIndex: Error trying to get non-indexable keys from: com.android.settings.network.telephony.satellite.SatelliteSettingsPreferenceCategoryController@567c8e2
08-02 00:50:00.908  1212  1222 E BaseSearchIndex: java.lang.NullPointerException: Attempt to invoke virtual method 'android.os.PersistableBundle com.android.settings.network.CarrierConfigCache.getConfigForSubId(int)' on a null object reference
08-02 00:50:00.908  1212  1222 E BaseSearchIndex: 	at com.android.settings.network.telephony.satellite.SatelliteSettingsPreferenceCategoryController.getAvailabilityStatus(SatelliteSettingsPreferenceCategoryController.java:102)
08-02 00:50:00.908  1212  1222 E BaseSearchIndex: 	at com.android.settings.network.telephony.TelephonyBasePreferenceController$$ExternalSyntheticLambda0.getAvailabilityStatus(R8$$SyntheticClass:0)
08-02 00:50:00.908  1212  1222 E BaseSearchIndex: 	at com.android.settings.network.telephony.MobileNetworkUtils.getAvailability(MobileNetworkUtils.java:509)
08-02 00:50:00.908  1212  1222 E BaseSearchIndex: 	at com.android.settings.network.telephony.TelephonyBasePreferenceController.getAvailabilityStatus(TelephonyBasePreferenceController.java:44)
08-02 00:50:00.908  1212  1222 E BaseSearchIndex: 	at com.android.settings.core.BasePreferenceController.isAvailableForSearch(BasePreferenceController.java:274)
08-02 00:50:00.908  1212  1222 E BaseSearchIndex: 	at com.android.settings.core.BasePreferenceController.updateNonIndexableKeys(BasePreferenceController.java:324)
08-02 00:50:00.908  1212  1222 E BaseSearchIndex: 	at com.android.settings.search.BaseSearchIndexProvider.updateNonIndexableKeysFromController(BaseSearchIndexProvider.java:156)
08-02 00:50:00.908  1212  1222 E BaseSearchIndex: 	at com.android.settings.search.BaseSearchIndexProvider.updateNonIndexableKeysFromControllers(BaseSearchIndexProvider.java:145)
08-02 00:50:00.908  1212  1222 E BaseSearchIndex: 	at com.android.settings.search.BaseSearchIndexProvider.getNonIndexableKeys(BaseSearchIndexProvider.java:136)
08-02 00:50:00.908  1212  1222 E BaseSearchIndex: 	at com.android.settings.search.SettingsSearchIndexablesProvider.getNonIndexableKeysFromProvider(SettingsSearchIndexablesProvider.java:285)
08-02 00:50:00.908  1212  1222 E BaseSearchIndex: 	at com.android.settings.search.SettingsSearchIndexablesProvider.queryNonIndexableKeys(SettingsSearchIndexablesProvider.java:158)
08-02 00:50:00.908  1212  1222 E BaseSearchIndex: 	at android.provider.SearchIndexablesProvider.query(SearchIndexablesProvider.java:127)
08-02 00:50:00.908  1212  1222 E BaseSearchIndex: 	at android.content.ContentProvider.query(ContentProvider.java:1625)
08-02 00:50:00.908  1212  1222 E BaseSearchIndex: 	at android.content.ContentProvider.query(ContentProvider.java:1721)
08-02 00:50:00.908  1212  1222 E BaseSearchIndex: 	at android.content.ContentProvider$Transport.query(ContentProvider.java:296)
08-02 00:50:00.908  1212  1222 E BaseSearchIndex: 	at android.content.ContentProviderNative.onTransact(ContentProviderNative.java:107)
08-02 00:50:00.908  1212  1222 E BaseSearchIndex: 	at android.os.Binder.execTransactInternal(Binder.java:1421)
08-02 00:50:00.908  1212  1222 E BaseSearchIndex: 	at android.os.Binder.execTransact(Binder.java:1365)
08-02 00:50:00.943  1212  1222 E ConvertToEsimPreference: Fail to check pSIM conversion supported carrier: Attempt to invoke virtual method 'boolean android.telephony.euicc.EuiccManager.isPsimConversionSupported(int)' on a null object reference
08-02 00:50:00.945  1212  1222 E ConvertToEsimPreference: Fail to check pSIM conversion supported carrier: Attempt to invoke virtual method 'boolean android.telephony.euicc.EuiccManager.isPsimConversionSupported(int)' on a null object reference
08-02 00:50:01.202  1654  2115 E GoogleSettingsUtils: Cannot write token, exception in Context lookup [CONTEXT service_id=130 ]
08-02 00:50:01.202  1654  2115 E GoogleSettingsUtils: java.io.FileNotFoundException: /data/user/0/com.google.android.gsf/files/security_token: open failed: ENOENT (No such file or directory)
08-02 00:50:01.202  1654  2115 E GoogleSettingsUtils: 	at libcore.io.IoBridge.open(IoBridge.java:574)
08-02 00:50:01.202  1654  2115 E GoogleSettingsUtils: 	at java.io.FileOutputStream.<init>(FileOutputStream.java:259)
08-02 00:50:01.202  1654  2115 E GoogleSettingsUtils: 	at android.app.ContextImpl.openFileOutput(ContextImpl.java:794)
08-02 00:50:01.202  1654  2115 E GoogleSettingsUtils: 	at atxz.a(:com.google.android.gms@252834038@25.28.34 (260800-787197649):1738)
08-02 00:50:01.202  1654  2115 E GoogleSettingsUtils: 	at atzj.a(:com.google.android.gms@252834038@25.28.34 (260800-787197649):834)
08-02 00:50:01.202  1654  2115 E GoogleSettingsUtils: 	at com.google.android.gms.checkin.CheckinIntentOperation.onHandleIntent(:com.google.android.gms@252834038@25.28.34 (260800-787197649):30)
08-02 00:50:01.202  1654  2115 E GoogleSettingsUtils: 	at com.google.android.chimera.IntentOperation.onHandleIntent(:com.google.android.gms@252834038@25.28.34 (260800-787197649):2)
08-02 00:50:01.202  1654  2115 E GoogleSettingsUtils: 	at aumb.onHandleIntent(:com.google.android.gms@252834038@25.28.34 (260800-787197649):8)
08-02 00:50:01.202  1654  2115 E GoogleSettingsUtils: 	at vxi.run(:com.google.android.gms@252834038@25.28.34 (260800-787197649):64)
08-02 00:50:01.202  1654  2115 E GoogleSettingsUtils: 	at vxh.run(:com.google.android.gms@252834038@25.28.34 (260800-787197649):132)
08-02 00:50:01.202  1654  2115 E GoogleSettingsUtils: 	at fyrx.run(:com.google.android.gms@252834038@25.28.34 (260800-787197649):21)
08-02 00:50:01.202  1654  2115 E GoogleSettingsUtils: 	at java.util.concurrent.ThreadPoolExecutor.runWorker(ThreadPoolExecutor.java:1156)
08-02 00:50:01.202  1654  2115 E GoogleSettingsUtils: 	at java.util.concurrent.ThreadPoolExecutor$Worker.run(ThreadPoolExecutor.java:651)
08-02 00:50:01.202  1654  2115 E GoogleSettingsUtils: 	at java.lang.Thread.run(Thread.java:1119)
08-02 00:50:01.202  1654  2115 E GoogleSettingsUtils: Caused by: android.system.ErrnoException: open failed: ENOENT (No such file or directory)
08-02 00:50:01.202  1654  2115 E GoogleSettingsUtils: 	at libcore.io.Linux.open(Native Method)
08-02 00:50:01.202  1654  2115 E GoogleSettingsUtils: 	at libcore.io.ForwardingOs.open(ForwardingOs.java:568)
08-02 00:50:01.202  1654  2115 E GoogleSettingsUtils: 	at libcore.io.BlockGuardOs.open(BlockGuardOs.java:274)
08-02 00:50:01.202  1654  2115 E GoogleSettingsUtils: 	at libcore.io.ForwardingOs.open(ForwardingOs.java:568)
08-02 00:50:01.202  1654  2115 E GoogleSettingsUtils: 	at android.app.ActivityThread$AndroidOs.open(ActivityThread.java:8953)
08-02 00:50:01.202  1654  2115 E GoogleSettingsUtils: 	at libcore.io.IoBridge.open(IoBridge.java:560)
08-02 00:50:01.202  1654  2115 E GoogleSettingsUtils: 	... 13 more
08-02 00:50:01.209  1212  1222 E ScreenResolutionController: No support
08-02 00:50:01.252  1654  3495 E Pay     : NfcAdapter is null while obtaining CardEmulation instance. [CONTEXT service_id=198 ]
08-02 00:50:01.252  1654  3495 E Pay     : CardEmulation is null while checking aid registration. [CONTEXT service_id=198 ]
08-02 00:50:01.377  3684  3684 E android.traceur: Not starting debugger since process cannot load the jdwp agent.
08-02 00:50:01.563  3701  3701 E .android.gms.ui: Not starting debugger since process cannot load the jdwp agent.
08-02 00:50:01.758   200   212 E lowmemorykiller: process_mrelease 2456 failed: No such process
08-02 00:50:01.866   200   211 E lowmemorykiller: process_mrelease 2580 failed: No such process
08-02 00:50:01.874  3737  3737 E marvin.talkback: Not starting debugger since process cannot load the jdwp agent.
08-02 00:50:01.945   200   212 E lowmemorykiller: process_mrelease 2669 failed: No such process
08-02 00:50:02.022   200   211 E lowmemorykiller: process_mrelease 2694 failed: No such process
08-02 00:50:02.125   200   212 E lowmemorykiller: process_mrelease 2741 failed: No such process
08-02 00:50:02.134  3684  3700 E ashmem  : Pinning is deprecated since Android Q. Please use trim or other methods.
08-02 00:50:02.453  1250  3430 E ctxmgr  : [ShushGestureSensor] Context hub handle not found [CONTEXT service_id=47 ]
08-02 00:50:02.531  1605  1605 E rdv     : onError
08-02 00:50:02.531  1605  1605 E rdv     : afvv: errorCode: 65561, engine: 2
08-02 00:50:02.531  1605  1605 E rdv     : 	at auki.a(PG:23)
08-02 00:50:02.531  1605  1605 E rdv     : 	at abhl.hv(PG:13)
08-02 00:50:02.531  1605  1605 E rdv     : 	at fyqd.e(PG:9)
08-02 00:50:02.531  1605  1605 E rdv     : 	at ahbi.d(PG:154)
08-02 00:50:02.531  1605  1605 E rdv     : 	at ahbi.iW(PG:26)
08-02 00:50:02.531  1605  1605 E rdv     : 	at abhm.c(PG:102)
08-02 00:50:02.531  1605  1605 E rdv     : 	at abhn.run(PG:1)
08-02 00:50:02.531  1605  1605 E rdv     : 	at java.util.concurrent.Executors$RunnableAdapter.call(Executors.java:524)
08-02 00:50:02.531  1605  1605 E rdv     : 	at java.util.concurrent.FutureTask.run(FutureTask.java:317)
08-02 00:50:02.531  1605  1605 E rdv     : 	at aggv.run(PG:20)
08-02 00:50:02.531  1605  1605 E rdv     : 	at aght.run(PG:3)
08-02 00:50:02.531  1605  1605 E rdv     : 	at aght.run(PG:3)
08-02 00:50:02.531  1605  1605 E rdv     : 	at java.util.concurrent.ThreadPoolExecutor.runWorker(ThreadPoolExecutor.java:1156)
08-02 00:50:02.531  1605  1605 E rdv     : 	at java.util.concurrent.ThreadPoolExecutor$Worker.run(ThreadPoolExecutor.java:651)
08-02 00:50:02.531  1605  1605 E rdv     : 	at java.lang.Thread.run(Thread.java:1119)
08-02 00:50:02.531  1605  1605 E rdv     : 	at aggj.run(PG:42)
08-02 00:50:02.531  1605  1605 E rdv     : Caused by: afvx: errorCode: 65586, engine: 2
08-02 00:50:02.531  1605  1605 E rdv     : 	at abhl.hv(PG:6)
08-02 00:50:02.531  1605  1605 E rdv     : 	... 14 more
08-02 00:50:02.531  1605  1605 E rdv     : Caused by: afvt: errorCode: 401, engine: 2
08-02 00:50:02.531  1605  1605 E rdv     : 	at rds.b(PG:30)
08-02 00:50:02.531  1605  1605 E rdv     : 	at abii.hJ(PG:11)
08-02 00:50:02.531  1605  1605 E rdv     : 	at ahbi.d(PG:129)
08-02 00:50:02.531  1605  1605 E rdv     : 	... 12 more
