08-02 00:48:47.399   680   680 E SettingsState: invalid override flag name captive_portal_login/use_any_custom_tab_provider
08-02 00:48:47.399   680   680 E SettingsState: invalid override flag name odad/phl_autofill_hint_suspicious_score
08-02 00:48:47.399   680   680 E SettingsState: invalid override flag name adservices/measurement_enable_odp_web_trigger_registration
08-02 00:48:47.399   680   680 E SettingsState: invalid override flag name adservices/enable_back_compat
08-02 00:48:47.399   680   680 E SettingsState: invalid override flag name aicore/AicModels__mdd_maintenance_at_init_enabled
08-02 00:48:47.399   680   680 E SettingsState: invalid override flag name adservices/measurement_enable_delete_reports_on_unrecoverable_exception
08-02 00:48:47.399   680   680 E SettingsState: invalid override flag name adservices/mdd_network_stats_logging_sample_interval
08-02 00:48:47.399   680   680 E SettingsState: invalid override flag name health_fitness/count_migration_state_in_progress
08-02 00:48:47.399   680   680 E SettingsState: invalid override flag name odad/phl_button_scores
08-02 00:48:47.399   680   680 E SettingsState: invalid override flag name input_method/InputMethodManager__hide_ime_when_no_editor_focus
08-02 00:48:47.399   680   680 E SettingsState: invalid override flag name odad/cp_debug_keywords
08-02 00:48:47.399   680   680 E SettingsState: invalid override flag name on_device_personalization/default_scheduling_period_secs
08-02 00:48:47.399   680   680 E SettingsState: invalid override flag name aicore/AicSafety__messages_custom_protection_enabled
08-02 00:48:47.399   680   680 E SettingsState: invalid override flag name device_personalization_services/AicModels__mdd_filter_filegroups_for_background_jobs
08-02 00:48:47.399   680   680 E SettingsState: invalid override flag name media/player_metrics_per_app_user_media_activity_allowlist
08-02 00:48:47.399   680   680 E SettingsState: invalid override flag name notification_assistant/generate_actions
08-02 00:48:47.399   680   680 E SettingsState: invalid override flag name health_fitness/migration_completion_job_run_interval_days
08-02 00:48:47.399   680   680 E SettingsState: invalid override flag name adservices/fledge_auction_server_enable_pas_unlimited_egress
08-02 00:48:47.399   680   680 E SettingsState: invalid override flag name netd_native/max_cache_entries
08-02 00:48:47.399   680   680 E SettingsState: invalid override flag name device_personalization_services/PccFlogger__enable_pcc_flogger_backend
08-02 00:48:47.399   680   680 E SettingsState: invalid override flag name privacy/safety_center_show_subpages
08-02 00:48:47.399   680   680 E SettingsState: invalid override flag name device_personalization_services/VisualCortex__enable
08-02 00:48:47.399   680   680 E SettingsState: invalid override flag name aicore/AicSafety__use_flexible_safety_magic_rewrite_classifier
08-02 00:48:47.399   680   680 E SettingsState: invalid override flag name nnapi_native/telemetry_enable
08-02 00:48:47.399   680   680 E SettingsState: invalid override flag name device_personalization_services/NowPlaying__enable_now_playing_quick_settings
08-02 00:48:47.399   680   680 E SettingsState: invalid override flag name odad/max_low_cost_scanning_apps
08-02 00:48:47.399   680   680 E SettingsState: invalid override flag name odad/max_classification_reports
08-02 00:48:47.399   680   680 E SettingsState: invalid override flag name health_fitness/RateLimiter__max_write_requests_per_24h_background
08-02 00:48:47.399   680   680 E SettingsState: invalid override flag name adservices/fledge_background_fetch_thread_pool_size
08-02 00:48:47.399   680   680 E SettingsState: invalid override flag name connectivity/ipclient_multicast_ns_version
08-02 00:48:47.399   680   680 E SettingsState: invalid override flag name health_fitness/RateLimiter__max_read_requests_per_15m_foreground
08-02 00:48:47.399   680   680 E SettingsState: invalid override flag name adservices/topics_number_of_random_topics
08-02 00:48:47.399   680   680 E SettingsState: invalid override flag name device_personalization_services/AicModels__mdd_enable_background_jobs
08-02 00:48:47.399   680   680 E SettingsState: invalid override flag name runtime_native_boot/iorap_perfetto_enable
08-02 00:48:47.399   680   680 E SettingsState: invalid override flag name odad/phl_text_box_score
08-02 00:48:47.399   680   680 E SettingsState: invalid override flag name privacy/safety_label_changes_job_interval_millis
08-02 00:48:47.399   680   680 E SettingsState: invalid override flag name on_device_personalization/fcp_enable_authentication
08-02 00:48:47.399   680   680 E SettingsState: invalid override flag name package_manager_service/Archiving__enable_archiving
08-02 00:48:47.399   680   680 E SettingsState: invalid override flag name adservices/mdd_enrollment_manifest_file_url
08-02 00:48:47.399   680   680 E SettingsState: invalid override flag name adservices/protected_signals_cleanup_enabled
08-02 00:48:47.399   680   680 E SettingsState: invalid override flag name exo/use_target_dpi
08-02 00:48:47.399   680   680 E SettingsState: invalid override flag name adservices/topics_on_device_classifier_kill_switch
08-02 00:48:47.399   680   680 E SettingsState: invalid override flag name odad/safety_center_bll_warnings_v2_enabled
08-02 00:48:47.399   680   680 E SettingsState: invalid override flag name textclassifier/manifest_download_max_attempts
08-02 00:48:47.399   680   680 E SettingsState: invalid override flag name content_capture/content_protection_optional_groups_config
08-02 00:48:47.399   680   680 E SettingsState: invalid override flag name aicore/AicFeatures__features
08-02 00:48:47.399   680   680 E SettingsState: invalid override flag name adservices/enrollment_proto_file_enabled
08-02 00:48:47.399   680   680 E SettingsState: invalid override flag name odad/old_versioned_ww_data_enabled
08-02 00:48:47.399   680   680 E SettingsState: invalid override flag name adservices/measurement_async_registration_job_trigger_max_delay_ms
08-02 00:48:47.399   680   680 E SettingsState: invalid override flag name adservices/fledge_custom_audience_per_app_max_count
08-02 00:48:47.399   680   680 E SettingsState: invalid override flag name odad/safety_center_refresh_sources_enabled
08-02 00:48:47.399   680   680 E SettingsState: invalid override flag name wifi/abnormal_connection_failure_bugreport_enabled
08-02 00:48:47.399   680   680 E SettingsState: invalid override flag name adservices/measurement_job_aggregate_reporting_kill_switch
08-02 00:48:47.399   680   680 E SettingsState: invalid override flag name device_personalization_services/SmartNotification__application_channel_verify_rules
08-02 00:48:47.399   680   680 E SettingsState: invalid override flag name aicore/AicFeatures__customer_packages
08-02 00:48:47.399   680   680 E SettingsState: invalid override flag name adservices/fledge_auction_server_key_fetch_metrics_enabled
08-02 00:48:47.399   680   680 E SettingsState: invalid override flag name odad/phl_clickable_text_view_score
08-02 00:48:47.399   680   680 E SettingsState: invalid override flag name connectivity/dhcp_init_reboot_enabled
08-02 00:48:47.399   680   680 E SettingsState: invalid override flag name adservices/measurement_enable_aggregatable_report_payload_padding
08-02 00:48:47.399   680   680 E SettingsState: invalid override flag name adservices/fledge_auction_server_join_key_fetch_uri
08-02 00:48:47.399   680   680 E SettingsState: invalid override flag name connectivity/dhcp_ip_conflict_detect_version
08-02 00:48:47.399   680   680 E SettingsState: invalid override flag name device_personalization_services/Captions__enable_drag_and_double_tap_to_resize
08-02 00:48:47.399   680   680 E SettingsState: invalid override flag name odad/bll_classifier_enabled
08-02 00:48:47.399   680   680 E SettingsState: invalid override flag name health_fitness/RateLimiter__max_read_requests_per_24h_background
08-02 00:48:47.399   680   680 E SettingsState: invalid override flag name adservices/measurement_max_sources_per_publisher
08-02 00:48:47.399   680   680 E SettingsState: invalid override flag name device_personalization_services/NowPlaying__enable_now_playing_ipc
08-02 00:48:47.399   680   680 E SettingsState: invalid override flag name privacy/safety_center_background_refresh_denied_sources
08-02 00:48:47.399   680   680 E SettingsState: invalid override flag name privacy/safety_center_background_requires_charging
08-02 00:48:47.399   680   680 E SettingsState: invalid override flag name odad/safety_center_killswitch
08-02 00:48:47.399   680   680 E SettingsState: invalid override flag name aicore/AicModels__mdd_manifest_config
08-02 00:48:47.399   680   680 E SettingsState: invalid override flag name aicore/AicCommon__serving_group_mismatch_exception_enabled
08-02 00:48:47.399   680   680 E SettingsState: invalid override flag name health_fitness/cloud_restore_enable
08-02 00:48:47.399   680   680 E SettingsState: invalid override flag name wifi/health_monitor_ratio_thr_numerator
08-02 00:48:47.399   680   680 E SettingsState: invalid override flag name credential_manager/credential_manager_service_search_uri
08-02 00:48:47.399   680   680 E SettingsState: invalid override flag name adservices/u18_ux_enabled
08-02 00:48:47.399   680   680 E SettingsState: invalid override flag name device_personalization_services/Captions__enable_augmented_modality_input
08-02 00:48:47.400   680   680 E SettingsState: invalid override flag name appsearch/contacts_indexer_enabled
08-02 00:48:47.400   680   680 E SettingsState: invalid override flag name aicore/AicSafety__messages_output_screen_classification_enabled
08-02 00:48:47.400   680   680 E SettingsState: invalid override flag name adservices/measurement_enable_event_level_epsilon_in_source
08-02 00:48:47.400   680   680 E SettingsState: invalid override flag name adservices/measurement_job_delete_uninstalled_kill_switch
08-02 00:48:47.400   680   680 E SettingsState: invalid override flag name connectivity/dhcp_rapid_commit_version
08-02 00:48:47.400   680   680 E SettingsState: invalid override flag name on_device_personalization/fcp_enable_encryption
08-02 00:48:47.400   680   680 E SettingsState: invalid override flag name device_personalization_services/NowPlaying__ambient_music_update_album_art_old_recognitions
08-02 00:48:47.400   680   680 E SettingsState: invalid override flag name adservices/measurement_max_triggers_per_destination
08-02 00:48:47.400   680   680 E SettingsState: invalid override flag name adservices/measurement_default_destination_limit_algorithm
08-02 00:48:47.400   680   680 E SettingsState: invalid override flag name adservices/fledge_debug_report_sender_job_period_ms
08-02 00:48:47.400   680   680 E SettingsState: invalid override flag name adservices/measurement_aggregate_reporting_job_required_network_type
08-02 00:48:47.400   680   680 E SettingsState: invalid override flag name odad/phl_autofill_hint_critical_score
08-02 00:48:47.400   680   680 E SettingsState: invalid override flag name adservices/fledge_background_fetch_network_connect_timeout_ms
08-02 00:48:47.400   680   680 E SettingsState: invalid override flag name device_personalization_services/NotificationAssistant__enable_service
08-02 00:48:47.400   680   680 E SettingsState: invalid override flag name on_device_personalization/web_trigger_flow_deadline_seconds
08-02 00:48:47.400   680   680 E SettingsState: invalid override flag name aicore/AicOnDeviceIntelligence__enable_fd_caching_for_lightweight_features
08-02 00:48:47.400   680   680 E SettingsState: invalid override flag name device_personalization_services/SmartNotification__excluded_packages
08-02 00:48:47.400   680   680 E SettingsState: invalid override flag name launcher_lily/HomeScreenShortcuts__enable_camera_block
08-02 00:48:47.400   680   680 E SettingsState: invalid override flag name adservices/measurement_enforce_foreground_status_register_source
08-02 00:48:47.400   680   680 E SettingsState: invalid override flag name adservices/measurement_event_reports_ctc_early_reporting_windows
08-02 00:48:47.400   680   680 E SettingsState: invalid override flag name adservices/measurement_enforce_foreground_status_register_web_source
08-02 00:48:47.400   680   680 E SettingsState: invalid override flag name device_personalization_services/NoOp__flag_for_droidfood
08-02 00:48:47.400   680   680 E SettingsState: invalid override flag name autofill/trigger_fill_request_on_unimportant_view
08-02 00:48:47.400   680   680 E SettingsState: invalid override flag name device_personalization_services/Superpacks__require_battery_not_low_by_default
08-02 00:48:47.400   680   680 E SettingsState: invalid override flag name configuration/beta_public_launch
08-02 00:48:47.400   680   680 E SettingsState: invalid override flag name device_personalization_services/ViewSemantics__model_version
08-02 00:48:47.400   680   680 E SettingsState: invalid override flag name device_personalization_services/SmartSelect__enable_smart_select_example_cache_on_suggest_selection
08-02 00:48:47.400   680   680 E SettingsState: invalid override flag name interaction_jank_monitor/trace_threshold_frame_time_millis
08-02 00:48:47.400   680   680 E SettingsState: invalid override flag name adservices/enable_appsearch_consent_data
08-02 00:48:47.400   680   680 E SettingsState: invalid override flag name uwb/device_error_bugreport_enabled
08-02 00:48:47.400   680   680 E SettingsState: invalid override flag name aicore/AicSafety__periodic_refresh_only_requested_clients_enabled
08-02 00:48:47.400   680   680 E SettingsState: invalid override flag name device_personalization_services/Overview__enable_pir_westworld_logging
08-02 00:48:47.400   680   680 E SettingsState: invalid override flag name activity_manager_native_boot/modern_queue_enabled
08-02 00:48:47.400   680   680 E SettingsState: invalid override flag name adservices/mdd_maintenance_gcm_task_period_seconds
08-02 00:48:47.400   680   680 E SettingsState: invalid override flag name media/player_metrics_per_app_use_time_allowlist
08-02 00:48:47.400   680   680 E SettingsState: invalid override flag name device_personalization_services/PccStorageStats__directory_report_known_directory_names
08-02 00:48:47.400   680   680 E SettingsState: invalid override flag name device_personalization_services/EchoSmartspace__enable_ambient_data_predictor
08-02 00:48:47.400   680   680 E SettingsState: invalid override flag name textclassifier/manifest_url_annotator_universal
08-02 00:48:47.400   680   680 E SettingsState: invalid override flag name device_personalization_services/SpeechRecognitionService__max_concurrent_recognition_sessions
08-02 00:48:47.400   680   680 E SettingsState: invalid override flag name package_manager_service/MinInstallableTargetSdkStrictMode__install_block_strict_mode_enabled
08-02 00:48:47.400   680   680 E SettingsState: invalid override flag name adservices/fledge_report_impression_api_metrics_enabled
08-02 00:48:47.400   680   680 E SettingsState: invalid override flag name connectivity/ipclient_accept_ipv6_link_local_dns_version
08-02 00:48:47.435   680   680 E ashmem  : Pinning is deprecated since Android Q. Please use trim or other methods.
08-02 00:48:47.549   680   680 E system_server: Class descriptors 'com.android.server.inputflinger.IInputFlingerRust' match during associateClass, but they are different class objects (0x7845b88e27d0 vs 0x7845b88eb7c0). Class descriptor collision?
08-02 00:48:47.551   680   680 E system_server: Class descriptors 'com.android.server.inputflinger.IInputFilter' match during associateClass, but they are different class objects (0x7845b88e38e0 vs 0x7845b88ec320). Class descriptor collision?
08-02 00:48:47.560   680   680 E DeviceStateManagerService: Cannot notify device state info change before the initial state has been committed.
08-02 00:48:48.565   680   680 E PowerManagerService: Tried to acquire wake lock for invalid display: 0
08-02 00:48:48.570   680   680 E SoundTriggerMiddlewareImpl: Failed to add a SoundTriggerModule instance
08-02 00:48:48.570   680   680 E SoundTriggerMiddlewareImpl: java.util.NoSuchElementException
08-02 00:48:48.570   680   680 E SoundTriggerMiddlewareImpl: 	at android.os.HwBinder.getService(Native Method)
08-02 00:48:48.570   680   680 E SoundTriggerMiddlewareImpl: 	at android.hardware.soundtrigger.V2_0.ISoundTriggerHw.getService(ISoundTriggerHw.java:57)
08-02 00:48:48.570   680   680 E SoundTriggerMiddlewareImpl: 	at android.hardware.soundtrigger.V2_0.ISoundTriggerHw.getService(ISoundTriggerHw.java:64)
08-02 00:48:48.570   680   680 E SoundTriggerMiddlewareImpl: 	at com.android.server.soundtrigger_middleware.DefaultHalFactory.create(DefaultHalFactory.java:76)
08-02 00:48:48.570   680   680 E SoundTriggerMiddlewareImpl: 	at com.android.server.soundtrigger_middleware.SoundTriggerModule.attachToHal(SoundTriggerModule.java:176)
08-02 00:48:48.570   680   680 E SoundTriggerMiddlewareImpl: 	at com.android.server.soundtrigger_middleware.SoundTriggerModule.<init>(SoundTriggerModule.java:105)
08-02 00:48:48.570   680   680 E SoundTriggerMiddlewareImpl: 	at com.android.server.soundtrigger_middleware.SoundTriggerMiddlewareImpl.<init>(SoundTriggerMiddlewareImpl.java:86)
08-02 00:48:48.570   680   680 E SoundTriggerMiddlewareImpl: 	at com.android.server.soundtrigger_middleware.SoundTriggerMiddlewareService$Lifecycle.onStart(SoundTriggerMiddlewareService.java:248)
08-02 00:48:48.570   680   680 E SoundTriggerMiddlewareImpl: 	at com.android.server.SystemServiceManager.startService(SystemServiceManager.java:280)
08-02 00:48:48.570   680   680 E SoundTriggerMiddlewareImpl: 	at com.android.server.SystemServiceManager.startService(SystemServiceManager.java:257)
08-02 00:48:48.570   680   680 E SoundTriggerMiddlewareImpl: 	at com.android.server.SystemServer.startOtherServices(SystemServer.java:2417)
08-02 00:48:48.570   680   680 E SoundTriggerMiddlewareImpl: 	at com.android.server.SystemServer.run(SystemServer.java:988)
08-02 00:48:48.570   680   680 E SoundTriggerMiddlewareImpl: 	at com.android.server.SystemServer.main(SystemServer.java:689)
08-02 00:48:48.570   680   680 E SoundTriggerMiddlewareImpl: 	at java.lang.reflect.Method.invoke(Native Method)
08-02 00:48:48.570   680   680 E SoundTriggerMiddlewareImpl: 	at com.android.internal.os.RuntimeInit$MethodAndArgsCaller.run(RuntimeInit.java:593)
08-02 00:48:48.570   680   680 E SoundTriggerMiddlewareImpl: 	at com.android.internal.os.ZygoteInit.main(ZygoteInit.java:910)
08-02 00:48:48.835   680   680 E SystemServiceRegistry: No service published for: face
08-02 00:48:48.835   680   680 E SystemServiceRegistry: android.os.ServiceManager$ServiceNotFoundException: No service published for: face
08-02 00:48:48.835   680   680 E SystemServiceRegistry: 	at android.os.ServiceManager.getServiceOrThrow(ServiceManager.java:203)
08-02 00:48:48.835   680   680 E SystemServiceRegistry: 	at android.app.SystemServiceRegistry$72.createService(SystemServiceRegistry.java:993)
08-02 00:48:48.835   680   680 E SystemServiceRegistry: 	at android.app.SystemServiceRegistry$72.createService(SystemServiceRegistry.java:987)
08-02 00:48:48.835   680   680 E SystemServiceRegistry: 	at android.app.SystemServiceRegistry$CachedServiceFetcher.getService(SystemServiceRegistry.java:2343)
08-02 00:48:48.835   680   680 E SystemServiceRegistry: 	at android.app.SystemServiceRegistry.getSystemService(SystemServiceRegistry.java:1918)
08-02 00:48:48.835   680   680 E SystemServiceRegistry: 	at android.app.ContextImpl.getSystemService(ContextImpl.java:2315)
08-02 00:48:48.835   680   680 E SystemServiceRegistry: 	at android.content.Context.getSystemService(Context.java:4630)
08-02 00:48:48.835   680   680 E SystemServiceRegistry: 	at com.android.server.biometrics.BiometricService$Injector.getSettingObserver(BiometricService.java:1314)
08-02 00:48:48.835   680   680 E SystemServiceRegistry: 	at com.android.server.biometrics.BiometricService.<init>(BiometricService.java:1409)
08-02 00:48:48.835   680   680 E SystemServiceRegistry: 	at com.android.server.biometrics.BiometricService.<init>(BiometricService.java:1396)
08-02 00:48:48.835   680   680 E SystemServiceRegistry: 	at java.lang.reflect.Constructor.newInstance0(Native Method)
08-02 00:48:48.835   680   680 E SystemServiceRegistry: 	at java.lang.reflect.Constructor.newInstance(Constructor.java:343)
08-02 00:48:48.835   680   680 E SystemServiceRegistry: 	at com.android.server.SystemServiceManager.startService(SystemServiceManager.java:242)
08-02 00:48:48.835   680   680 E SystemServiceRegistry: 	at com.android.server.SystemServer.startOtherServices(SystemServer.java:2725)
08-02 00:48:48.835   680   680 E SystemServiceRegistry: 	at com.android.server.SystemServer.run(SystemServer.java:988)
08-02 00:48:48.835   680   680 E SystemServiceRegistry: 	at com.android.server.SystemServer.main(SystemServer.java:689)
08-02 00:48:48.835   680   680 E SystemServiceRegistry: 	at java.lang.reflect.Method.invoke(Native Method)
08-02 00:48:48.835   680   680 E SystemServiceRegistry: 	at com.android.internal.os.RuntimeInit$MethodAndArgsCaller.run(RuntimeInit.java:593)
08-02 00:48:48.835   680   680 E SystemServiceRegistry: 	at com.android.internal.os.ZygoteInit.main(ZygoteInit.java:910)
08-02 00:48:48.836   680   680 E SystemServiceRegistry: Manager wrapper not available: face
08-02 00:48:48.848   680   882 E AuthService: Face configuration exists, but FaceService is null.
08-02 00:48:49.025   884   892 E fingerprint-service.ranchu: openFile:48 failure: open('/data/vendor_de/0/fpdata/sensor0.bin', output=0) failed with errno=2
08-02 00:48:49.089   680   680 E AutofillManagerServiceImpl: Bad service name: com.google.android.gms/.autofill.service.AutofillService
08-02 00:48:49.090   680   680 E RemoteAugmentedAutofillService: Bad service name for flags 1048704: com.google.android.as/com.google.android.apps.miphone.aiai.app.AiAiAugmentedAutofillService
08-02 00:48:50.211   680   709 E UsbDeviceManager: connectToProxy: usb gadget hidl hal service not found.
08-02 00:48:50.211   680   709 E UsbDeviceManager: java.util.NoSuchElementException
08-02 00:48:50.211   680   709 E UsbDeviceManager: 	at android.os.HwBinder.getService(Native Method)
08-02 00:48:50.211   680   709 E UsbDeviceManager: 	at android.hardware.usb.gadget.V1_0.IUsbGadget.getService(IUsbGadget.java:57)
08-02 00:48:50.211   680   709 E UsbDeviceManager: 	at android.hardware.usb.gadget.V1_0.IUsbGadget.getService(IUsbGadget.java:64)
08-02 00:48:50.211   680   709 E UsbDeviceManager: 	at com.android.server.usb.hal.gadget.UsbGadgetHidl.isServicePresent(UsbGadgetHidl.java:128)
08-02 00:48:50.211   680   709 E UsbDeviceManager: 	at com.android.server.usb.hal.gadget.UsbGadgetHalInstance.getInstance(UsbGadgetHalInstance.java:39)
08-02 00:48:50.211   680   709 E UsbDeviceManager: 	at com.android.server.usb.UsbDeviceManager.<init>(UsbDeviceManager.java:349)
08-02 00:48:50.211   680   709 E UsbDeviceManager: 	at com.android.server.usb.UsbService.<init>(UsbService.java:219)
08-02 00:48:50.211   680   709 E UsbDeviceManager: 	at com.android.server.usb.UsbService$Lifecycle.lambda$onStart$0(UsbService.java:125)
08-02 00:48:50.211   680   709 E UsbDeviceManager: 	at com.android.server.usb.UsbService$Lifecycle.$r8$lambda$HIZVSW8uTg1XjWF6etZh-bC1WP4(UsbService.java:0)
08-02 00:48:50.211   680   709 E UsbDeviceManager: 	at com.android.server.usb.UsbService$Lifecycle$$ExternalSyntheticLambda0.run(R8$$SyntheticClass:0)
08-02 00:48:50.211   680   709 E UsbDeviceManager: 	at com.android.server.SystemServerInitThreadPool.lambda$submitTask$0(SystemServerInitThreadPool.java:107)
08-02 00:48:50.211   680   709 E UsbDeviceManager: 	at com.android.server.SystemServerInitThreadPool.$r8$lambda$KBkrFsHiqcxWyjNRg1WxRI4WNHA(SystemServerInitThreadPool.java:0)
08-02 00:48:50.211   680   709 E UsbDeviceManager: 	at com.android.server.SystemServerInitThreadPool$$ExternalSyntheticLambda1.run(R8$$SyntheticClass:0)
08-02 00:48:50.211   680   709 E UsbDeviceManager: 	at java.util.concurrent.Executors$RunnableAdapter.call(Executors.java:524)
08-02 00:48:50.211   680   709 E UsbDeviceManager: 	at java.util.concurrent.FutureTask.run(FutureTask.java:317)
08-02 00:48:50.211   680   709 E UsbDeviceManager: 	at java.util.concurrent.ThreadPoolExecutor.runWorker(ThreadPoolExecutor.java:1156)
08-02 00:48:50.211   680   709 E UsbDeviceManager: 	at java.util.concurrent.ThreadPoolExecutor$Worker.run(ThreadPoolExecutor.java:651)
08-02 00:48:50.211   680   709 E UsbDeviceManager: 	at com.android.internal.util.ConcurrentUtils$1$1.run(ConcurrentUtils.java:65)
08-02 00:48:50.211   680   709 E UsbPortManager: USB Gadget HAL AIDL/HIDL not present
08-02 00:48:50.211   680   709 E UsbDeviceManagerJNI: could not open control for mtp No such file or directory
08-02 00:48:50.211   680   709 E UsbDeviceManager: Failed to open control for mtp
08-02 00:48:50.211   680   709 E UsbDeviceManagerJNI: could not open control for ptp No such file or directory
08-02 00:48:50.211   680   709 E UsbDeviceManager: Failed to open control for ptp
08-02 00:48:50.212   680   709 E UsbDeviceManagerJNI: could not open /dev/usb_accessory
08-02 00:48:50.227   680   709 E BluetoothAdapter: Bluetooth service is null
08-02 00:48:50.232   680   680 E EnergyConsumerSnapshot: Unexpected battery voltage (0 mV) when taking energy consumer snapshot
08-02 00:48:50.245   680   733 E BatteryStatsService: Unable to load Power.Stats.HAL. Setting rail availability to false
08-02 00:48:50.246   680   680 E DisplayPowerController[0]: failed to set up display white-balance: java.lang.IllegalStateException: cannot find sensor com.google.sensor.color
08-02 00:48:50.247   680   733 E BluetoothAdapter: Bluetooth service is null
08-02 00:48:50.252   680   680 E DeviceConfig: Parsing int failed for location_mode
08-02 00:48:50.253   680   733 E EnergyConsumerSnapshot: Unexpected battery voltage (0 mV) when taking energy consumer snapshot
08-02 00:48:50.288   680   722 E AppWidgetManager: Notify service of inheritance info
08-02 00:48:50.288   680   722 E AppWidgetManager: java.lang.IllegalStateException: User 0 must be unlocked for widgets to be available
08-02 00:48:50.288   680   722 E AppWidgetManager: 	at com.android.server.appwidget.AppWidgetServiceImpl.ensureGroupStateLoadedLocked(AppWidgetServiceImpl.java:1059)
08-02 00:48:50.288   680   722 E AppWidgetManager: 	at com.android.server.appwidget.AppWidgetServiceImpl.ensureGroupStateLoadedLocked(AppWidgetServiceImpl.java:1044)
08-02 00:48:50.288   680   722 E AppWidgetManager: 	at com.android.server.appwidget.AppWidgetServiceImpl.getInstalledProvidersForProfile(AppWidgetServiceImpl.java:2536)
08-02 00:48:50.288   680   722 E AppWidgetManager: 	at android.appwidget.AppWidgetManager.getInstalledProvidersForProfile(AppWidgetManager.java:1107)
08-02 00:48:50.288   680   722 E AppWidgetManager: 	at android.appwidget.AppWidgetManager.getInstalledProvidersForPackage(AppWidgetManager.java:1041)
08-02 00:48:50.288   680   722 E AppWidgetManager: 	at android.appwidget.AppWidgetManager.lambda$new$3(AppWidgetManager.java:639)
08-02 00:48:50.288   680   722 E AppWidgetManager: 	at android.appwidget.AppWidgetManager.$r8$lambda$WKLPyaeqLNLNb3560d7QJuq2DwQ(Unknown Source:0)
08-02 00:48:50.288   680   722 E AppWidgetManager: 	at android.appwidget.AppWidgetManager$$ExternalSyntheticLambda7.run(D8$$SyntheticClass:0)
08-02 00:48:50.288   680   722 E AppWidgetManager: 	at android.os.Handler.handleCallback(Handler.java:995)
08-02 00:48:50.288   680   722 E AppWidgetManager: 	at android.os.Handler.dispatchMessage(Handler.java:103)
08-02 00:48:50.288   680   722 E AppWidgetManager: 	at android.os.Looper.loopOnce(Looper.java:248)
08-02 00:48:50.288   680   722 E AppWidgetManager: 	at android.os.Looper.loop(Looper.java:338)
08-02 00:48:50.288   680   722 E AppWidgetManager: 	at android.os.HandlerThread.run(HandlerThread.java:85)
08-02 00:48:50.370   680   733 E BluetoothAdapter: Bluetooth service is null
08-02 00:48:50.394   680   733 E EnergyConsumerSnapshot: Unexpected battery voltage (0 mV) when taking energy consumer snapshot
08-02 00:48:50.429   680   680 E TestHarnessModeService: Failed to start Test Harness Mode; no implementation of PersistentDataBlockManagerInternal was bound!
08-02 00:48:50.483   680   680 E SystemServiceRegistry: No service published for: face
08-02 00:48:50.483   680   680 E SystemServiceRegistry: android.os.ServiceManager$ServiceNotFoundException: No service published for: face
08-02 00:48:50.483   680   680 E SystemServiceRegistry: 	at android.os.ServiceManager.getServiceOrThrow(ServiceManager.java:203)
08-02 00:48:50.483   680   680 E SystemServiceRegistry: 	at android.app.SystemServiceRegistry$72.createService(SystemServiceRegistry.java:993)
08-02 00:48:50.483   680   680 E SystemServiceRegistry: 	at android.app.SystemServiceRegistry$72.createService(SystemServiceRegistry.java:987)
08-02 00:48:50.483   680   680 E SystemServiceRegistry: 	at android.app.SystemServiceRegistry$CachedServiceFetcher.getService(SystemServiceRegistry.java:2343)
08-02 00:48:50.483   680   680 E SystemServiceRegistry: 	at android.app.SystemServiceRegistry.getSystemService(SystemServiceRegistry.java:1918)
08-02 00:48:50.483   680   680 E SystemServiceRegistry: 	at android.app.ContextImpl.getSystemService(ContextImpl.java:2315)
08-02 00:48:50.483   680   680 E SystemServiceRegistry: 	at android.content.Context.getSystemService(Context.java:4630)
08-02 00:48:50.483   680   680 E SystemServiceRegistry: 	at com.android.server.trust.TrustManagerService.onBootPhase(TrustManagerService.java:353)
08-02 00:48:50.483   680   680 E SystemServiceRegistry: 	at com.android.server.SystemServiceManager.startBootPhase(SystemServiceManager.java:318)
08-02 00:48:50.483   680   680 E SystemServiceRegistry: 	at com.android.server.SystemServer.startOtherServices(SystemServer.java:3039)
08-02 00:48:50.483   680   680 E SystemServiceRegistry: 	at com.android.server.SystemServer.run(SystemServer.java:988)
08-02 00:48:50.483   680   680 E SystemServiceRegistry: 	at com.android.server.SystemServer.main(SystemServer.java:689)
08-02 00:48:50.483   680   680 E SystemServiceRegistry: 	at java.lang.reflect.Method.invoke(Native Method)
08-02 00:48:50.483   680   680 E SystemServiceRegistry: 	at com.android.internal.os.RuntimeInit$MethodAndArgsCaller.run(RuntimeInit.java:593)
08-02 00:48:50.483   680   680 E SystemServiceRegistry: 	at com.android.internal.os.ZygoteInit.main(ZygoteInit.java:910)
08-02 00:48:50.485   680   680 E SystemServiceRegistry: Manager wrapper not available: face
08-02 00:48:50.495   680   680 E UserManagerService: Auto-lock preference updated but private space user not found
08-02 00:48:50.740   680   838 E WifiConfigManager: Cannot find network with networkId -1 or configKey "AndroidWifi"NONE or upgradable security type check
08-02 00:48:50.742   680   838 E SupplicantStaIfaceHalAidlImpl: Can't call setDebugParams, ISupplicant is null
08-02 00:48:50.772   680   749 E DefaultPermGrantPolicy: Package not found: com.google.android.apps.pixelmigrate
08-02 00:48:50.772   680   749 E DefaultPermGrantPolicy: Package not found: com.google.android.adservices
08-02 00:48:50.772   680   749 E DefaultPermGrantPolicy: Package not found: com.google.android.apps.mediashell
08-02 00:48:50.779   680   749 E DefaultPermGrantPolicy: Package not found: com.google.android.apps.tips
08-02 00:48:50.779   680   749 E DefaultPermGrantPolicy: Package not found: com.google.android.apps.turbo
08-02 00:48:50.779   680   749 E DefaultPermGrantPolicy: Package not found: com.google.android.euicc
08-02 00:48:50.779   680   749 E DefaultPermGrantPolicy: Package not found: com.google.android.volta
08-02 00:48:50.818   916   916 F ot-daemon: [C] P-SpinelDrive-: Software reset co-processor successfully
08-02 00:48:50.819   680   838 E WifiChipAidlImpl: getMode failed with service-specific exception: android.os.ServiceSpecificException:  (code 5)
08-02 00:48:50.819   452   501 E android.hardware.wifi-service: Unknown iface name: wlan0
08-02 00:48:50.819   452   501 E android.hardware.wifi-service: Unknown iface name: wlan0
08-02 00:48:50.825   916   916 F ot-daemon: [C] P-Resolver----: No domain name servers found in /etc/resolv.conf, default to 127.0.0.1
08-02 00:48:50.828   680   838 E WifiChipAidlImpl: getMode failed with service-specific exception: android.os.ServiceSpecificException:  (code 5)
08-02 00:48:50.828   452   501 E android.hardware.wifi-service: Unknown iface name: wlan0
08-02 00:48:50.828   452   501 E android.hardware.wifi-service: Unknown iface name: wlan0
08-02 00:48:50.848   452   501 E android.hardware.wifi-service: Failed to register radio mode change callback
08-02 00:48:50.851   452   501 E android.hardware.wifi-service: Failed to get SupportedIfaceCombinations matrix from legacy HAL: NOT_SUPPORTED
08-02 00:48:50.853   452   501 E android.hardware.wifi-service: Failed to set DFS flag; DFS channels may be unavailable.
08-02 00:48:50.865   452   452 E android.hardware.wifi-service: Failed to get chip capabilities from legacy HAL: NOT_SUPPORTED
08-02 00:48:50.867   680   838 E WifiChipAidlImpl: getWifiChipCapabilities failed with service-specific exception: android.os.ServiceSpecificException:  (code 4)
08-02 00:48:50.880   680   838 E SupplicantStaIfaceHalAidlImpl: Can't call getKeyMgmtCapabilities, ISupplicantStaIface is null for iface=wlan0
08-02 00:48:50.880   680   838 E SupplicantStaIfaceHalAidlImpl: Can't call getWpaDriverCapabilities, ISupplicantStaIface is null for iface=wlan0
08-02 00:48:50.884   452   452 E android.hardware.wifi-service: Failed to get SupportedRadioCombinations matrix from legacy HAL: NOT_SUPPORTED
08-02 00:48:50.885   680   838 E WifiChipAidlImpl: getSupportedRadioCombinations failed with service-specific exception: android.os.ServiceSpecificException:  (code 4)
08-02 00:48:50.888   680   838 E WifiStaIfaceAidlImpl: getTwtCapabilities failed with service-specific exception: android.os.ServiceSpecificException:  (code 4)
08-02 00:48:50.888   680   838 E WifiChipAidlImpl: getUsableChannels failed with service-specific exception: android.os.ServiceSpecificException:  (code 4)
08-02 00:48:50.891   680   838 E WifiChipAidlImpl: enableStaChannelForPeerNetwork failed with service-specific exception: android.os.ServiceSpecificException:  (code 4)
08-02 00:48:51.030   935   935 E wpa_supplicant: p2p-dev-wlan0: nl80211: kernel reports: Registration to specific type not supported
08-02 00:48:51.038   680   838 E WifiStaIfaceAidlImpl: getTwtCapabilities failed with service-specific exception: android.os.ServiceSpecificException:  (code 4)
08-02 00:48:51.039   680   838 E WifiChipAidlImpl: getUsableChannels failed with service-specific exception: android.os.ServiceSpecificException:  (code 4)
08-02 00:48:51.063   680   842 E WifiStaIfaceAidlImpl: getBackgroundScanCapabilities failed with service-specific exception: android.os.ServiceSpecificException:  (code 4)
08-02 00:48:51.086   680   838 E WifiChipAidlImpl: setMultiStaUseCase failed with service-specific exception: android.os.ServiceSpecificException:  (code 4)
08-02 00:48:51.087   680   838 E WifiChipAidlImpl: setMultiStaPrimaryConnection failed with service-specific exception: android.os.ServiceSpecificException:  (code 4)
08-02 00:48:51.147   680   785 E NativeTombstoneManager: Tombstone's UID (0) not an app, ignoring
08-02 00:48:51.180   680   785 E NativeTombstoneManager: Tombstone's UID (0) not an app, ignoring
08-02 00:48:51.216   680   785 E NativeTombstoneManager: Tombstone's UID (0) not an app, ignoring
08-02 00:48:51.226   680   785 E NativeTombstoneManager: Tombstone's UID (0) not an app, ignoring
08-02 00:48:51.315   680   785 E NativeTombstoneManager: Tombstone's UID (0) not an app, ignoring
08-02 00:48:51.346   680   785 E NativeTombstoneManager: Tombstone's UID (0) not an app, ignoring
08-02 00:48:51.362   680   785 E NativeTombstoneManager: Tombstone's UID (0) not an app, ignoring
08-02 00:48:51.369   680   785 E NativeTombstoneManager: Tombstone's UID (0) not an app, ignoring
08-02 00:48:51.380   680   785 E NativeTombstoneManager: Tombstone's UID (0) not an app, ignoring
08-02 00:48:51.382   680   785 E NativeTombstoneManager: Tombstone's UID (0) not an app, ignoring
08-02 00:48:51.384   680   785 E NativeTombstoneManager: Tombstone's UID (0) not an app, ignoring
08-02 00:48:51.386   680   785 E NativeTombstoneManager: Tombstone's UID (0) not an app, ignoring
08-02 00:48:51.392   680   785 E NativeTombstoneManager: Tombstone's UID (0) not an app, ignoring
08-02 00:48:51.392   680   785 E NativeTombstoneManager: Tombstone's UID (0) not an app, ignoring
08-02 00:48:51.393   680   785 E NativeTombstoneManager: Tombstone's UID (0) not an app, ignoring
08-02 00:48:51.393   680   785 E NativeTombstoneManager: Tombstone's UID (0) not an app, ignoring
08-02 00:48:51.393   680   785 E NativeTombstoneManager: Tombstone's UID (0) not an app, ignoring
08-02 00:48:51.393   680   785 E NativeTombstoneManager: Tombstone's UID (0) not an app, ignoring
08-02 00:48:51.393   680   785 E NativeTombstoneManager: Tombstone's UID (0) not an app, ignoring
08-02 00:48:51.393   680   785 E NativeTombstoneManager: Tombstone's UID (0) not an app, ignoring
08-02 00:48:53.126   680   680 E BitmapFactory: Unable to decode file: java.io.FileNotFoundException: /data/system/users/0/wallpaper_orig: open failed: ENOENT (No such file or directory)
08-02 00:48:53.126   680   680 E WallpaperCropper: Unable to apply new wallpaper
08-02 00:48:53.252   680   956 E MediaCodec: Media Quality Service not found.
08-02 00:48:53.255   680   968 E system_server: Failed to query component interface for required system resources: 6
08-02 00:48:53.262   590   665 E Codec2-ComponentInterface: We have a failed config
08-02 00:48:53.325   680   956 E MediaCodec: Media Quality Service not found.
08-02 00:48:53.332   680   984 E system_server: Failed to query component interface for required system resources: 6
08-02 00:48:53.335   590   646 E Codec2-ComponentInterface: We have a failed config
08-02 00:48:53.454   680   956 E MediaCodec: Media Quality Service not found.
08-02 00:48:53.456   680   990 E system_server: Failed to query component interface for required system resources: 6
08-02 00:48:53.461   590   646 E Codec2-ComponentInterface: We have a failed config
08-02 00:48:53.500   680   956 E MediaCodec: Media Quality Service not found.
08-02 00:48:53.501   680   994 E system_server: Failed to query component interface for required system resources: 6
08-02 00:48:53.503   590   643 E Codec2-ComponentInterface: We have a failed config
08-02 00:48:53.528   680   956 E MediaCodec: Media Quality Service not found.
08-02 00:48:53.529   680   997 E system_server: Failed to query component interface for required system resources: 6
08-02 00:48:53.530   590   646 E Codec2-ComponentInterface: We have a failed config
08-02 00:48:53.598   680   956 E MediaCodec: Media Quality Service not found.
08-02 00:48:53.599   680  1000 E system_server: Failed to query component interface for required system resources: 6
08-02 00:48:53.600   590   665 E Codec2-ComponentInterface: We have a failed config
08-02 00:48:54.249   955   955 E ashmem  : Pinning is deprecated since Android Q. Please use trim or other methods.
08-02 00:48:54.408   955  1012 E ViewRootImpl: SensitiveContentProtectionService shouldn't be null
08-02 00:48:54.427   955   955 E UdfpsOverlayInteractor: invalid pixelPitch: -1.0. Pixel pitch must be updated per device.
08-02 00:48:54.442   680   764 E TransitionChain: Can't collect into a chain with no transition
08-02 00:48:54.442   680   764 E TransitionChain: Can't collect into a chain with no transition
08-02 00:48:54.759   955  1021 E AppWidgetManager: Notify service of inheritance info
08-02 00:48:54.759   955  1021 E AppWidgetManager: java.lang.IllegalStateException: User 0 must be unlocked for widgets to be available
08-02 00:48:54.759   955  1021 E AppWidgetManager: 	at android.os.Parcel.createExceptionOrNull(Parcel.java:3348)
08-02 00:48:54.759   955  1021 E AppWidgetManager: 	at android.os.Parcel.createException(Parcel.java:3324)
08-02 00:48:54.759   955  1021 E AppWidgetManager: 	at android.os.Parcel.readException(Parcel.java:3307)
08-02 00:48:54.759   955  1021 E AppWidgetManager: 	at android.os.Parcel.readException(Parcel.java:3249)
08-02 00:48:54.759   955  1021 E AppWidgetManager: 	at com.android.internal.appwidget.IAppWidgetService$Stub$Proxy.getInstalledProvidersForProfile(IAppWidgetService.java:1071)
08-02 00:48:54.759   955  1021 E AppWidgetManager: 	at android.appwidget.AppWidgetManager.getInstalledProvidersForProfile(AppWidgetManager.java:1107)
08-02 00:48:54.759   955  1021 E AppWidgetManager: 	at android.appwidget.AppWidgetManager.getInstalledProvidersForPackage(AppWidgetManager.java:1041)
08-02 00:48:54.759   955  1021 E AppWidgetManager: 	at android.appwidget.AppWidgetManager.lambda$new$3(AppWidgetManager.java:639)
08-02 00:48:54.759   955  1021 E AppWidgetManager: 	at android.appwidget.AppWidgetManager.$r8$lambda$WKLPyaeqLNLNb3560d7QJuq2DwQ(Unknown Source:0)
08-02 00:48:54.759   955  1021 E AppWidgetManager: 	at android.appwidget.AppWidgetManager$$ExternalSyntheticLambda7.run(D8$$SyntheticClass:0)
08-02 00:48:54.759   955  1021 E AppWidgetManager: 	at android.os.Handler.handleCallback(Handler.java:995)
08-02 00:48:54.759   955  1021 E AppWidgetManager: 	at android.os.Handler.dispatchMessage(Handler.java:103)
08-02 00:48:54.759   955  1021 E AppWidgetManager: 	at android.os.Looper.loopOnce(Looper.java:248)
08-02 00:48:54.759   955  1021 E AppWidgetManager: 	at android.os.Looper.loop(Looper.java:338)
08-02 00:48:54.759   955  1021 E AppWidgetManager: 	at android.os.HandlerThread.run(HandlerThread.java:85)
08-02 00:48:54.862   482   539 E EGL_emulation: eglQueryContext 3100  EGL_BAD_ATTRIBUTE
08-02 00:48:54.862   482   539 E EGL_emulation: tid 539: eglQueryContext(2159): error 0x3004 (EGL_BAD_ATTRIBUTE)
08-02 00:48:54.887   680   706 E WifiService: Attempt to retrieve passpoint with invalid scanResult List
08-02 00:48:55.312   680   761 E AppOps  : Bad call made by uid 1000. Package "android" does not belong to uid 1037.
08-02 00:48:55.312   680   761 E AppOps  : Cannot getAppOpMode: non-application UID 1037
08-02 00:48:55.385  1051  1051 E WebViewLoader-x: Not starting debugger since process cannot load the jdwp agent.
08-02 00:48:55.418   680   680 E LocationManagerService: no population density provider found
08-02 00:48:55.419   680   680 E ActivityRecognitionHardware: activity_recognition HAL is deprecated. is_supported is effectively a no-op
08-02 00:48:55.492   680   733 E BluetoothPowerStatsCollector: Cannot acquire BluetoothActivityEnergyInfo
08-02 00:48:55.492   680   733 E BluetoothPowerStatsCollector: java.util.concurrent.ExecutionException: java.lang.RuntimeException: error: 9
08-02 00:48:55.492   680   733 E BluetoothPowerStatsCollector: 	at java.util.concurrent.CompletableFuture.reportGet(CompletableFuture.java:372)
08-02 00:48:55.492   680   733 E BluetoothPowerStatsCollector: 	at java.util.concurrent.CompletableFuture.get(CompletableFuture.java:2072)
08-02 00:48:55.492   680   733 E BluetoothPowerStatsCollector: 	at com.android.server.power.stats.BluetoothPowerStatsCollector.collectBluetoothActivityInfo(BluetoothPowerStatsCollector.java:192)
08-02 00:48:55.492   680   733 E BluetoothPowerStatsCollector: 	at com.android.server.power.stats.BluetoothPowerStatsCollector.collectStats(BluetoothPowerStatsCollector.java:155)
08-02 00:48:55.492   680   733 E BluetoothPowerStatsCollector: 	at com.android.server.power.stats.PowerStatsCollector.collectAndDeliverStats(PowerStatsCollector.java:176)
08-02 00:48:55.492   680   733 E BluetoothPowerStatsCollector: 	at com.android.server.power.stats.PowerStatsCollector$$ExternalSyntheticLambda0.run(R8$$SyntheticClass:0)
08-02 00:48:55.492   680   733 E BluetoothPowerStatsCollector: 	at android.os.Handler.handleCallback(Handler.java:995)
08-02 00:48:55.492   680   733 E BluetoothPowerStatsCollector: 	at android.os.Handler.dispatchMessage(Handler.java:103)
08-02 00:48:55.492   680   733 E BluetoothPowerStatsCollector: 	at android.os.Looper.loopOnce(Looper.java:248)
08-02 00:48:55.492   680   733 E BluetoothPowerStatsCollector: 	at android.os.Looper.loop(Looper.java:338)
08-02 00:48:55.492   680   733 E BluetoothPowerStatsCollector: 	at android.os.HandlerThread.run(HandlerThread.java:85)
08-02 00:48:55.492   680   733 E BluetoothPowerStatsCollector: Caused by: java.lang.RuntimeException: error: 9
08-02 00:48:55.492   680   733 E BluetoothPowerStatsCollector: 	at com.android.server.power.stats.BluetoothPowerStatsCollector$1.onBluetoothActivityEnergyInfoError(BluetoothPowerStatsCollector.java:181)
08-02 00:48:55.492   680   733 E BluetoothPowerStatsCollector: 	at android.bluetooth.BluetoothAdapter$OnBluetoothActivityEnergyInfoProxy.lambda$onError$2(BluetoothAdapter.java:1059)
08-02 00:48:55.492   680   733 E BluetoothPowerStatsCollector: 	at android.bluetooth.BluetoothAdapter$OnBluetoothActivityEnergyInfoProxy$$ExternalSyntheticLambda0.run(D8$$SyntheticClass:0)
08-02 00:48:55.492   680   733 E BluetoothPowerStatsCollector: 	at android.bluetooth.BluetoothUtils.lambda$executeFromBinder$0(BluetoothUtils.java:343)
08-02 00:48:55.492   680   733 E BluetoothPowerStatsCollector: 	at android.bluetooth.BluetoothUtils$$ExternalSyntheticLambda1.run(D8$$SyntheticClass:0)
08-02 00:48:55.492   680   733 E BluetoothPowerStatsCollector: 	at com.android.server.SystemServerInitThreadPool$$ExternalSyntheticLambda0.execute(R8$$SyntheticClass:0)
08-02 00:48:55.492   680   733 E BluetoothPowerStatsCollector: 	at android.bluetooth.BluetoothUtils.executeFromBinder(BluetoothUtils.java:343)
08-02 00:48:55.492   680   733 E BluetoothPowerStatsCollector: 	at android.bluetooth.BluetoothAdapter$OnBluetoothActivityEnergyInfoProxy.onError(BluetoothAdapter.java:1058)
08-02 00:48:55.492   680   733 E BluetoothPowerStatsCollector: 	at android.bluetooth.BluetoothAdapter.requestControllerActivityEnergyInfo(BluetoothAdapter.java:2694)
08-02 00:48:55.492   680   733 E BluetoothPowerStatsCollector: 	at com.android.server.power.stats.BatteryStatsImpl$BluetoothStatsRetrieverImpl.requestControllerActivityEnergyInfo(BatteryStatsImpl.java:485)
08-02 00:48:55.492   680   733 E BluetoothPowerStatsCollector: 	at com.android.server.power.stats.BluetoothPowerStatsCollector.collectBluetoothActivityInfo(BluetoothPowerStatsCollector.java:170)
08-02 00:48:55.492   680   733 E BluetoothPowerStatsCollector: 	... 8 more
08-02 00:48:55.578  1068  1068 E rkstack.process: Not starting debugger since process cannot load the jdwp agent.
08-02 00:48:55.674  1082  1082 E droid.bluetooth: Not starting debugger since process cannot load the jdwp agent.
08-02 00:48:55.679  1095  1095 E com.android.se: Not starting debugger since process cannot load the jdwp agent.
08-02 00:48:55.788  1121  1121 E m.android.phone: Not starting debugger since process cannot load the jdwp agent.
08-02 00:48:55.861   680  1067 E StatsCompanionService: Could not get installer for package: com.google.android.trichromelibrary
08-02 00:48:55.861   680  1067 E StatsCompanionService: android.content.pm.PackageManager$NameNotFoundException: com.google.android.trichromelibrary
08-02 00:48:55.861   680  1067 E StatsCompanionService: 	at android.app.ApplicationPackageManager.getInstallSourceInfo(ApplicationPackageManager.java:2687)
08-02 00:48:55.861   680  1067 E StatsCompanionService: 	at com.android.server.stats.StatsCompanionService.getInstallerPackageName(StatsCompanionService.java:153)
08-02 00:48:55.861   680  1067 E StatsCompanionService: 	at com.android.server.stats.StatsCompanionService.$r8$lambda$MBPStrBhgnmbybdtzkoTAe-YOYw(StatsCompanionService.java:229)
08-02 00:48:55.861   680  1067 E StatsCompanionService: 	at com.android.server.stats.StatsCompanionService$$ExternalSyntheticLambda1.run(R8$$SyntheticClass:0)
08-02 00:48:55.861   680  1067 E StatsCompanionService: 	at android.os.Handler.handleCallback(Handler.java:995)
08-02 00:48:55.861   680  1067 E StatsCompanionService: 	at android.os.Handler.dispatchMessage(Handler.java:103)
08-02 00:48:55.861   680  1067 E StatsCompanionService: 	at android.os.Looper.loopOnce(Looper.java:248)
08-02 00:48:55.861   680  1067 E StatsCompanionService: 	at android.os.Looper.loop(Looper.java:338)
08-02 00:48:55.861   680  1067 E StatsCompanionService: 	at android.os.HandlerThread.run(HandlerThread.java:85)
08-02 00:48:55.935  1135  1135 E s.nexuslauncher: Not starting debugger since process cannot load the jdwp agent.
08-02 00:48:55.953   680   722 E CountryDetector: Could not instantiate the custom country detector class
08-02 00:48:56.011   482   924 E HwcComposer: getDisplayDecorationSupport failed Status(-8, EX_SERVICE_SPECIFIC): '8: '
08-02 00:48:56.011   482   924 E HWComposer: getDisplayDecorationSupport: getDisplayDecorationSupport failed for display 4619827259835644672: UNSUPPORTED (8)
08-02 00:48:56.049  1149  1149 E id.ext.services: Not starting debugger since process cannot load the jdwp agent.
08-02 00:48:56.061   955  1146 E ViewRootImpl: SensitiveContentProtectionService shouldn't be null
08-02 00:48:56.113   955  1146 E ViewRootImpl: SensitiveContentProtectionService shouldn't be null
08-02 00:48:56.118  1135  1135 E ashmem  : Pinning is deprecated since Android Q. Please use trim or other methods.
08-02 00:48:56.159   680   680 E WiredAccessoryManager: No state change.
08-02 00:48:56.182  1135  1135 E ViewRootImpl: SensitiveContentProtectionService shouldn't be null
08-02 00:48:56.294  1068  1068 E ashmem  : Pinning is deprecated since Android Q. Please use trim or other methods.
08-02 00:48:56.396  1135  1183 E FileLog : Error writing logs to file
