08-02 00:49:14.659  1068  1204 E SystemServiceRegistry: 	at android.os.Looper.loopOnce(Looper.java:248)
08-02 00:49:14.659  1068  1204 E SystemServiceRegistry: 	at android.os.Looper.loop(Looper.java:338)
08-02 00:49:14.659  1068  1204 E SystemServiceRegistry: 	at android.os.HandlerThread.run(HandlerThread.java:85)
08-02 00:49:14.752  2222  2222 E ashmem  : Pinning is deprecated since Android Q. Please use trim or other methods.
08-02 00:49:14.766  2344  2344 E android.traceur: Not starting debugger since process cannot load the jdwp agent.
08-02 00:49:14.773   680   838 E WifiStaIfaceAidlImpl: setRoamingMode failed with service-specific exception: android.os.ServiceSpecificException:  (code 4)
08-02 00:49:14.774   680   838 E WifiRoamingModeManager: Failed to set roaming mode due to unknown error.
08-02 00:49:14.776  1250  1250 E .gms.persistent: hiddenapi: Accessing hidden method Landroid/net/ConnectivityManager;->isNetworkTypeMobile(I)Z (runtime_flags=0, domain=platform, api=max-target-p) from Lbqns; (domain=app) using reflection: denied
08-02 00:49:14.777  1250  1250 E .gms.persistent: hiddenapi: Accessing hidden method Landroid/os/PowerManager;->isLightDeviceIdleMode()Z (runtime_flags=0, domain=platform, api=max-target-s) from Lbqns; (domain=app) using reflection: denied
08-02 00:49:14.911   680   838 E WifiDataStall: onDataConnectionStateChanged unexpected State: -1
08-02 00:49:14.988   680   838 E WifiStaIfaceAidlImpl: stopRssiMonitoring failed with service-specific exception: android.os.ServiceSpecificException:  (code 5)
08-02 00:49:15.014  2381  2381 E .android.chrome: Not starting debugger since process cannot load the jdwp agent.
08-02 00:49:15.064   680   838 E MboOceController: onDataConnectionStateChanged unexpected State: -1
08-02 00:49:15.070   680  1238 E WifiService: Attempt to retrieve passpoint with invalid scanResult List
08-02 00:49:15.275  1896  1896 E ashmem  : Pinning is deprecated since Android Q. Please use trim or other methods.
08-02 00:49:15.353   680  2104 E RoleControllerServiceImpl: Default/fallback role holder package doesn't qualify for the role, package: com.google.android.gms.supervision, role: android.app.role.SYSTEM_SUPERVISION
08-02 00:49:15.578  1628  2375 E android.youtube: No package ID 6a found for resource ID 0x6a0b000f.
08-02 00:49:16.150  1250  1250 E NetworkScheduler: Compat called without init
08-02 00:49:16.191  1250  1973 E .gms.persistent: hiddenapi: Accessing hidden method Landroid/os/PowerManager;->isLightDeviceIdleMode()Z (runtime_flags=0, domain=platform, api=max-target-s) from Legpu; (domain=app) using reflection: denied
08-02 00:49:16.510  2456  2456 E timeinitializer: Not starting debugger since process cannot load the jdwp agent.
08-02 00:49:16.871   680  2104 E RoleControllerServiceImpl: Default/fallback role holder package doesn't qualify for the role, package: com.google.android.gms, role: android.app.role.WALLET
08-02 00:49:16.994  1527  1993 E ashmem  : Pinning is deprecated since Android Q. Please use trim or other methods.
08-02 00:49:17.168  1121  1345 E SatelliteModemInterface: requestIsSatelliteSupported: Satellite service is unavailable.
08-02 00:49:17.168  1121  1345 E SatelliteServiceUtils: isSatelliteSupported SatelliteException: android.telephony.satellite.SatelliteManager$SatelliteException
08-02 00:49:17.249  1250  1723 E WorkSourceUtil: Could not find package: com.google.android.gms.westworld
08-02 00:49:17.354   680   850 E AppOps  : attributionTag VCN not declared in manifest of android
08-02 00:49:17.553  1121  1345 E SatelliteController: registerForSatelliteCommunicationAccessStateChanged: SatelliteManager is null
08-02 00:49:17.810  1121  1121 E SatelliteController: registerForSatelliteModemStateChanged: mSatelliteSessionController is not initialized yet
08-02 00:49:17.965   680  2572 E GnssPsdsDownloader: No Long-Term PSDS servers were specified in the GnssConfiguration
08-02 00:49:18.203  1121  1121 E SatelliteController: registerForSatelliteModemStateChanged: mSatelliteSessionController is not initialized yet
08-02 00:49:18.312  1121  1345 E SatelliteController: registerForSatelliteCommunicationAccessStateChanged: SatelliteManager is null
08-02 00:49:18.345   680  2134 E AppOps  : attributionTag VCN not declared in manifest of android
08-02 00:49:18.708  2580  2580 E android.camera2: Not starting debugger since process cannot load the jdwp agent.
08-02 00:49:18.717  2584  2584 E id.gms.unstable: Not starting debugger since process cannot load the jdwp agent.
08-02 00:49:19.427  2629  2629 E ding:background: Not starting debugger since process cannot load the jdwp agent.
08-02 00:49:19.468  1121  1121 E SmsApplication: com.google.android.apps.messaging lost android:read_cell_broadcasts:  (fixing)
08-02 00:49:19.714  1068  1204 E SystemServiceRegistry: No service published for: ethernet
08-02 00:49:19.714  1068  1204 E SystemServiceRegistry: android.os.ServiceManager$ServiceNotFoundException: No service published for: ethernet
08-02 00:49:19.714  1068  1204 E SystemServiceRegistry: 	at android.os.ServiceManager.getServiceOrThrow(ServiceManager.java:203)
08-02 00:49:19.714  1068  1204 E SystemServiceRegistry: 	at android.app.SystemServiceRegistry$149.createService(SystemServiceRegistry.java:2232)
08-02 00:49:19.714  1068  1204 E SystemServiceRegistry: 	at android.app.SystemServiceRegistry$CachedServiceFetcher.getService(SystemServiceRegistry.java:2343)
08-02 00:49:19.714  1068  1204 E SystemServiceRegistry: 	at android.app.SystemServiceRegistry.getSystemService(SystemServiceRegistry.java:1918)
08-02 00:49:19.714  1068  1204 E SystemServiceRegistry: 	at android.app.ContextImpl.getSystemService(ContextImpl.java:2315)
08-02 00:49:19.714  1068  1204 E SystemServiceRegistry: 	at android.content.ContextWrapper.getSystemService(ContextWrapper.java:964)
08-02 00:49:19.714  1068  1204 E SystemServiceRegistry: 	at com.android.networkstack.tethering.Tethering.isEthernetSupported(Tethering.java:1862)
08-02 00:49:19.714  1068  1204 E SystemServiceRegistry: 	at com.android.networkstack.tethering.Tethering.makeSupportedDownstreams(Tethering.java:2843)
08-02 00:49:19.714  1068  1204 E SystemServiceRegistry: 	at com.android.networkstack.tethering.Tethering.updateSupportedDownstreams(Tethering.java:2817)
08-02 00:49:19.714  1068  1204 E SystemServiceRegistry: 	at com.android.networkstack.tethering.Tethering.updateConfiguration(Tethering.java:564)
08-02 00:49:19.714  1068  1204 E SystemServiceRegistry: 	at com.android.networkstack.tethering.Tethering.-$$Nest$mupdateConfiguration(Tethering.java:0)
08-02 00:49:19.714  1068  1204 E SystemServiceRegistry: 	at com.android.networkstack.tethering.Tethering$StateReceiver.onReceive(Tethering.java:1396)
08-02 00:49:19.714  1068  1204 E SystemServiceRegistry: 	at android.app.LoadedApk$ReceiverDispatcher$Args.lambda$getRunnable$0(LoadedApk.java:1839)
08-02 00:49:19.714  1068  1204 E SystemServiceRegistry: 	at android.app.LoadedApk$ReceiverDispatcher$Args.$r8$lambda$mcNAAl1SQ4MyJPyDg8TJ2x2h0Rk(Unknown Source:0)
08-02 00:49:19.714  1068  1204 E SystemServiceRegistry: 	at android.app.LoadedApk$ReceiverDispatcher$Args$$ExternalSyntheticLambda0.run(D8$$SyntheticClass:0)
08-02 00:49:19.714  1068  1204 E SystemServiceRegistry: 	at android.os.Handler.handleCallback(Handler.java:995)
08-02 00:49:19.714  1068  1204 E SystemServiceRegistry: 	at android.os.Handler.dispatchMessage(Handler.java:103)
08-02 00:49:19.714  1068  1204 E SystemServiceRegistry: 	at android.os.Looper.loopOnce(Looper.java:248)
08-02 00:49:19.714  1068  1204 E SystemServiceRegistry: 	at android.os.Looper.loop(Looper.java:338)
08-02 00:49:19.714  1068  1204 E SystemServiceRegistry: 	at android.os.HandlerThread.run(HandlerThread.java:85)
08-02 00:49:19.889  1121  1121 E SmsApplication: com.google.android.apps.messaging lost android:read_cell_broadcasts:  (fixing)
08-02 00:49:20.312  2669  2669 E vicediagnostics: Not starting debugger since process cannot load the jdwp agent.
08-02 00:49:20.372  1121  1345 E SatelliteController: registerForSatelliteCommunicationAccessStateChanged: SatelliteManager is null
08-02 00:49:20.610  1250  1250 E GmsCoreLogger: Missing account for FACET_USAGE_GAIA_UNSAMPLED [CONTEXT service_id=299 ]
08-02 00:49:20.633  1121  1121 E SatelliteController: registerForSatelliteModemStateChanged: mSatelliteSessionController is not initialized yet
08-02 00:49:20.758  2531  2663 E ashmem  : Pinning is deprecated since Android Q. Please use trim or other methods.
08-02 00:49:20.760  1250  1665 E UsageReportingOptionsSt: INTERNAL_ERROR: setOptInOption should not be called while user is locked. [CONTEXT service_id=41 ]
08-02 00:49:20.835  2694  2694 E droid.dynsystem: Not starting debugger since process cannot load the jdwp agent.
08-02 00:49:21.003  1250  1250 E GmsCoreLogger: Missing account for FACET_USAGE_GAIA_UNSAMPLED [CONTEXT service_id=299 ]
08-02 00:49:21.046  1654  2520 E native  : E0000 00:00:1754113761.046420    2520 array-storage.cc:100] Array storage bad crc 3487026374 vs 4226053343
08-02 00:49:21.046  1654  2520 E native  : E0000 00:00:1754113761.046566    2520 dynamic-trie.cc:498] Trie mmap suffix failed
08-02 00:49:21.048  1250  1368 E AbstractGmsTracer: Traced class shouldn't be obfuscated: cytp [CONTEXT service_id=259 ]
08-02 00:49:21.207   680   838 E WifiChipAidlImpl: getUsableChannels failed with service-specific exception: android.os.ServiceSpecificException:  (code 4)
08-02 00:49:21.356  1250  1805 E CCTFlatFileLogStore: Failed to get boot count.
08-02 00:49:21.356  1250  1805 E CCTFlatFileLogStore: java.util.concurrent.TimeoutException: Timed out waiting for Task
08-02 00:49:21.356  1250  1805 E CCTFlatFileLogStore: 	at erir.o(:com.google.android.gms@252834038@25.28.34 (260800-787197649):53)
08-02 00:49:21.356  1250  1805 E CCTFlatFileLogStore: 	at axlr.B(:com.google.android.gms@252834038@25.28.34 (260800-787197649):21)
08-02 00:49:21.356  1250  1805 E CCTFlatFileLogStore: 	at axhs.run(:com.google.android.gms@252834038@25.28.34 (260800-787197649):13)
08-02 00:49:21.356  1250  1805 E CCTFlatFileLogStore: 	at azqo.c(:com.google.android.gms@252834038@25.28.34 (260800-787197649):50)
08-02 00:49:21.356  1250  1805 E CCTFlatFileLogStore: 	at azqo.run(:com.google.android.gms@252834038@25.28.34 (260800-787197649):89)
08-02 00:49:21.356  1250  1805 E CCTFlatFileLogStore: 	at java.util.concurrent.ThreadPoolExecutor.runWorker(ThreadPoolExecutor.java:1156)
08-02 00:49:21.356  1250  1805 E CCTFlatFileLogStore: 	at java.util.concurrent.ThreadPoolExecutor$Worker.run(ThreadPoolExecutor.java:651)
08-02 00:49:21.356  1250  1805 E CCTFlatFileLogStore: 	at azwg.run(:com.google.android.gms@252834038@25.28.34 (260800-787197649):8)
08-02 00:49:21.356  1250  1805 E CCTFlatFileLogStore: 	at java.lang.Thread.run(Thread.java:1119)
08-02 00:49:21.574  2629  2739 E ashmem  : Pinning is deprecated since Android Q. Please use trim or other methods.
08-02 00:49:21.892  2741  2741 E ystem:dynsystem: Not starting debugger since process cannot load the jdwp agent.
08-02 00:49:21.902  2744  2744 E viceentitlement: Not starting debugger since process cannot load the jdwp agent.
08-02 00:49:22.199  1250  1717 E ctxmgr  : [FencePendingIntentCache]Expected to find a PendingIntent for pendingIntentKey=2afb2fc8-7526-495b-8110-178afe3eb889 [CONTEXT service_id=47 ]
08-02 00:49:22.199  1250  1717 E ctxmgr  : [FencePendingIntentCache]Expected to find a PendingIntent for pendingIntentKey=2afb2fc8-7526-495b-8110-178afe3eb889 [CONTEXT service_id=47 ]
08-02 00:49:22.236   680   850 E AppOps  : attributionTag VCN not declared in manifest of android
08-02 00:49:22.254  1250  1717 E ctxmgr  : [FencePendingIntentCache]Expected to find a PendingIntent for pendingIntentKey=7769d271-05eb-4fee-a8b6-640e02d28d25 [CONTEXT service_id=47 ]
08-02 00:49:22.862  2797  2797 E android.rkpdapp: Not starting debugger since process cannot load the jdwp agent.
08-02 00:49:23.014  1250  1353 E WorkSourceUtil: Could not find package: gms_cast_prober
08-02 00:49:23.017  1250  1353 E WorkSourceUtil: Could not find package: gms_cast_prober
08-02 00:49:23.017  1250  1353 E WorkSourceUtil: Could not find package: gms_cast_prober
08-02 00:49:23.017  1250  1353 E WorkSourceUtil: Could not find package: gms_cast_prober
08-02 00:49:23.017  1250  1353 E WorkSourceUtil: Could not find package: gms_cast_prober
08-02 00:49:23.017  1250  1353 E WorkSourceUtil: Could not find package: gms_cast_prober
08-02 00:49:23.018  1250  1353 E WorkSourceUtil: Could not find package: gms_cast_prober
08-02 00:49:23.018  1250  1353 E WorkSourceUtil: Could not find package: gms_cast_prober
08-02 00:49:25.961   680   792 E ActivityManager: Sending non-protected broadcast android.intent.action.UPDATE_CT_LOGS from system uid 1000 pkg android
08-02 00:49:25.961   680   792 E ActivityManager: java.lang.Throwable
08-02 00:49:25.961   680   792 E ActivityManager: 	at com.android.server.am.BroadcastController.checkBroadcastFromSystem(BroadcastController.java:2145)
08-02 00:49:25.961   680   792 E ActivityManager: 	at com.android.server.am.BroadcastController.broadcastIntentLockedTraced(BroadcastController.java:1646)
08-02 00:49:25.961   680   792 E ActivityManager: 	at com.android.server.am.BroadcastController.broadcastIntentLocked(BroadcastController.java:807)
08-02 00:49:25.961   680   792 E ActivityManager: 	at com.android.server.am.BroadcastController.broadcastIntentInPackage(BroadcastController.java:774)
08-02 00:49:25.961   680   792 E ActivityManager: 	at com.android.server.am.ActivityManagerService$LocalService.broadcastIntentInPackage(ActivityManagerService.java:17221)
08-02 00:49:25.961   680   792 E ActivityManager: 	at com.android.server.am.PendingIntentRecord.sendInner(PendingIntentRecord.java:674)
08-02 00:49:25.961   680   792 E ActivityManager: 	at com.android.server.am.PendingIntentRecord.sendWithResult(PendingIntentRecord.java:380)
08-02 00:49:25.961   680   792 E ActivityManager: 	at com.android.server.am.ActivityManagerService.sendIntentSender(ActivityManagerService.java:5618)
08-02 00:49:25.961   680   792 E ActivityManager: 	at android.app.PendingIntent.sendAndReturnResult(PendingIntent.java:1116)
08-02 00:49:25.961   680   792 E ActivityManager: 	at android.app.PendingIntent.send(PendingIntent.java:1082)
08-02 00:49:25.961   680   792 E ActivityManager: 	at com.android.server.alarm.AlarmManagerService$DeliveryTracker.deliverLocked(AlarmManagerService.java:5358)
08-02 00:49:25.961   680   792 E ActivityManager: 	at com.android.server.alarm.AlarmManagerService.deliverAlarmsLocked(AlarmManagerService.java:4322)
08-02 00:49:25.961   680   792 E ActivityManager: 	at com.android.server.alarm.AlarmManagerService$AlarmThread.run(AlarmManagerService.java:4598)
08-02 00:49:26.477  2797  2842 E ashmem  : Pinning is deprecated since Android Q. Please use trim or other methods.
08-02 00:49:26.776  1654  2520 E native  : E0000 00:00:1754113766.776767    2520 array-storage.cc:100] Array storage bad crc 2321294686 vs 0
08-02 00:49:26.776  1654  2520 E native  : E0000 00:00:1754113766.776874    2520 dynamic-trie.cc:482] Trie mmap node failed
08-02 00:49:26.776  1654  2520 E native  : E0000 00:00:1754113766.776919    2520 flash-index.cc:710] Lite index failed to initialize; clearing: INTERNAL: Failed to initialize lexicon trie
08-02 00:49:27.194  1490  2143 E AiAiEcho: Reading elements from Geller failed with cause
08-02 00:49:27.194  1490  2143 E AiAiEcho: ilw: Code: UNKNOWN, Message: Geller data fetch is not enabled
08-02 00:49:27.194  1490  2143 E AiAiEcho: 	at imn.a(PG:17)
08-02 00:49:27.194  1490  2143 E AiAiEcho: 	at lhh.b(PG:20)
08-02 00:49:27.194  1490  2143 E AiAiEcho: 	at abge.g(PG:11)
08-02 00:49:27.194  1490  2143 E AiAiEcho: 	at kotlinx.coroutines.DispatchedTask.run(PG:112)
08-02 00:49:27.194  1490  2143 E AiAiEcho: 	at java.util.concurrent.Executors$RunnableAdapter.call(Executors.java:524)
08-02 00:49:27.194  1490  2143 E AiAiEcho: 	at xjo.a(PG:3)
08-02 00:49:27.194  1490  2143 E AiAiEcho: 	at xir.run(PG:19)
08-02 00:49:27.194  1490  2143 E AiAiEcho: 	at xjp.run(PG:5)
08-02 00:49:27.194  1490  2143 E AiAiEcho: 	at java.util.concurrent.Executors$RunnableAdapter.call(Executors.java:524)
08-02 00:49:27.194  1490  2143 E AiAiEcho: 	at java.util.concurrent.FutureTask.run(FutureTask.java:317)
08-02 00:49:27.194  1490  2143 E AiAiEcho: 	at java.util.concurrent.ScheduledThreadPoolExecutor$ScheduledFutureTask.run(ScheduledThreadPoolExecutor.java:348)
08-02 00:49:27.194  1490  2143 E AiAiEcho: 	at java.util.concurrent.ThreadPoolExecutor.runWorker(ThreadPoolExecutor.java:1156)
08-02 00:49:27.194  1490  2143 E AiAiEcho: 	at java.util.concurrent.ThreadPoolExecutor$Worker.run(ThreadPoolExecutor.java:651)
08-02 00:49:27.194  1490  2143 E AiAiEcho: 	at hxw.run(PG:221)
08-02 00:49:27.194  1490  2143 E AiAiEcho: 	at java.lang.Thread.run(Thread.java:1119)
08-02 00:49:27.316  2584  2618 E ashmem  : Pinning is deprecated since Android Q. Please use trim or other methods.
08-02 00:49:28.138  1121  1121 E SmsApplication: com.google.android.apps.messaging lost android:read_cell_broadcasts:  (fixing)
08-02 00:49:28.688  2874  2874 E ashmem  : Pinning is deprecated since Android Q. Please use trim or other methods.
08-02 00:49:29.121   200   211 E lowmemorykiller: process_mrelease 2584 failed: No such process
08-02 00:49:29.299  1121  1121 E SmsApplication: com.google.android.apps.messaging lost android:read_cell_broadcasts:  (fixing)
08-02 00:49:29.416  1654  2911 E IPCThreadState: Binder transaction failure. id: 73785, BR_*: 29189, error: -22 (Invalid argument)
08-02 00:49:29.677  1121  1121 E SatelliteController: registerForSatelliteModemStateChanged: mSatelliteSessionController is not initialized yet
08-02 00:49:30.396  1121  1121 E TelephonyProvider: internal sim-specific settings backup data file does not exist. Aborting restore
08-02 00:49:30.423  2941  2941 E id.gms.unstable: Not starting debugger since process cannot load the jdwp agent.
08-02 00:49:30.568  1250  1720 E IPCThreadState: Process seems to be sending too many oneway calls.
08-02 00:49:30.669   200   212 E lowmemorykiller: process_mrelease 1631 failed: No such process
08-02 00:49:30.674   475   475 E WVCdm   : [oemcrypto_adapter_dynamic.cpp(1352):ValidateOrInstallL1KeyboxOrCert] L1 not initialized. Falling back to L3
08-02 00:49:30.710   475   475 E WVCdm   : [oemcrypto_adapter_dynamic.cpp(1352):ValidateOrInstallL1KeyboxOrCert] L1 not initialized. Falling back to L3
08-02 00:49:31.046  2965  2965 E gle.android.tts: Not starting debugger since process cannot load the jdwp agent.
08-02 00:49:32.103  1250  1972 E ctxmgr  : [ShushGestureSensor] Context hub handle not found [CONTEXT service_id=47 ]
08-02 00:49:32.272   680   850 E AppOps  : attributionTag VCN not declared in manifest of android
08-02 00:49:32.396  1250  1972 E ctxmgr  : [ShushGestureSensor] Context hub handle not found [CONTEXT service_id=47 ]
08-02 00:49:32.463  2531  2887 E BugleRcs: RcsEngineLifecycleManagerV2: RcsServiceConnectionException was raised while waiting to connect to RcsEngineLifecycleServiceV2
08-02 00:49:32.463  2531  2887 E BugleRcs: cumf: RcsServiceConnectionException:com.google.android.rcs.client.lifecycle.RcsEngineLifecycleServiceV2:UNKNOWN
08-02 00:49:32.463  2531  2887 E BugleRcs: 	at culm.a(PG:54)
08-02 00:49:32.463  2531  2887 E BugleRcs: 	at kho.a(PG:19)
08-02 00:49:32.463  2531  2887 E BugleRcs: 	at culn.a(PG:14)
08-02 00:49:32.463  2531  2887 E BugleRcs: 	at elsk.a(PG:13)
08-02 00:49:32.463  2531  2887 E BugleRcs: 	at esfd.a(PG:3)
08-02 00:49:32.463  2531  2887 E BugleRcs: 	at eseb.run(PG:19)
08-02 00:49:32.463  2531  2887 E BugleRcs: 	at esff.run(PG:5)
08-02 00:49:32.463  2531  2887 E BugleRcs: 	at dubu.run(PG:7)
08-02 00:49:32.463  2531  2887 E BugleRcs: 	at java.util.concurrent.ThreadPoolExecutor.runWorker(ThreadPoolExecutor.java:1156)
08-02 00:49:32.463  2531  2887 E BugleRcs: 	at java.util.concurrent.ThreadPoolExecutor$Worker.run(ThreadPoolExecutor.java:651)
08-02 00:49:32.463  2531  2887 E BugleRcs: 	at dubb.run(PG:6)
08-02 00:49:32.463  2531  2887 E BugleRcs: 	at java.lang.Thread.run(Thread.java:1119)
08-02 00:49:32.463  2531  2887 E BugleRcs: 	at ducv.run(PG:61)
08-02 00:49:32.477  1121  1348 E SmsApplication: com.google.android.apps.messaging lost android:read_cell_broadcasts:  (fixing)
08-02 00:49:32.492  2531  2887 E BugleRcs: RcsEngineLifecycleManagerV2: RcsServiceConnectionException was raised while waiting to connect to RcsEngineLifecycleServiceV2
08-02 00:49:32.492  2531  2887 E BugleRcs: cumf: RcsServiceConnectionException:com.google.android.rcs.client.lifecycle.RcsEngineLifecycleServiceV2:UNKNOWN
08-02 00:49:32.492  2531  2887 E BugleRcs: 	at culm.a(PG:54)
08-02 00:49:32.492  2531  2887 E BugleRcs: 	at kho.a(PG:19)
08-02 00:49:32.492  2531  2887 E BugleRcs: 	at culn.a(PG:14)
08-02 00:49:32.492  2531  2887 E BugleRcs: 	at elsk.a(PG:13)
08-02 00:49:32.492  2531  2887 E BugleRcs: 	at esfd.a(PG:3)
08-02 00:49:32.492  2531  2887 E BugleRcs: 	at eseb.run(PG:19)
08-02 00:49:32.492  2531  2887 E BugleRcs: 	at esff.run(PG:5)
08-02 00:49:32.492  2531  2887 E BugleRcs: 	at dubu.run(PG:7)
08-02 00:49:32.492  2531  2887 E BugleRcs: 	at java.util.concurrent.ThreadPoolExecutor.runWorker(ThreadPoolExecutor.java:1156)
08-02 00:49:32.492  2531  2887 E BugleRcs: 	at java.util.concurrent.ThreadPoolExecutor$Worker.run(ThreadPoolExecutor.java:651)
08-02 00:49:32.492  2531  2887 E BugleRcs: 	at dubb.run(PG:6)
08-02 00:49:32.492  2531  2887 E BugleRcs: 	at java.lang.Thread.run(Thread.java:1119)
08-02 00:49:32.492  2531  2887 E BugleRcs: 	at ducv.run(PG:61)
08-02 00:49:32.531  2874  3005 E ActivityThread: Failed to find provider info for androidx.car.app.connection
08-02 00:49:32.544  1121  1345 E TelephonyConfigUpdateInstallReceiver: Failed to read current content : /data/misc/telephonyconfig/valid_telephony_config.pb
08-02 00:49:32.617  2531  2887 E BugleRcs: RcsEngineLifecycleManagerV2: RcsServiceConnectionException was raised while waiting to connect to RcsEngineLifecycleServiceV2
08-02 00:49:32.617  2531  2887 E BugleRcs: cumf: RcsServiceConnectionException:com.google.android.rcs.client.lifecycle.RcsEngineLifecycleServiceV2:UNKNOWN
08-02 00:49:32.617  2531  2887 E BugleRcs: 	at culm.a(PG:54)
08-02 00:49:32.617  2531  2887 E BugleRcs: 	at kho.a(PG:19)
08-02 00:49:32.617  2531  2887 E BugleRcs: 	at culn.a(PG:14)
08-02 00:49:32.617  2531  2887 E BugleRcs: 	at elsk.a(PG:13)
08-02 00:49:32.617  2531  2887 E BugleRcs: 	at esfd.a(PG:3)
08-02 00:49:32.617  2531  2887 E BugleRcs: 	at eseb.run(PG:19)
08-02 00:49:32.617  2531  2887 E BugleRcs: 	at esff.run(PG:5)
08-02 00:49:32.617  2531  2887 E BugleRcs: 	at dubu.run(PG:7)
08-02 00:49:32.617  2531  2887 E BugleRcs: 	at java.util.concurrent.ThreadPoolExecutor.runWorker(ThreadPoolExecutor.java:1156)
08-02 00:49:32.617  2531  2887 E BugleRcs: 	at java.util.concurrent.ThreadPoolExecutor$Worker.run(ThreadPoolExecutor.java:651)
08-02 00:49:32.617  2531  2887 E BugleRcs: 	at dubb.run(PG:6)
08-02 00:49:32.617  2531  2887 E BugleRcs: 	at java.lang.Thread.run(Thread.java:1119)
08-02 00:49:32.617  2531  2887 E BugleRcs: 	at ducv.run(PG:61)
08-02 00:49:32.624  2531  2888 E BugleRcs: RcsEngineLifecycleManagerV2: RcsServiceConnectionException was raised while waiting to connect to RcsEngineLifecycleServiceV2
08-02 00:49:32.624  2531  2888 E BugleRcs: cumf: RcsServiceConnectionException:com.google.android.rcs.client.lifecycle.RcsEngineLifecycleServiceV2:UNKNOWN
08-02 00:49:32.624  2531  2888 E BugleRcs: 	at culm.a(PG:54)
08-02 00:49:32.624  2531  2888 E BugleRcs: 	at kho.a(PG:19)
08-02 00:49:32.624  2531  2888 E BugleRcs: 	at culn.a(PG:14)
08-02 00:49:32.624  2531  2888 E BugleRcs: 	at elsk.a(PG:13)
08-02 00:49:32.624  2531  2888 E BugleRcs: 	at esfd.a(PG:3)
08-02 00:49:32.624  2531  2888 E BugleRcs: 	at eseb.run(PG:19)
08-02 00:49:32.624  2531  2888 E BugleRcs: 	at esff.run(PG:5)
08-02 00:49:32.624  2531  2888 E BugleRcs: 	at dubu.run(PG:7)
08-02 00:49:32.624  2531  2888 E BugleRcs: 	at java.util.concurrent.ThreadPoolExecutor.runWorker(ThreadPoolExecutor.java:1156)
08-02 00:49:32.624  2531  2888 E BugleRcs: 	at java.util.concurrent.ThreadPoolExecutor$Worker.run(ThreadPoolExecutor.java:651)
08-02 00:49:32.624  2531  2888 E BugleRcs: 	at dubb.run(PG:6)
08-02 00:49:32.624  2531  2888 E BugleRcs: 	at java.lang.Thread.run(Thread.java:1119)
08-02 00:49:32.624  2531  2888 E BugleRcs: 	at ducv.run(PG:61)
08-02 00:49:32.742  1121  1345 E TelephonyConfigUpdateInstallReceiver: Failed to read current content : /data/misc/telephonyconfig/valid_telephony_config.pb
08-02 00:49:32.813  1896  2165 E Finsky  : [44] setup::PAI: Error prefetching preloads, using account=null, response=null
08-02 00:49:32.813  1896  2165 E Finsky  : com.google.android.finsky.setup.fetchers.RawDocumentsFetchException[reason=pai_config, account=null]
08-02 00:49:32.813  1896  2165 E Finsky  : 	at aviz.v(PG:83)
08-02 00:49:32.813  1896  2165 E Finsky  : 	at alkp.c(PG:67)
08-02 00:49:32.813  1896  2165 E Finsky  : 	at aicz.call(PG:480)
08-02 00:49:32.813  1896  2165 E Finsky  : 	at bevf.a(PG:3)
08-02 00:49:32.813  1896  2165 E Finsky  : 	at beuk.run(PG:19)
08-02 00:49:32.813  1896  2165 E Finsky  : 	at bevg.run(PG:5)
08-02 00:49:32.813  1896  2165 E Finsky  : 	at java.util.concurrent.ThreadPoolExecutor.runWorker(ThreadPoolExecutor.java:1156)
08-02 00:49:32.813  1896  2165 E Finsky  : 	at java.util.concurrent.ThreadPoolExecutor$Worker.run(ThreadPoolExecutor.java:651)
08-02 00:49:32.813  1896  2165 E Finsky  : 	at bfrc.run(PG:59)
08-02 00:49:32.813  1896  2165 E Finsky  : 	at java.lang.Thread.run(Thread.java:1119)
08-02 00:49:32.819  2531  2888 E BugleRcs: RcsEngineLifecycleManagerV2: RcsServiceConnectionException was raised while waiting to connect to RcsEngineLifecycleServiceV2
08-02 00:49:32.819  2531  2888 E BugleRcs: cumf: RcsServiceConnectionException:com.google.android.rcs.client.lifecycle.RcsEngineLifecycleServiceV2:UNKNOWN
08-02 00:49:32.819  2531  2888 E BugleRcs: 	at culm.a(PG:54)
08-02 00:49:32.819  2531  2888 E BugleRcs: 	at kho.a(PG:19)
08-02 00:49:32.819  2531  2888 E BugleRcs: 	at culn.a(PG:14)
08-02 00:49:32.819  2531  2888 E BugleRcs: 	at elsk.a(PG:13)
08-02 00:49:32.819  2531  2888 E BugleRcs: 	at esfd.a(PG:3)
08-02 00:49:32.819  2531  2888 E BugleRcs: 	at eseb.run(PG:19)
08-02 00:49:32.819  2531  2888 E BugleRcs: 	at esff.run(PG:5)
08-02 00:49:32.819  2531  2888 E BugleRcs: 	at dubu.run(PG:7)
08-02 00:49:32.819  2531  2888 E BugleRcs: 	at java.util.concurrent.ThreadPoolExecutor.runWorker(ThreadPoolExecutor.java:1156)
08-02 00:49:32.819  2531  2888 E BugleRcs: 	at java.util.concurrent.ThreadPoolExecutor$Worker.run(ThreadPoolExecutor.java:651)
08-02 00:49:32.819  2531  2888 E BugleRcs: 	at dubb.run(PG:6)
08-02 00:49:32.819  2531  2888 E BugleRcs: 	at java.lang.Thread.run(Thread.java:1119)
08-02 00:49:32.819  2531  2888 E BugleRcs: 	at ducv.run(PG:61)
08-02 00:49:32.820  2531  2888 E BugleRcs: RcsEngineLifecycleManagerV2: RcsServiceConnectionException was raised while waiting to connect to RcsEngineLifecycleServiceV2
08-02 00:49:32.820  2531  2888 E BugleRcs: cumf: RcsServiceConnectionException:com.google.android.rcs.client.lifecycle.RcsEngineLifecycleServiceV2:UNKNOWN
08-02 00:49:32.820  2531  2888 E BugleRcs: 	at culm.a(PG:54)
08-02 00:49:32.820  2531  2888 E BugleRcs: 	at kho.a(PG:19)
08-02 00:49:32.820  2531  2888 E BugleRcs: 	at culn.a(PG:14)
08-02 00:49:32.820  2531  2888 E BugleRcs: 	at elsk.a(PG:13)
08-02 00:49:32.820  2531  2888 E BugleRcs: 	at esfd.a(PG:3)
08-02 00:49:32.820  2531  2888 E BugleRcs: 	at eseb.run(PG:19)
08-02 00:49:32.820  2531  2888 E BugleRcs: 	at esff.run(PG:5)
08-02 00:49:32.820  2531  2888 E BugleRcs: 	at dubu.run(PG:7)
08-02 00:49:32.820  2531  2888 E BugleRcs: 	at java.util.concurrent.ThreadPoolExecutor.runWorker(ThreadPoolExecutor.java:1156)
08-02 00:49:32.820  2531  2888 E BugleRcs: 	at java.util.concurrent.ThreadPoolExecutor$Worker.run(ThreadPoolExecutor.java:651)
08-02 00:49:32.820  2531  2888 E BugleRcs: 	at dubb.run(PG:6)
08-02 00:49:32.820  2531  2888 E BugleRcs: 	at java.lang.Thread.run(Thread.java:1119)
08-02 00:49:32.820  2531  2888 E BugleRcs: 	at ducv.run(PG:61)
08-02 00:49:32.860  1121  1345 E SatelliteController: registerForSatelliteCommunicationAccessStateChanged: SatelliteManager is null
08-02 00:49:32.861  2531  2887 E BugleRcs: RcsEngineLifecycleManagerV2: RcsServiceConnectionException was raised while waiting to connect to RcsEngineLifecycleServiceV2
08-02 00:49:32.861  2531  2887 E BugleRcs: cumf: RcsServiceConnectionException:com.google.android.rcs.client.lifecycle.RcsEngineLifecycleServiceV2:UNKNOWN
08-02 00:49:32.861  2531  2887 E BugleRcs: 	at culm.a(PG:54)
08-02 00:49:32.861  2531  2887 E BugleRcs: 	at kho.a(PG:19)
08-02 00:49:32.861  2531  2887 E BugleRcs: 	at culn.a(PG:14)
08-02 00:49:32.861  2531  2887 E BugleRcs: 	at elsk.a(PG:13)
08-02 00:49:32.861  2531  2887 E BugleRcs: 	at esfd.a(PG:3)
08-02 00:49:32.861  2531  2887 E BugleRcs: 	at eseb.run(PG:19)
08-02 00:49:32.861  2531  2887 E BugleRcs: 	at esff.run(PG:5)
08-02 00:49:32.861  2531  2887 E BugleRcs: 	at dubu.run(PG:7)
08-02 00:49:32.861  2531  2887 E BugleRcs: 	at java.util.concurrent.ThreadPoolExecutor.runWorker(ThreadPoolExecutor.java:1156)
08-02 00:49:32.861  2531  2887 E BugleRcs: 	at java.util.concurrent.ThreadPoolExecutor$Worker.run(ThreadPoolExecutor.java:651)
08-02 00:49:32.861  2531  2887 E BugleRcs: 	at dubb.run(PG:6)
08-02 00:49:32.861  2531  2887 E BugleRcs: 	at java.lang.Thread.run(Thread.java:1119)
08-02 00:49:32.861  2531  2887 E BugleRcs: 	at ducv.run(PG:61)
08-02 00:49:32.887  2531  2888 E BugleRcs: RcsEngineLifecycleManagerV2: RcsServiceConnectionException was raised while waiting to connect to RcsEngineLifecycleServiceV2
08-02 00:49:32.887  2531  2888 E BugleRcs: cumf: RcsServiceConnectionException:com.google.android.rcs.client.lifecycle.RcsEngineLifecycleServiceV2:UNKNOWN
08-02 00:49:32.887  2531  2888 E BugleRcs: 	at culm.a(PG:54)
08-02 00:49:32.887  2531  2888 E BugleRcs: 	at kho.a(PG:19)
08-02 00:49:32.887  2531  2888 E BugleRcs: 	at culn.a(PG:14)
08-02 00:49:32.887  2531  2888 E BugleRcs: 	at elsk.a(PG:13)
08-02 00:49:32.887  2531  2888 E BugleRcs: 	at esfd.a(PG:3)
08-02 00:49:32.887  2531  2888 E BugleRcs: 	at eseb.run(PG:19)
08-02 00:49:32.887  2531  2888 E BugleRcs: 	at esff.run(PG:5)
08-02 00:49:32.887  2531  2888 E BugleRcs: 	at dubu.run(PG:7)
08-02 00:49:32.887  2531  2888 E BugleRcs: 	at java.util.concurrent.ThreadPoolExecutor.runWorker(ThreadPoolExecutor.java:1156)
08-02 00:49:32.887  2531  2888 E BugleRcs: 	at java.util.concurrent.ThreadPoolExecutor$Worker.run(ThreadPoolExecutor.java:651)
08-02 00:49:32.887  2531  2888 E BugleRcs: 	at dubb.run(PG:6)
08-02 00:49:32.887  2531  2888 E BugleRcs: 	at java.lang.Thread.run(Thread.java:1119)
08-02 00:49:32.887  2531  2888 E BugleRcs: 	at ducv.run(PG:61)
08-02 00:49:32.929  1121  1345 E SatelliteModemInterface: setSatellitePlmn: Satellite service is unavailable.
08-02 00:49:32.945  1121  1345 E SatelliteController: registerForSatelliteCommunicationAccessStateChanged: SatelliteManager is null
08-02 00:49:32.997  1121  1345 E SatelliteModemInterface: requestIsSatelliteEnabledForCarrier: Satellite service is unavailable.
08-02 00:49:32.997  1121  1345 E SatelliteServiceUtils: handleSetSatellitePlmnInfoCmd SatelliteException: android.telephony.satellite.SatelliteManager$SatelliteException
08-02 00:49:33.029  1121  1345 E SatelliteController: EVENT_GET_SATELLITE_ENABLED_FOR_CARRIER_DONE: result is null
08-02 00:49:33.154  2874  2959 E PhenotypeFlagCommitter: Retrieving snapshot for com.google.android.dialer failed
08-02 00:49:33.154  2874  2959 E PhenotypeFlagCommitter: java.util.concurrent.TimeoutException: Timed out waiting for Task
08-02 00:49:33.154  2874  2959 E PhenotypeFlagCommitter: 	at ttj.o(PG:48)
08-02 00:49:33.154  2874  2959 E PhenotypeFlagCommitter: 	at uac.c(PG:15)
08-02 00:49:33.154  2874  2959 E PhenotypeFlagCommitter: 	at uac.d(PG:38)
08-02 00:49:33.154  2874  2959 E PhenotypeFlagCommitter: 	at nmf.call(PG:149)
08-02 00:49:33.154  2874  2959 E PhenotypeFlagCommitter: 	at aakn.call(PG:17)
08-02 00:49:33.154  2874  2959 E PhenotypeFlagCommitter: 	at aanf.a(PG:3)
08-02 00:49:33.154  2874  2959 E PhenotypeFlagCommitter: 	at aamh.run(PG:19)
08-02 00:49:33.154  2874  2959 E PhenotypeFlagCommitter: 	at aang.run(PG:5)
08-02 00:49:33.154  2874  2959 E PhenotypeFlagCommitter: 	at umz.run(PG:7)
08-02 00:49:33.154  2874  2959 E PhenotypeFlagCommitter: 	at java.util.concurrent.ThreadPoolExecutor.runWorker(ThreadPoolExecutor.java:1156)
08-02 00:49:33.154  2874  2959 E PhenotypeFlagCommitter: 	at java.util.concurrent.ThreadPoolExecutor$Worker.run(ThreadPoolExecutor.java:651)
08-02 00:49:33.154  2874  2959 E PhenotypeFlagCommitter: 	at tdt.run(PG:78)
08-02 00:49:33.154  2874  2959 E PhenotypeFlagCommitter: 	at ubo.run(PG:476)
08-02 00:49:33.154  2874  2959 E PhenotypeFlagCommitter: 	at java.lang.Thread.run(Thread.java:1119)
08-02 00:49:33.154  2874  2959 E PhenotypeFlagCommitter: 	at uoe.run(PG:61)
08-02 00:49:33.270   680  1238 E AppOps  : attributionTag VCN not declared in manifest of android
08-02 00:49:33.832  2965  3045 E ashmem  : Pinning is deprecated since Android Q. Please use trim or other methods.
08-02 00:49:34.252  1068  1204 E SystemServiceRegistry: No service published for: ethernet
08-02 00:49:34.252  1068  1204 E SystemServiceRegistry: android.os.ServiceManager$ServiceNotFoundException: No service published for: ethernet
08-02 00:49:34.252  1068  1204 E SystemServiceRegistry: 	at android.os.ServiceManager.getServiceOrThrow(ServiceManager.java:203)
08-02 00:49:34.252  1068  1204 E SystemServiceRegistry: 	at android.app.SystemServiceRegistry$149.createService(SystemServiceRegistry.java:2232)
08-02 00:49:34.252  1068  1204 E SystemServiceRegistry: 	at android.app.SystemServiceRegistry$CachedServiceFetcher.getService(SystemServiceRegistry.java:2343)
08-02 00:49:34.252  1068  1204 E SystemServiceRegistry: 	at android.app.SystemServiceRegistry.getSystemService(SystemServiceRegistry.java:1918)
08-02 00:49:34.252  1068  1204 E SystemServiceRegistry: 	at android.app.ContextImpl.getSystemService(ContextImpl.java:2315)
08-02 00:49:34.252  1068  1204 E SystemServiceRegistry: 	at android.content.ContextWrapper.getSystemService(ContextWrapper.java:964)
08-02 00:49:34.252  1068  1204 E SystemServiceRegistry: 	at com.android.networkstack.tethering.Tethering.isEthernetSupported(Tethering.java:1862)
08-02 00:49:34.252  1068  1204 E SystemServiceRegistry: 	at com.android.networkstack.tethering.Tethering.makeSupportedDownstreams(Tethering.java:2843)
08-02 00:49:34.252  1068  1204 E SystemServiceRegistry: 	at com.android.networkstack.tethering.Tethering.updateSupportedDownstreams(Tethering.java:2817)
08-02 00:49:34.252  1068  1204 E SystemServiceRegistry: 	at com.android.networkstack.tethering.Tethering.updateConfiguration(Tethering.java:564)
08-02 00:49:34.252  1068  1204 E SystemServiceRegistry: 	at com.android.networkstack.tethering.Tethering.lambda$new$4(Tethering.java:357)
08-02 00:49:34.252  1068  1204 E SystemServiceRegistry: 	at com.android.networkstack.tethering.Tethering.$r8$lambda$4V1rGOzF7AkW0XBFoABAQmt9cHM(Tethering.java:0)
08-02 00:49:34.252  1068  1204 E SystemServiceRegistry: 	at com.android.networkstack.tethering.Tethering$$ExternalSyntheticLambda10.accept(R8$$SyntheticClass:0)
08-02 00:49:34.252  1068  1204 E SystemServiceRegistry: 	at com.android.networkstack.tethering.util.VersionedBroadcastListener$Receiver.lambda$onReceive$0(VersionedBroadcastListener.java:107)
08-02 00:49:34.252  1068  1204 E SystemServiceRegistry: 	at com.android.networkstack.tethering.util.VersionedBroadcastListener$Receiver.$r8$lambda$_Z7KkSifencKcebyQaai-Spxf2M(VersionedBroadcastListener.java:0)
08-02 00:49:34.252  1068  1204 E SystemServiceRegistry: 	at com.android.networkstack.tethering.util.VersionedBroadcastListener$Receiver$$ExternalSyntheticLambda0.run(R8$$SyntheticClass:0)
08-02 00:49:34.252  1068  1204 E SystemServiceRegistry: 	at android.os.Handler.handleCallback(Handler.java:995)
08-02 00:49:34.252  1068  1204 E SystemServiceRegistry: 	at android.os.Handler.dispatchMessage(Handler.java:103)
08-02 00:49:34.252  1068  1204 E SystemServiceRegistry: 	at android.os.Looper.loopOnce(Looper.java:248)
08-02 00:49:34.252  1068  1204 E SystemServiceRegistry: 	at android.os.Looper.loop(Looper.java:338)
08-02 00:49:34.252  1068  1204 E SystemServiceRegistry: 	at android.os.HandlerThread.run(HandlerThread.java:85)
08-02 00:49:34.335  1490  2032 E AiAiEcho: EchoSearch: SettingsFetcherImpl: DB already exists.
08-02 00:49:34.636  1250  1812 E gguz    : RuntimeException while executing runnable ggvo{ajli@b2d9846} with executor MoreExecutors.directExecutor()
08-02 00:49:34.636  1250  1812 E gguz    : java.lang.NullPointerException: Attempt to get length of null array
08-02 00:49:34.636  1250  1812 E gguz    : 	at android.util.Base64.encode(Base64.java:497)
08-02 00:49:34.636  1250  1812 E gguz    : 	at android.util.Base64.encodeToString(Base64.java:459)
08-02 00:49:34.636  1250  1812 E gguz    : 	at com.google.android.gms.auth.proximity.RemoteDevice.a(:com.google.android.gms@252834038@25.28.34 (260800-787197649):3)
08-02 00:49:34.636  1250  1812 E gguz    : 	at ajli.b(:com.google.android.gms@252834038@25.28.34 (260800-787197649):3)
08-02 00:49:34.636  1250  1812 E gguz    : 	at ggvo.run(:com.google.android.gms@252834038@25.28.34 (260800-787197649):29)
08-02 00:49:34.636  1250  1812 E gguz    : 	at gguv.execute(:com.google.android.gms@252834038@25.28.34 (260800-787197649):1)
08-02 00:49:34.636  1250  1812 E gguz    : 	at gguz.c(:com.google.android.gms@252834038@25.28.34 (260800-787197649):1)
08-02 00:49:34.636  1250  1812 E gguz    : 	at gguz.b(:com.google.android.gms@252834038@25.28.34 (260800-787197649):32)
08-02 00:49:34.636  1250  1812 E gguz    : 	at azqt.done(:com.google.android.gms@252834038@25.28.34 (260800-787197649):6)
08-02 00:49:34.636  1250  1812 E gguz    : 	at java.util.concurrent.FutureTask.finishCompletion(FutureTask.java:434)
08-02 00:49:34.636  1250  1812 E gguz    : 	at java.util.concurrent.FutureTask.set(FutureTask.java:285)
08-02 00:49:34.636  1250  1812 E gguz    : 	at java.util.concurrent.FutureTask.run(FutureTask.java:325)
08-02 00:49:34.636  1250  1812 E gguz    : 	at azqo.c(:com.google.android.gms@252834038@25.28.34 (260800-787197649):50)
08-02 00:49:34.636  1250  1812 E gguz    : 	at azqo.run(:com.google.android.gms@252834038@25.28.34 (260800-787197649):70)
08-02 00:49:34.636  1250  1812 E gguz    : 	at java.util.concurrent.ThreadPoolExecutor.runWorker(ThreadPoolExecutor.java:1156)
08-02 00:49:34.636  1250  1812 E gguz    : 	at java.util.concurrent.ThreadPoolExecutor$Worker.run(ThreadPoolExecutor.java:651)
08-02 00:49:34.636  1250  1812 E gguz    : 	at azwg.run(:com.google.android.gms@252834038@25.28.34 (260800-787197649):8)
08-02 00:49:34.636  1250  1812 E gguz    : 	at java.lang.Thread.run(Thread.java:1119)
08-02 00:49:34.790  3064  3064 E gedprovisioning: Not starting debugger since process cannot load the jdwp agent.
08-02 00:49:34.934  1149  1149 E ashmem  : Pinning is deprecated since Android Q. Please use trim or other methods.
08-02 00:49:35.398  3064  3064 E ashmem  : Pinning is deprecated since Android Q. Please use trim or other methods.
08-02 00:49:35.404  3092  3092 E viders.calendar: Not starting debugger since process cannot load the jdwp agent.
08-02 00:49:35.867  1121  1121 E SatelliteController: registerForSatelliteModemStateChanged: mSatelliteSessionController is not initialized yet
08-02 00:49:35.868  1121  1121 E SatelliteController: registerForSatelliteModemStateChanged: mSatelliteSessionController is not initialized yet
08-02 00:49:35.937  1654  2117 E CastAuth: [CastAuthModuleInitIntent] Feature is not available, reason = CastAuth feature is disabled on this 1p device.. [CONTEXT service_id=360 ]
08-02 00:49:36.066  1121  1345 E SatelliteController: registerForSatelliteCommunicationAccessStateChanged: SatelliteManager is null
08-02 00:49:36.168  3092  3092 E ashmem  : Pinning is deprecated since Android Q. Please use trim or other methods.
08-02 00:49:36.411  1654  2115 E IPCThreadState: Binder transaction failure. id: 83347, BR_*: 29201, error: -28 (No space left on device)
08-02 00:49:36.412  1654  2115 E JavaBinder: !!! FAILED BINDER TRANSACTION !!!  (parcel size = 1056768)
08-02 00:49:36.795  3119  3119 E m.android.shell: Not starting debugger since process cannot load the jdwp agent.
08-02 00:49:37.035  1149  3091 E saftm   : mmap.cc:249: Error during Unmap / munmap: Invalid argument
08-02 00:49:37.350  2965  3052 E tflite  : third_party/tensorflow/lite/core/subgraph.cc:1062 tensor.data.raw != nullptr was not true.
08-02 00:49:37.595  1121  1121 E CarrierKeyDownloadManager [0]: handleAlarmOrConfigChange ActiveSubscriptionInfoList = 1
08-02 00:49:38.477  3142  3142 E droid.apps.docs: Not starting debugger since process cannot load the jdwp agent.
08-02 00:49:38.505  1654  2907 E PhenotypeFlagCommitter: Retrieving snapshot for com.google.android.gms.playlog.uploader failed
08-02 00:49:38.505  1654  2907 E PhenotypeFlagCommitter: java.util.concurrent.TimeoutException: Timed out waiting for Task
08-02 00:49:38.505  1654  2907 E PhenotypeFlagCommitter: 	at erir.o(:com.google.android.gms@252834038@25.28.34 (260800-787197649):53)
08-02 00:49:38.505  1654  2907 E PhenotypeFlagCommitter: 	at eeps.f(:com.google.android.gms@252834038@25.28.34 (260800-787197649):11)
08-02 00:49:38.505  1654  2907 E PhenotypeFlagCommitter: 	at eeps.j(:com.google.android.gms@252834038@25.28.34 (260800-787197649):42)
08-02 00:49:38.505  1654  2907 E PhenotypeFlagCommitter: 	at eeps.h(:com.google.android.gms@252834038@25.28.34 (260800-787197649):4)
08-02 00:49:38.505  1654  2907 E PhenotypeFlagCommitter: 	at com.google.android.gms.clearcut.init.ClearcutInitChimeraIntentService.b(:com.google.android.gms@252834038@25.28.34 (260800-787197649):60)
08-02 00:49:38.505  1654  2907 E PhenotypeFlagCommitter: 	at augf.onHandleIntent(:com.google.android.gms@252834038@25.28.34 (260800-787197649):58)
08-02 00:49:38.505  1654  2907 E PhenotypeFlagCommitter: 	at com.google.android.gms.clearcut.init.DefaultPriorityClearcutInitChimeraIntentService.onHandleIntent(:com.google.android.gms@252834038@25.28.34 (260800-787197649):11)
08-02 00:49:38.505  1654  2907 E PhenotypeFlagCommitter: 	at com.google.android.chimera.IntentOperation.onHandleIntent(:com.google.android.gms@252834038@25.28.34 (260800-787197649):2)
08-02 00:49:38.505  1654  2907 E PhenotypeFlagCommitter: 	at aumb.onHandleIntent(:com.google.android.gms@252834038@25.28.34 (260800-787197649):8)
08-02 00:49:38.505  1654  2907 E PhenotypeFlagCommitter: 	at vxi.run(:com.google.android.gms@252834038@25.28.34 (260800-787197649):64)
08-02 00:49:38.505  1654  2907 E PhenotypeFlagCommitter: 	at vxh.run(:com.google.android.gms@252834038@25.28.34 (260800-787197649):132)
08-02 00:49:38.505  1654  2907 E PhenotypeFlagCommitter: 	at fyrx.run(:com.google.android.gms@252834038@25.28.34 (260800-787197649):21)
08-02 00:49:38.505  1654  2907 E PhenotypeFlagCommitter: 	at java.util.concurrent.ThreadPoolExecutor.runWorker(ThreadPoolExecutor.java:1156)
08-02 00:49:38.505  1654  2907 E PhenotypeFlagCommitter: 	at java.util.concurrent.ThreadPoolExecutor$Worker.run(ThreadPoolExecutor.java:651)
08-02 00:49:38.505  1654  2907 E PhenotypeFlagCommitter: 	at java.lang.Thread.run(Thread.java:1119)
08-02 00:49:39.778  2531  2888 E BugleRcs: RcsEngineLifecycleManagerV2: RcsServiceConnectionException was raised while waiting to connect to RcsEngineLifecycleServiceV2
08-02 00:49:39.778  2531  2888 E BugleRcs: cumf: RcsServiceConnectionException:com.google.android.rcs.client.lifecycle.RcsEngineLifecycleServiceV2:UNKNOWN
08-02 00:49:39.778  2531  2888 E BugleRcs: 	at culm.a(PG:54)
08-02 00:49:39.778  2531  2888 E BugleRcs: 	at kho.a(PG:19)
08-02 00:49:39.778  2531  2888 E BugleRcs: 	at culn.a(PG:14)
08-02 00:49:39.778  2531  2888 E BugleRcs: 	at elsk.a(PG:13)
08-02 00:49:39.778  2531  2888 E BugleRcs: 	at esfd.a(PG:3)
08-02 00:49:39.778  2531  2888 E BugleRcs: 	at eseb.run(PG:19)
08-02 00:49:39.778  2531  2888 E BugleRcs: 	at esff.run(PG:5)
08-02 00:49:39.778  2531  2888 E BugleRcs: 	at dubu.run(PG:7)
08-02 00:49:39.778  2531  2888 E BugleRcs: 	at java.util.concurrent.ThreadPoolExecutor.runWorker(ThreadPoolExecutor.java:1156)
08-02 00:49:39.778  2531  2888 E BugleRcs: 	at java.util.concurrent.ThreadPoolExecutor$Worker.run(ThreadPoolExecutor.java:651)
08-02 00:49:39.778  2531  2888 E BugleRcs: 	at dubb.run(PG:6)
08-02 00:49:39.778  2531  2888 E BugleRcs: 	at java.lang.Thread.run(Thread.java:1119)
08-02 00:49:39.778  2531  2888 E BugleRcs: 	at ducv.run(PG:61)
08-02 00:49:39.802  2531  2887 E BugleRcs: RcsEngineLifecycleManagerV2: RcsServiceConnectionException was raised while waiting to connect to RcsEngineLifecycleServiceV2
08-02 00:49:39.802  2531  2887 E BugleRcs: cumf: RcsServiceConnectionException:com.google.android.rcs.client.lifecycle.RcsEngineLifecycleServiceV2:UNKNOWN
08-02 00:49:39.802  2531  2887 E BugleRcs: 	at culm.a(PG:54)
08-02 00:49:39.802  2531  2887 E BugleRcs: 	at kho.a(PG:19)
08-02 00:49:39.802  2531  2887 E BugleRcs: 	at culn.a(PG:14)
08-02 00:49:39.802  2531  2887 E BugleRcs: 	at elsk.a(PG:13)
08-02 00:49:39.802  2531  2887 E BugleRcs: 	at esfd.a(PG:3)
08-02 00:49:39.802  2531  2887 E BugleRcs: 	at eseb.run(PG:19)
08-02 00:49:39.802  2531  2887 E BugleRcs: 	at esff.run(PG:5)
08-02 00:49:39.802  2531  2887 E BugleRcs: 	at dubu.run(PG:7)
08-02 00:49:39.802  2531  2887 E BugleRcs: 	at java.util.concurrent.ThreadPoolExecutor.runWorker(ThreadPoolExecutor.java:1156)
08-02 00:49:39.802  2531  2887 E BugleRcs: 	at java.util.concurrent.ThreadPoolExecutor$Worker.run(ThreadPoolExecutor.java:651)
08-02 00:49:39.802  2531  2887 E BugleRcs: 	at dubb.run(PG:6)
08-02 00:49:39.802  2531  2887 E BugleRcs: 	at java.lang.Thread.run(Thread.java:1119)
08-02 00:49:39.802  2531  2887 E BugleRcs: 	at ducv.run(PG:61)
08-02 00:49:40.361  1605  2194 E ajwr    : Couldn't get logged in Google account.
08-02 00:49:40.883  1375  1808 E HandwritingSuperpacksUtil: HandwritingSuperpacksUtil.getPackMappingPackName():40 No pack mapping pack found in []
08-02 00:49:40.946   680   838 E MboOceController: onDataConnectionStateChanged unexpected State: 1
08-02 00:49:40.971   680   838 E WifiDataStall: onDataConnectionStateChanged unexpected State: 1
08-02 00:49:41.560   680   844 E ConnectivityService: exception in interfaceSetMtu()android.os.ServiceSpecificException: Remote I/O error (code 121)
08-02 00:49:42.254   432   507 E NetlinkEvent: NetlinkEvent::FindParam(): Parameter 'INTERFACE' not found
08-02 00:49:42.254   432   507 E NetlinkEvent: NetlinkEvent::FindParam(): Parameter 'STATE' not found
08-02 00:49:42.254   432   507 E NetlinkEvent: NetlinkEvent::FindParam(): Parameter 'TIME_NS' not found
08-02 00:49:42.254   432   507 E NetlinkEvent: NetlinkEvent::FindParam(): Parameter 'UID' not found
08-02 00:49:43.245  2941  3116 E ashmem  : Pinning is deprecated since Android Q. Please use trim or other methods.
08-02 00:49:43.745  3142  3215 E DocsApplication: from onCreate Completable for sending summary about blocked SyncRequests
08-02 00:49:43.745  3142  3215 E DocsApplication: java.lang.IllegalStateException
08-02 00:49:43.745  3142  3215 E DocsApplication: 	at gcl.i(PG:64)
08-02 00:49:43.745  3142  3215 E DocsApplication: 	at fpw.lambda$onCreate$2(PG:281)
08-02 00:49:43.745  3142  3215 E DocsApplication: 	at fpw.$r8$lambda$M-tqsz8QJK2QrqieVTlg-c3Lhbo(PG:1)
08-02 00:49:43.745  3142  3215 E DocsApplication: 	at fpv.run(PG:717)
08-02 00:49:43.745  3142  3215 E DocsApplication: 	at wql.d(PG:13)
08-02 00:49:43.745  3142  3215 E DocsApplication: 	at wnv.e(PG:3)
08-02 00:49:43.745  3142  3215 E DocsApplication: 	at wqt$a.run(PG:3)
08-02 00:49:43.745  3142  3215 E DocsApplication: 	at wog$a.run(PG:10)
08-02 00:49:43.745  3142  3215 E DocsApplication: 	at wuv.run(PG:14)
08-02 00:49:43.745  3142  3215 E DocsApplication: 	at wuv.call(PG:1)
08-02 00:49:43.745  3142  3215 E DocsApplication: 	at java.util.concurrent.FutureTask.run(FutureTask.java:317)
08-02 00:49:43.745  3142  3215 E DocsApplication: 	at java.util.concurrent.ScheduledThreadPoolExecutor$ScheduledFutureTask.run(ScheduledThreadPoolExecutor.java:348)
08-02 00:49:43.745  3142  3215 E DocsApplication: 	at java.util.concurrent.ThreadPoolExecutor.runWorker(ThreadPoolExecutor.java:1156)
08-02 00:49:43.745  3142  3215 E DocsApplication: 	at java.util.concurrent.ThreadPoolExecutor$Worker.run(ThreadPoolExecutor.java:651)
08-02 00:49:43.745  3142  3215 E DocsApplication: 	at java.lang.Thread.run(Thread.java:1119)
08-02 00:49:43.919  1605  2194 E ajwr    : Couldn't get logged in Google account.
08-02 00:49:44.065  3228  3228 E id.apps.restore: Not starting debugger since process cannot load the jdwp agent.
08-02 00:49:44.153  3142  3239 E ashmem  : Pinning is deprecated since Android Q. Please use trim or other methods.
08-02 00:49:45.027  3228  3256 E ashmem  : Pinning is deprecated since Android Q. Please use trim or other methods.
08-02 00:49:45.611  3261  3261 E .apps.safetyhub: Not starting debugger since process cannot load the jdwp agent.
08-02 00:49:45.849  1605  1605 E rdv     : onError
08-02 00:49:45.849  1605  1605 E rdv     : afvv: errorCode: 65561, engine: 2
08-02 00:49:45.849  1605  1605 E rdv     : 	at auki.a(PG:23)
08-02 00:49:45.849  1605  1605 E rdv     : 	at abhl.hv(PG:13)
08-02 00:49:45.849  1605  1605 E rdv     : 	at fyqd.e(PG:9)
08-02 00:49:45.849  1605  1605 E rdv     : 	at ahbi.d(PG:154)
08-02 00:49:45.849  1605  1605 E rdv     : 	at ahbi.iW(PG:26)
08-02 00:49:45.849  1605  1605 E rdv     : 	at abhm.c(PG:102)
08-02 00:49:45.849  1605  1605 E rdv     : 	at abhn.run(PG:1)
08-02 00:49:45.849  1605  1605 E rdv     : 	at java.util.concurrent.Executors$RunnableAdapter.call(Executors.java:524)
